 ****** PrimeSim HSPICE -- T-2022.06 win64 (May 20 2022 7637141) ******
  Copyright (c) 1986 - 2026 by Synopsys, Inc. All Rights Reserved.
  This software and the associated documentation are proprietary
  to Synopsys, Inc. This software may only be used in accordance
  with the terms and conditions of a written license agreement with
  Synopsys, Inc. All other use, reproduction, or distribution of
  this software is strictly prohibited.
  Input File: hspice_smoke\hspice_smoke.sp                                      
  Command line options: C:\synopsys\Hspice_T-2022.06\WIN64\hspice.com -i hspice_smoke\hspice_smoke.sp -o hspice_smoke\hspice_smoke
  Start time: Thu Jun  4 00:34:45 2026
  lic:  
  lic: FLEXlm: SDK_12.10 
  lic: USER:   sh3qm                HOSTNAME: rd78ece-emclab 
  lic: HOSTID: 00ff89f5aa52         PID:      6324 
  lic: Using FLEXlm license file: 
  lic: 1704@synopsys.lic.mst.edu 
  lic: Checkout 1 hspice 
  lic: License/Maintenance for hspice will expire on 26-may-2027/2026.03 
  lic: 1(in_use)/50(total) FLOATING license(s) on SERVER 1704@synopsys.lic.mst.e
 du 
  lic:   
  **info** (hspice_smoke\hspice_smoke.sp:3) DC voltage reset to initial transient source value in source 0:v1. new dc=0.0000D+00
  
      
 *****************************************************************
 ******  option summary
 ******
 runlvl  = 3         bypass  = 2.0000    
 **info** dc convergence successful at Newton-Raphson method 
1****** PrimeSim HSPICE -- T-2022.06 win64 (May 20 2022 7637141) ******
 ******  
 * minimal hspice smoke test

 ****** operating point information tnom=  25.000 temp=  25.000 ******
 ****** operating point status is voltage   simulation time is     0.     
    node    =voltage

 +0:in      =   0.     


          ***** job concluded
 ******  
 * minimal hspice smoke test

 ****** job statistics summary tnom=  25.000 temp=  25.000 ******

  ******  PrimeSim HSPICE Threads Information  ******

  Command Line Threads Count :     1
  Available CPU Count        :    12
  Actual Threads Count       :     1


  ******  Circuit Statistics  ******
  # nodes       =       2 # elements   =       2
  # resistors   =       1 # capacitors =       0 # inductors   =       0
  # mutual_inds =       0 # vccs       =       0 # vcvs        =       0
  # cccs        =       0 # ccvs       =       0 # volt_srcs   =       1
  # curr_srcs   =       0 # diodes     =       0 # bjts        =       0
  # jfets       =       0 # mosfets    =       0 # U elements  =       0
  # T elements  =       0 # W elements =       0 # B elements  =       0
  # S elements  =       0 # P elements =       0 # va device   =       0
  # vector_srcs =       0 # N elements =       0


  ******  Runtime Statistics (seconds)  ******

  analysis           time    # points   tot. iter  conv.iter
  op point           0.00           1           1
  transient          0.00          21          38          19 rev=         0
  readin             0.01
  errchk             0.00
  setup              0.00
  output             0.00


           peak memory used         71.27 megabytes
           total cpu time            0.02 seconds
           total elapsed time        0.16 seconds
           job started at     00:34:45 06/04/2026
           job ended   at     00:34:45 06/04/2026
           job total runtime         0.16 seconds


  lic: Release hspice token(s) 
 lic: total license checkout elapse time:        0.13(s)
