 ****** PrimeSim HSPICE -- T-2022.06 win64 (May 20 2022 7637141) ******
  Copyright (c) 1986 - 2026 by Synopsys, Inc. All Rights Reserved.
  This software and the associated documentation are proprietary
  to Synopsys, Inc. This software may only be used in accordance
  with the terms and conditions of a written license agreement with
  Synopsys, Inc. All other use, reproduction, or distribution of
  this software is strictly prohibited.
  Input File: simulation_input.sp                                               
  Command line options: C:\synopsys\Hspice_T-2022.06\WIN64\hspice.com -i simulation_input.sp -o simulation_hspice
  Start time: Thu Jun 18 13:46:05 2026
  lic:  
  lic: FLEXlm: SDK_12.10 
  lic: USER:   sh3qm                HOSTNAME: rd78ece-emclab 
  lic: HOSTID: 00ff89f5aa52         PID:      6976 
  lic: Using FLEXlm license file: 
  lic: 1704@synopsys.lic.mst.edu 
  lic: Checkout 1 hspice 
  lic: License/Maintenance for hspice will expire on 26-may-2027/2026.03 
  lic: 1(in_use)/50(total) FLOATING license(s) on SERVER 1704@synopsys.lic.mst.e
 du 
  lic:   
1****** PrimeSim HSPICE -- T-2022.06 win64 (May 20 2022 7637141) ******
 ******  
 * net list generated by topology workbench.

 ****** circuit name directory
 circuit number to circuit name directory
   number circuitname                     definition         multiplier
        0 main circuit
        1 x1.                             tx_abc_serdes      1.00 
        2 x2.                             tx_abc_serdes_test_fixture
                                                                 1.00 
        3 x1.x_speedxp_auto_tx_abc_serdes.
                                            speedxp_auto_tx_abc_serdes
                                                                 1.00 
        4 x1.x_speedxp_auto_tx_abc_serdes.x_speedxp_auto_6_st.
                                            stimulusout1p      1.00 
        5 x1.x_speedxp_auto_tx_abc_serdes.x_speedxp_auto_7_st.
                                            stimulusout1n      1.00 
  **info** (simulation_ibis_definition.sp:19) DC voltage reset to initial transient source value in source 4:v1. new dc=0.0000D+00
  **warning** (simulation_ibis_definition.sp:32) Inconsistent data between Ramp and PU/PD data : Falling Waveform, where File = C:\Program Files\Cadence\SPB_24.1\share\topxp\SerialLink\ibis_sparam_thru\scd_example.ibs, Model = sla_out
  
  **warning** (simulation_ibis_definition.sp:32) Inconsistent data between Ramp and PU/PD data : Rising Waveform, where File = C:\Program Files\Cadence\SPB_24.1\share\topxp\SerialLink\ibis_sparam_thru\scd_example.ibs, Model = sla_out
  
  
  **warning** No connections on node n3; Node ignored.
      
 *****************************************************************
 ******  option summary
 ******
 runlvl  = 3         bypass  = 2.0000    
  Opening plot unit= 79
 file=simulation_hspice.pa0

 **info** dc convergence successful at Newton-Raphson method 
 ******  
 * net list generated by topology workbench.

 ****** operating point information tnom=  25.000 temp=  25.000 ******
 ****** operating point status is voltage   simulation time is     0.     
    node    =voltage      node    =voltage      node    =voltage

 +0:n1      = 450.0000m 0:n2      = 950.0000m 0:n3      =   0.     
 +2:out_6   = 900.0000m 2:out_7   = 900.0000m 3:nd_in_6 =   0.     
 +3:nd_in_7 =   1.0000  3:pwrbus1_=   1.0000  3:pwrbus1_=   1.0000 

 ******
 * net list generated by topology workbench.

 ****** transient analysis tnom=  25.000 temp=  25.000 ******
x

 time         voltage   
             n1         
    0.        450.0000m 
    2.00000p  461.3427m 
    4.00000p  473.4101m 
    6.00000p  485.4609m 
    8.00000p  497.5117m 
   10.00000p  509.5467m 
   12.00000p  521.5692m 
   14.00000p  533.5905m 
   16.00000p  545.6056m 
   18.00000p  557.6207m 
   20.00000p  569.6358m 
   22.00000p  581.6501m 
   24.00000p  593.6625m 
   26.00000p  605.6750m 
   28.00000p  617.6873m 
   30.00000p  629.6995m 
   32.00000p  641.7116m 
   34.00000p  653.7237m 
   36.00000p  665.7357m 
   38.00000p  677.7478m 
   40.00000p  689.7598m 
   42.00000p  701.7718m 
   44.00000p  713.7838m 
   46.00000p  725.7959m 
   48.00000p  737.8079m 
   50.00000p  749.8199m 
   52.00000p  761.8319m 
   54.00000p  773.8439m 
   56.00000p  785.8559m 
   58.00000p  797.8679m 
   60.00000p  809.8799m 
   62.00000p  821.8920m 
   64.00000p  833.9040m 
   66.00000p  845.9160m 
   68.00000p  857.9280m 
   70.00000p  869.9400m 
   72.00000p  881.9520m 
   74.00000p  893.9640m 
   76.00000p  905.9760m 
   78.00000p  916.9485m 
   80.00000p  925.0289m 
   82.00000p  933.1093m 
   84.00000p  939.9901m 
   86.00000p  941.8656m 
   88.00000p  943.7411m 
   90.00000p  945.6166m 
   92.00000p  947.4921m 
   94.00000p  949.3676m 
   96.00000p  950.9838m 
   98.00000p  950.9022m 
  100.00000p  950.8207m 
  102.00000p  950.7391m 
  104.00000p  950.6576m 
  106.00000p  950.5761m 
  108.00000p  950.4945m 
  110.00000p  950.4130m 
  112.00000p  950.3314m 
  114.00000p  950.2499m 
  116.00000p  950.1684m 
  118.00000p  950.0868m 
  120.00000p  950.0053m 
  122.00000p  949.9237m 
  124.00000p  949.8422m 
  126.00000p  949.7607m 
  128.00000p  949.6791m 
  130.00000p  949.5976m 
  132.00000p  949.5160m 
  134.00000p  949.4345m 
  136.00000p  949.4832m 
  138.00000p  949.5782m 
  140.00000p  949.6732m 
  142.00000p  949.7681m 
  144.00000p  949.8631m 
  146.00000p  949.9581m 
  148.00000p  950.0530m 
  150.00000p  950.1085m 
  152.00000p  950.0994m 
  154.00000p  950.0902m 
  156.00000p  950.0810m 
  158.00000p  950.0719m 
  160.00000p  950.0627m 
  162.00000p  950.0535m 
  164.00000p  950.0444m 
  166.00000p  950.0352m 
  168.00000p  950.0260m 
  170.00000p  950.0169m 
  172.00000p  950.0077m 
  174.00000p  949.9986m 
  176.00000p  949.9894m 
  178.00000p  949.9802m 
  180.00000p  949.9711m 
  182.00000p  949.9619m 
  184.00000p  949.9527m 
  186.00000p  949.9436m 
  188.00000p  949.9344m 
  190.00000p  949.9370m 
  192.00000p  949.9405m 
  194.00000p  949.9440m 
  196.00000p  949.9474m 
  198.00000p  949.9509m 
  200.00000p  949.9543m 
  202.00000p  949.9578m 
  204.00000p  949.9612m 
  206.00000p  949.9647m 
  208.00000p  949.9681m 
  210.00000p  949.9716m 
  212.00000p  949.9750m 
  214.00000p  949.9785m 
  216.00000p  949.9820m 
  218.00000p  949.9854m 
  220.00000p  949.9889m 
  222.00000p  949.9923m 
  224.00000p  949.9958m 
  226.00000p  949.9992m 
  228.00000p  950.0027m 
  230.00000p  950.0061m 
  232.00000p  950.0096m 
  234.00000p  950.0130m 
  236.00000p  950.0165m 
  238.00000p  950.0199m 
  240.00000p  950.0234m 
  242.00000p  950.0269m 
  244.00000p  950.0303m 
  246.00000p  950.0338m 
  248.00000p  950.0372m 
  250.00000p  950.0407m 
  252.00000p  950.0441m 
  254.00000p  950.0476m 
  256.00000p  950.0476m 
  258.00000p  950.0456m 
  260.00000p  950.0435m 
  262.00000p  950.0414m 
  264.00000p  950.0394m 
  266.00000p  950.0373m 
  268.00000p  950.0352m 
  270.00000p  950.0331m 
  272.00000p  950.0311m 
  274.00000p  950.0290m 
  276.00000p  950.0269m 
  278.00000p  950.0248m 
  280.00000p  950.0228m 
  282.00000p  950.0207m 
  284.00000p  950.0186m 
  286.00000p  950.0165m 
  288.00000p  950.0145m 
  290.00000p  950.0124m 
  292.00000p  950.0103m 
  294.00000p  950.0082m 
  296.00000p  950.0062m 
  298.00000p  950.0041m 
  300.00000p  950.0020m 
  302.00000p  949.9999m 
  304.00000p  949.9979m 
  306.00000p  949.9958m 
  308.00000p  949.9937m 
  310.00000p  949.9916m 
  312.00000p  949.9896m 
  314.00000p  949.9875m 
  316.00000p  949.9854m 
  318.00000p  949.9834m 
  320.00000p  949.9813m 
  322.00000p  949.9792m 
  324.00000p  949.9771m 
  326.00000p  949.9751m 
  328.00000p  949.9730m 
  330.00000p  949.9709m 
  332.00000p  949.9688m 
  334.00000p  949.9668m 
  336.00000p  949.9647m 
  338.00000p  949.9626m 
  340.00000p  949.9624m 
  342.00000p  949.9646m 
  344.00000p  949.9668m 
  346.00000p  949.9689m 
  348.00000p  949.9711m 
  350.00000p  949.9733m 
  352.00000p  949.9755m 
  354.00000p  949.9776m 
  356.00000p  949.9798m 
  358.00000p  949.9820m 
  360.00000p  949.9842m 
  362.00000p  949.9863m 
  364.00000p  949.9885m 
  366.00000p  949.9907m 
  368.00000p  949.9929m 
  370.00000p  949.9950m 
  372.00000p  949.9972m 
  374.00000p  949.9994m 
  376.00000p  950.0016m 
  378.00000p  950.0037m 
  380.00000p  950.0059m 
  382.00000p  950.0081m 
  384.00000p  950.0103m 
  386.00000p  950.0124m 
  388.00000p  950.0146m 
  390.00000p  950.0168m 
  392.00000p  950.0190m 
  394.00000p  950.0211m 
  396.00000p  950.0233m 
  398.00000p  950.0255m 
  400.00000p  950.0277m 
  402.00000p  938.6760m 
  404.00000p  926.6030m 
  406.00000p  914.5483m 
  408.00000p  902.4936m 
  410.00000p  890.4562m 
  412.00000p  878.4327m 
  414.00000p  866.4104m 
  416.00000p  854.3950m 
  418.00000p  842.3796m 
  420.00000p  830.3642m 
  422.00000p  818.3497m 
  424.00000p  806.3372m 
  426.00000p  794.3247m 
  428.00000p  782.3123m 
  430.00000p  770.3002m 
  432.00000p  758.2880m 
  434.00000p  746.2760m 
  436.00000p  734.2639m 
  438.00000p  722.2519m 
  440.00000p  710.2398m 
  442.00000p  698.2278m 
  444.00000p  686.2158m 
  446.00000p  674.2038m 
  448.00000p  662.1918m 
  450.00000p  650.1797m 
  452.00000p  638.1677m 
  454.00000p  626.1557m 
  456.00000p  614.1437m 
  458.00000p  602.1317m 
  460.00000p  590.1197m 
  462.00000p  578.1077m 
  464.00000p  566.0956m 
  466.00000p  554.0836m 
  468.00000p  542.0716m 
  470.00000p  530.0596m 
  472.00000p  520.5408m 
  474.00000p  511.2344m 
  476.00000p  501.9281m 
  478.00000p  492.6217m 
  480.00000p  483.3153m 
  482.00000p  474.0090m 
  484.00000p  466.0542m 
  486.00000p  463.7385m 
  488.00000p  461.4229m 
  490.00000p  459.1073m 
  492.00000p  456.7917m 
  494.00000p  454.4761m 
  496.00000p  452.1604m 
  498.00000p  449.8448m 
  500.00000p  447.5292m 
  502.00000p  445.2136m 
  504.00000p  445.5963m 
  506.00000p  446.1491m 
  508.00000p  446.7019m 
  510.00000p  447.2547m 
  512.00000p  447.8075m 
  514.00000p  448.3603m 
  516.00000p  448.9131m 
  518.00000p  449.4659m 
  520.00000p  450.0187m 
  522.00000p  450.5715m 
  524.00000p  451.1243m 
  526.00000p  451.6771m 
  528.00000p  452.1241m 
  530.00000p  451.8438m 
  532.00000p  451.5634m 
  534.00000p  451.2831m 
  536.00000p  451.0027m 
  538.00000p  450.7224m 
  540.00000p  450.4420m 
  542.00000p  450.1617m 
  544.00000p  449.8813m 
  546.00000p  449.6010m 
  548.00000p  449.3206m 
  550.00000p  449.2992m 
  552.00000p  449.3786m 
  554.00000p  449.4580m 
  556.00000p  449.5374m 
  558.00000p  449.6169m 
  560.00000p  449.6963m 
  562.00000p  449.7757m 
  564.00000p  449.8551m 
  566.00000p  449.9345m 
  568.00000p  450.0140m 
  570.00000p  450.0934m 
  572.00000p  450.1728m 
  574.00000p  450.2522m 
  576.00000p  450.3317m 
  578.00000p  450.3427m 
  580.00000p  450.3141m 
  582.00000p  450.2854m 
  584.00000p  450.2567m 
  586.00000p  450.2280m 
  588.00000p  450.1993m 
  590.00000p  450.1707m 
  592.00000p  450.1420m 
  594.00000p  450.1133m 
  596.00000p  450.0846m 
  598.00000p  450.0559m 
  600.00000p  450.0272m 
  602.00000p  449.9986m 
  604.00000p  449.9699m 
  606.00000p  449.9412m 
  608.00000p  449.9125m 
  610.00000p  449.8838m 
  612.00000p  449.8552m 
  614.00000p  449.8265m 
  616.00000p  449.7978m 
  618.00000p  449.7888m 
  620.00000p  449.8023m 
  622.00000p  449.8158m 
  624.00000p  449.8292m 
  626.00000p  449.8427m 
  628.00000p  449.8562m 
  630.00000p  449.8696m 
  632.00000p  449.8831m 
  634.00000p  449.8965m 
  636.00000p  449.9100m 
  638.00000p  449.9235m 
  640.00000p  449.9369m 
  642.00000p  449.9504m 
  644.00000p  449.9639m 
  646.00000p  449.9773m 
  648.00000p  449.9908m 
  650.00000p  450.0043m 
  652.00000p  450.0177m 
  654.00000p  450.0312m 
  656.00000p  450.0446m 
  658.00000p  450.0581m 
  660.00000p  450.0716m 
  662.00000p  450.0850m 
  664.00000p  450.0985m 
  666.00000p  450.1120m 
  668.00000p  450.1254m 
  670.00000p  450.1389m 
  672.00000p  450.1492m 
  674.00000p  450.1432m 
  676.00000p  450.1373m 
  678.00000p  450.1313m 
  680.00000p  450.1254m 
  682.00000p  450.1194m 
  684.00000p  450.1135m 
  686.00000p  450.1075m 
  688.00000p  450.1016m 
  690.00000p  450.0956m 
  692.00000p  450.0897m 
  694.00000p  450.0837m 
  696.00000p  450.0778m 
  698.00000p  450.0718m 
  700.00000p  450.0659m 
  702.00000p  450.0600m 
  704.00000p  450.0540m 
  706.00000p  450.0481m 
  708.00000p  450.0421m 
  710.00000p  450.0362m 
  712.00000p  450.0302m 
  714.00000p  450.0243m 
  716.00000p  450.0183m 
  718.00000p  450.0124m 
  720.00000p  450.0064m 
  722.00000p  450.0005m 
  724.00000p  449.9945m 
  726.00000p  449.9886m 
  728.00000p  449.9826m 
  730.00000p  449.9767m 
  732.00000p  449.9707m 
  734.00000p  449.9648m 
  736.00000p  449.9588m 
  738.00000p  449.9529m 
  740.00000p  449.9470m 
  742.00000p  449.9410m 
  744.00000p  449.9351m 
  746.00000p  449.9291m 
  748.00000p  449.9232m 
  750.00000p  449.9172m 
  752.00000p  449.9113m 
  754.00000p  449.9053m 
  756.00000p  449.8994m 
  758.00000p  449.8934m 
  760.00000p  449.8875m 
  762.00000p  449.8815m 
  764.00000p  449.8864m 
  766.00000p  449.8966m 
  768.00000p  449.9067m 
  770.00000p  449.9169m 
  772.00000p  449.9270m 
  774.00000p  449.9372m 
  776.00000p  449.9473m 
  778.00000p  449.9575m 
  780.00000p  449.9676m 
  782.00000p  449.9778m 
  784.00000p  449.9879m 
  786.00000p  449.9981m 
  788.00000p  450.0082m 
  790.00000p  450.0184m 
  792.00000p  450.0285m 
  794.00000p  450.0387m 
  796.00000p  450.0488m 
  798.00000p  450.0590m 
  800.00000p  450.0691m 
  802.00000p  450.0672m 
  804.00000p  450.0647m 
  806.00000p  450.0622m 
  808.00000p  450.0596m 
  810.00000p  450.0571m 
  812.00000p  450.0546m 
  814.00000p  450.0521m 
  816.00000p  450.0495m 
  818.00000p  450.0470m 
  820.00000p  450.0445m 
  822.00000p  450.0419m 
  824.00000p  450.0394m 
  826.00000p  450.0369m 
  828.00000p  450.0343m 
  830.00000p  450.0318m 
  832.00000p  450.0293m 
  834.00000p  450.0267m 
  836.00000p  450.0242m 
  838.00000p  450.0217m 
  840.00000p  450.0191m 
  842.00000p  450.0166m 
  844.00000p  450.0141m 
  846.00000p  450.0115m 
  848.00000p  450.0090m 
  850.00000p  450.0065m 
  852.00000p  450.0061m 
  854.00000p  450.0059m 
  856.00000p  450.0057m 
  858.00000p  450.0054m 
  860.00000p  450.0052m 
  862.00000p  450.0050m 
  864.00000p  450.0047m 
  866.00000p  450.0045m 
  868.00000p  450.0043m 
  870.00000p  450.0040m 
  872.00000p  450.0038m 
  874.00000p  450.0036m 
  876.00000p  450.0034m 
  878.00000p  450.0031m 
  880.00000p  450.0029m 
  882.00000p  450.0027m 
  884.00000p  450.0024m 
  886.00000p  450.0022m 
  888.00000p  450.0020m 
  890.00000p  450.0017m 
  892.00000p  450.0015m 
  894.00000p  450.0013m 
  896.00000p  450.0010m 
  898.00000p  450.0008m 
  900.00000p  450.0006m 
  902.00000p  450.0004m 
  904.00000p  450.0001m 
  906.00000p  449.9999m 
  908.00000p  449.9997m 
  910.00000p  449.9994m 
  912.00000p  449.9992m 
  914.00000p  449.9990m 
  916.00000p  449.9987m 
  918.00000p  449.9985m 
  920.00000p  449.9983m 
  922.00000p  449.9981m 
  924.00000p  449.9978m 
  926.00000p  449.9976m 
  928.00000p  449.9974m 
  930.00000p  449.9971m 
  932.00000p  449.9969m 
  934.00000p  449.9967m 
  936.00000p  449.9964m 
  938.00000p  449.9962m 
  940.00000p  449.9960m 
  942.00000p  449.9958m 
  944.00000p  449.9955m 
  946.00000p  449.9953m 
  948.00000p  449.9951m 
  950.00000p  449.9948m 
  952.00000p  449.9950m 
  954.00000p  449.9952m 
  956.00000p  449.9954m 
  958.00000p  449.9956m 
  960.00000p  449.9958m 
  962.00000p  449.9959m 
  964.00000p  449.9961m 
  966.00000p  449.9963m 
  968.00000p  449.9965m 
  970.00000p  449.9967m 
  972.00000p  449.9969m 
  974.00000p  449.9971m 
  976.00000p  449.9973m 
  978.00000p  449.9974m 
  980.00000p  449.9976m 
  982.00000p  449.9978m 
  984.00000p  449.9980m 
  986.00000p  449.9982m 
  988.00000p  449.9984m 
  990.00000p  449.9986m 
  992.00000p  449.9988m 
  994.00000p  449.9990m 
  996.00000p  449.9991m 
  998.00000p  449.9993m 
    1.00000n  449.9995m 
    1.00200n  449.9997m 
    1.00400n  449.9999m 
    1.00600n  450.0001m 
    1.00800n  450.0003m 
    1.01000n  450.0005m 
    1.01200n  450.0006m 
    1.01400n  450.0008m 
    1.01600n  450.0010m 
    1.01800n  450.0012m 
    1.02000n  450.0014m 
    1.02200n  450.0016m 
    1.02400n  450.0018m 
    1.02600n  450.0020m 
    1.02800n  450.0022m 
    1.03000n  450.0023m 
    1.03200n  450.0025m 
    1.03400n  450.0027m 
    1.03600n  450.0029m 
    1.03800n  450.0031m 
    1.04000n  450.0033m 
    1.04200n  450.0035m 
    1.04400n  450.0037m 
    1.04600n  450.0039m 
    1.04800n  450.0040m 
    1.05000n  450.0042m 
    1.05200n  450.0041m 
    1.05400n  450.0039m 
    1.05600n  450.0038m 
    1.05800n  450.0036m 
    1.06000n  450.0035m 
    1.06200n  450.0033m 
    1.06400n  450.0032m 
    1.06600n  450.0030m 
    1.06800n  450.0029m 
    1.07000n  450.0027m 
    1.07200n  450.0026m 
    1.07400n  450.0024m 
    1.07600n  450.0022m 
    1.07800n  450.0021m 
    1.08000n  450.0019m 
    1.08200n  450.0018m 
    1.08400n  450.0016m 
    1.08600n  450.0015m 
    1.08800n  450.0013m 
    1.09000n  450.0012m 
    1.09200n  450.0010m 
    1.09400n  450.0009m 
    1.09600n  450.0007m 
    1.09800n  450.0005m 
    1.10000n  450.0004m 
    1.10200n  450.0002m 
    1.10400n  450.0001m 
    1.10600n  449.9999m 
    1.10800n  449.9998m 
    1.11000n  449.9996m 
    1.11200n  449.9995m 
    1.11400n  449.9993m 
    1.11600n  449.9992m 
    1.11800n  449.9990m 
    1.12000n  449.9989m 
    1.12200n  449.9987m 
    1.12400n  449.9985m 
    1.12600n  449.9984m 
    1.12800n  449.9982m 
    1.13000n  449.9981m 
    1.13200n  449.9979m 
    1.13400n  449.9978m 
    1.13600n  449.9976m 
    1.13800n  449.9975m 
    1.14000n  449.9973m 
    1.14200n  449.9972m 
    1.14400n  449.9970m 
    1.14600n  449.9968m 
    1.14800n  449.9967m 
    1.15000n  449.9965m 
    1.15200n  449.9967m 
    1.15400n  449.9968m 
    1.15600n  449.9969m 
    1.15800n  449.9970m 
    1.16000n  449.9972m 
    1.16200n  449.9973m 
    1.16400n  449.9974m 
    1.16600n  449.9975m 
    1.16800n  449.9977m 
    1.17000n  449.9978m 
    1.17200n  449.9979m 
    1.17400n  449.9980m 
    1.17600n  449.9982m 
    1.17800n  449.9983m 
    1.18000n  449.9984m 
    1.18200n  449.9985m 
    1.18400n  449.9987m 
    1.18600n  449.9988m 
    1.18800n  449.9989m 
    1.19000n  449.9990m 
    1.19200n  449.9992m 
    1.19400n  449.9993m 
    1.19600n  449.9994m 
    1.19800n  449.9996m 
    1.20000n  449.9997m 
    1.20200n  449.9998m 
    1.20400n  449.9999m 
    1.20600n  450.0001m 
    1.20800n  450.0002m 
    1.21000n  450.0003m 
    1.21200n  450.0004m 
    1.21400n  450.0006m 
    1.21600n  450.0007m 
    1.21800n  450.0008m 
    1.22000n  450.0009m 
    1.22200n  450.0011m 
    1.22400n  450.0012m 
    1.22600n  450.0013m 
    1.22800n  450.0014m 
    1.23000n  450.0016m 
    1.23200n  450.0017m 
    1.23400n  450.0018m 
    1.23600n  450.0019m 
    1.23800n  450.0021m 
    1.24000n  450.0022m 
    1.24200n  450.0023m 
    1.24400n  450.0025m 
    1.24600n  450.0026m 
    1.24800n  450.0027m 
    1.25000n  450.0028m 
    1.25200n  450.0027m 
    1.25400n  450.0026m 
    1.25600n  450.0025m 
    1.25800n  450.0024m 
    1.26000n  450.0023m 
    1.26200n  450.0022m 
    1.26400n  450.0021m 
    1.26600n  450.0020m 
    1.26800n  450.0019m 
    1.27000n  450.0018m 
    1.27200n  450.0017m 
    1.27400n  450.0016m 
    1.27600n  450.0015m 
    1.27800n  450.0014m 
    1.28000n  450.0013m 
    1.28200n  450.0012m 
    1.28400n  450.0011m 
    1.28600n  450.0010m 
    1.28800n  450.0009m 
    1.29000n  450.0008m 
    1.29200n  450.0007m 
    1.29400n  450.0006m 
    1.29600n  450.0005m 
    1.29800n  450.0004m 
    1.30000n  450.0003m 
    1.30200n  450.0002m 
    1.30400n  450.0001m 
    1.30600n  450.0000m 
    1.30800n  449.9999m 
    1.31000n  449.9997m 
    1.31200n  449.9996m 
    1.31400n  449.9995m 
    1.31600n  449.9994m 
    1.31800n  449.9993m 
    1.32000n  449.9992m 
    1.32200n  449.9991m 
    1.32400n  449.9990m 
    1.32600n  449.9989m 
    1.32800n  449.9988m 
    1.33000n  449.9987m 
    1.33200n  449.9986m 
    1.33400n  449.9985m 
    1.33600n  449.9984m 
    1.33800n  449.9983m 
    1.34000n  449.9982m 
    1.34200n  449.9981m 
    1.34400n  449.9980m 
    1.34600n  449.9979m 
    1.34800n  449.9978m 
    1.35000n  449.9977m 
    1.35200n  449.9978m 
    1.35400n  449.9978m 
    1.35600n  449.9979m 
    1.35800n  449.9980m 
    1.36000n  449.9981m 
    1.36200n  449.9982m 
    1.36400n  449.9983m 
    1.36600n  449.9983m 
    1.36800n  449.9984m 
    1.37000n  449.9985m 
    1.37200n  449.9986m 
    1.37400n  449.9987m 
    1.37600n  449.9988m 
    1.37800n  449.9989m 
    1.38000n  449.9989m 
    1.38200n  449.9990m 
    1.38400n  449.9991m 
    1.38600n  449.9992m 
    1.38800n  449.9993m 
    1.39000n  449.9994m 
    1.39200n  449.9994m 
    1.39400n  449.9995m 
    1.39600n  449.9996m 
    1.39800n  449.9997m 
    1.40000n  449.9998m 
    1.40200n  449.9999m 
    1.40400n  450.0000m 
    1.40600n  450.0000m 
    1.40800n  450.0001m 
    1.41000n  450.0002m 
    1.41200n  450.0003m 
    1.41400n  450.0004m 
    1.41600n  450.0005m 
    1.41800n  450.0005m 
    1.42000n  450.0006m 
    1.42200n  450.0007m 
    1.42400n  450.0008m 
    1.42600n  450.0009m 
    1.42800n  450.0010m 
    1.43000n  450.0011m 
    1.43200n  450.0011m 
    1.43400n  450.0012m 
    1.43600n  450.0013m 
    1.43800n  450.0014m 
    1.44000n  450.0015m 
    1.44200n  450.0016m 
    1.44400n  450.0016m 
    1.44600n  450.0017m 
    1.44800n  450.0018m 
    1.45000n  450.0019m 
    1.45200n  450.0018m 
    1.45400n  450.0018m 
    1.45600n  450.0017m 
    1.45800n  450.0016m 
    1.46000n  450.0016m 
    1.46200n  450.0015m 
    1.46400n  450.0014m 
    1.46600n  450.0014m 
    1.46800n  450.0013m 
    1.47000n  450.0012m 
    1.47200n  450.0011m 
    1.47400n  450.0011m 
    1.47600n  450.0010m 
    1.47800n  450.0009m 
    1.48000n  450.0009m 
    1.48200n  450.0008m 
    1.48400n  450.0007m 
    1.48600n  450.0007m 
    1.48800n  450.0006m 
    1.49000n  450.0005m 
    1.49200n  450.0005m 
    1.49400n  450.0004m 
    1.49600n  450.0003m 
    1.49800n  450.0002m 
    1.50000n  450.0002m 
    1.50200n  450.0001m 
    1.50400n  450.0000m 
    1.50600n  450.0000m 
    1.50800n  449.9999m 
    1.51000n  449.9998m 
    1.51200n  449.9998m 
    1.51400n  449.9997m 
    1.51600n  449.9996m 
    1.51800n  449.9996m 
    1.52000n  449.9995m 
    1.52200n  449.9994m 
    1.52400n  449.9993m 
    1.52600n  449.9993m 
    1.52800n  449.9992m 
    1.53000n  449.9991m 
    1.53200n  449.9991m 
    1.53400n  449.9990m 
    1.53600n  449.9989m 
    1.53800n  449.9989m 
    1.54000n  449.9988m 
    1.54200n  449.9987m 
    1.54400n  449.9987m 
    1.54600n  449.9986m 
    1.54800n  449.9985m 
    1.55000n  449.9984m 
    1.55200n  449.9985m 
    1.55400n  449.9986m 
    1.55600n  449.9986m 
    1.55800n  449.9987m 
    1.56000n  449.9987m 
    1.56200n  449.9988m 
    1.56400n  449.9988m 
    1.56600n  449.9989m 
    1.56800n  449.9990m 
    1.57000n  449.9990m 
    1.57200n  449.9991m 
    1.57400n  449.9991m 
    1.57600n  449.9992m 
    1.57800n  449.9992m 
    1.58000n  449.9993m 
    1.58200n  449.9993m 
    1.58400n  449.9994m 
    1.58600n  449.9995m 
    1.58800n  449.9995m 
    1.59000n  449.9996m 
    1.59200n  449.9996m 
    1.59400n  449.9997m 
    1.59600n  449.9997m 
    1.59800n  449.9998m 
    1.60000n  449.9999m 
    1.60200n  449.9999m 
    1.60400n  450.0000m 
    1.60600n  450.0000m 
    1.60800n  450.0001m 
    1.61000n  450.0001m 
    1.61200n  450.0002m 
    1.61400n  450.0003m 
    1.61600n  450.0003m 
    1.61800n  450.0004m 
    1.62000n  450.0004m 
    1.62200n  450.0005m 
    1.62400n  450.0005m 
    1.62600n  450.0006m 
    1.62800n  450.0006m 
    1.63000n  450.0007m 
    1.63200n  450.0008m 
    1.63400n  450.0008m 
    1.63600n  450.0009m 
    1.63800n  450.0009m 
    1.64000n  450.0010m 
    1.64200n  450.0010m 
    1.64400n  450.0011m 
    1.64600n  450.0012m 
    1.64800n  450.0012m 
    1.65000n  450.0013m 
    1.65200n  450.0012m 
    1.65400n  450.0012m 
    1.65600n  450.0011m 
    1.65800n  450.0011m 
    1.66000n  450.0010m 
    1.66200n  450.0010m 
    1.66400n  450.0010m 
    1.66600n  450.0009m 
    1.66800n  450.0009m 
    1.67000n  450.0008m 
    1.67200n  450.0008m 
    1.67400n  450.0007m 
    1.67600n  450.0007m 
    1.67800n  450.0006m 
    1.68000n  450.0006m 
    1.68200n  450.0005m 
    1.68400n  450.0005m 
    1.68600n  450.0004m 
    1.68800n  450.0004m 
    1.69000n  450.0003m 
    1.69200n  450.0003m 
    1.69400n  450.0003m 
    1.69600n  450.0002m 
    1.69800n  450.0002m 
    1.70000n  450.0001m 
    1.70200n  450.0001m 
    1.70400n  450.0000m 
    1.70600n  450.0000m 
    1.70800n  449.9999m 
    1.71000n  449.9999m 
    1.71200n  449.9998m 
    1.71400n  449.9998m 
    1.71600n  449.9997m 
    1.71800n  449.9997m 
    1.72000n  449.9997m 
    1.72200n  449.9996m 
    1.72400n  449.9996m 
    1.72600n  449.9995m 
    1.72800n  449.9995m 
    1.73000n  449.9994m 
    1.73200n  449.9994m 
    1.73400n  449.9993m 
    1.73600n  449.9993m 
    1.73800n  449.9992m 
    1.74000n  449.9992m 
    1.74200n  449.9991m 
    1.74400n  449.9991m 
    1.74600n  449.9991m 
    1.74800n  449.9990m 
    1.75000n  449.9990m 
    1.75200n  449.9990m 
    1.75400n  449.9990m 
    1.75600n  449.9991m 
    1.75800n  449.9991m 
    1.76000n  449.9991m 
    1.76200n  449.9992m 
    1.76400n  449.9992m 
    1.76600n  449.9993m 
    1.76800n  449.9993m 
    1.77000n  449.9993m 
    1.77200n  449.9994m 
    1.77400n  449.9994m 
    1.77600n  449.9994m 
    1.77800n  449.9995m 
    1.78000n  449.9995m 
    1.78200n  449.9996m 
    1.78400n  449.9996m 
    1.78600n  449.9996m 
    1.78800n  449.9997m 
    1.79000n  449.9997m 
    1.79200n  449.9998m 
    1.79400n  449.9998m 
    1.79600n  449.9998m 
    1.79800n  449.9999m 
    1.80000n  449.9999m 
    1.80200n  449.9999m 
    1.80400n  450.0000m 
    1.80600n  450.0000m 
    1.80800n  450.0001m 
    1.81000n  450.0001m 
    1.81200n  450.0001m 
    1.81400n  450.0002m 
    1.81600n  450.0002m 
    1.81800n  450.0002m 
    1.82000n  450.0003m 
    1.82200n  450.0003m 
    1.82400n  450.0004m 
    1.82600n  450.0004m 
    1.82800n  450.0004m 
    1.83000n  450.0005m 
    1.83200n  450.0005m 
    1.83400n  450.0005m 
    1.83600n  450.0006m 
    1.83800n  450.0006m 
    1.84000n  450.0007m 
    1.84200n  450.0007m 
    1.84400n  450.0007m 
    1.84600n  450.0008m 
    1.84800n  450.0008m 
    1.85000n  450.0008m 
    1.85200n  450.0008m 
    1.85400n  450.0008m 
    1.85600n  450.0008m 
    1.85800n  450.0007m 
    1.86000n  450.0007m 
    1.86200n  450.0007m 
    1.86400n  450.0006m 
    1.86600n  450.0006m 
    1.86800n  450.0006m 
    1.87000n  450.0005m 
    1.87200n  450.0005m 
    1.87400n  450.0005m 
    1.87600n  450.0005m 
    1.87800n  450.0004m 
    1.88000n  450.0004m 
    1.88200n  450.0004m 
    1.88400n  450.0003m 
    1.88600n  450.0003m 
    1.88800n  450.0003m 
    1.89000n  450.0002m 
    1.89200n  450.0002m 
    1.89400n  450.0002m 
    1.89600n  450.0001m 
    1.89800n  450.0001m 
    1.90000n  450.0001m 
    1.90200n  450.0000m 
    1.90400n  450.0000m 
    1.90600n  450.0000m 
    1.90800n  450.0000m 
    1.91000n  449.9999m 
    1.91200n  449.9999m 
    1.91400n  449.9999m 
    1.91600n  449.9998m 
    1.91800n  449.9998m 
    1.92000n  449.9998m 
    1.92200n  449.9997m 
    1.92400n  449.9997m 
    1.92600n  449.9997m 
    1.92800n  449.9996m 
    1.93000n  449.9996m 
    1.93200n  449.9996m 
    1.93400n  449.9996m 
    1.93600n  449.9995m 
    1.93800n  449.9995m 
    1.94000n  449.9995m 
    1.94200n  449.9994m 
    1.94400n  449.9994m 
    1.94600n  449.9994m 
    1.94800n  449.9993m 
    1.95000n  449.9993m 
    1.95200n  449.9993m 
    1.95400n  449.9994m 
    1.95600n  449.9994m 
    1.95800n  449.9995m 
    1.96000n  449.9995m 
    1.96200n  449.9996m 
    1.96400n  449.9996m 
    1.96600n  449.9997m 
    1.96800n  449.9997m 
    1.97000n  449.9998m 
    1.97200n  449.9998m 
    1.97400n  449.9999m 
    1.97600n  449.9999m 
    1.97800n  450.0000m 
    1.98000n  450.0000m 
    1.98200n  450.0000m 
    1.98400n  450.0001m 
    1.98600n  450.0001m 
    1.98800n  450.0002m 
    1.99000n  450.0002m 
    1.99200n  450.0003m 
    1.99400n  450.0003m 
    1.99600n  450.0004m 
    1.99800n  450.0004m 
    2.00000n  450.0005m 
y
x

 time         voltage   
             n2         
    0.        950.0000m 
    2.00000p  938.6572m 
    4.00000p  926.5897m 
    6.00000p  914.5389m 
    8.00000p  902.4880m 
   10.00000p  890.4530m 
   12.00000p  878.4305m 
   14.00000p  866.4091m 
   16.00000p  854.3940m 
   18.00000p  842.3789m 
   20.00000p  830.3638m 
   22.00000p  818.3496m 
   24.00000p  806.3371m 
   26.00000p  794.3246m 
   28.00000p  782.3123m 
   30.00000p  770.3001m 
   32.00000p  758.2880m 
   34.00000p  746.2760m 
   36.00000p  734.2639m 
   38.00000p  722.2519m 
   40.00000p  710.2398m 
   42.00000p  698.2278m 
   44.00000p  686.2158m 
   46.00000p  674.2038m 
   48.00000p  662.1918m 
   50.00000p  650.1797m 
   52.00000p  638.1677m 
   54.00000p  626.1557m 
   56.00000p  614.1437m 
   58.00000p  602.1317m 
   60.00000p  590.1197m 
   62.00000p  578.1077m 
   64.00000p  566.0956m 
   66.00000p  554.0836m 
   68.00000p  542.0716m 
   70.00000p  530.0596m 
   72.00000p  518.0476m 
   74.00000p  506.0356m 
   76.00000p  494.0236m 
   78.00000p  483.0511m 
   80.00000p  474.9707m 
   82.00000p  466.8903m 
   84.00000p  460.0095m 
   86.00000p  458.1340m 
   88.00000p  456.2586m 
   90.00000p  454.3831m 
   92.00000p  452.5076m 
   94.00000p  450.6322m 
   96.00000p  449.0161m 
   98.00000p  449.0976m 
  100.00000p  449.1792m 
  102.00000p  449.2607m 
  104.00000p  449.3423m 
  106.00000p  449.4238m 
  108.00000p  449.5054m 
  110.00000p  449.5870m 
  112.00000p  449.6685m 
  114.00000p  449.7501m 
  116.00000p  449.8316m 
  118.00000p  449.9132m 
  120.00000p  449.9947m 
  122.00000p  450.0763m 
  124.00000p  450.1578m 
  126.00000p  450.2394m 
  128.00000p  450.3209m 
  130.00000p  450.4025m 
  132.00000p  450.4840m 
  134.00000p  450.5656m 
  136.00000p  450.5169m 
  138.00000p  450.4219m 
  140.00000p  450.3269m 
  142.00000p  450.2319m 
  144.00000p  450.1369m 
  146.00000p  450.0419m 
  148.00000p  449.9470m 
  150.00000p  449.8914m 
  152.00000p  449.9006m 
  154.00000p  449.9098m 
  156.00000p  449.9189m 
  158.00000p  449.9281m 
  160.00000p  449.9373m 
  162.00000p  449.9464m 
  164.00000p  449.9556m 
  166.00000p  449.9648m 
  168.00000p  449.9739m 
  170.00000p  449.9831m 
  172.00000p  449.9923m 
  174.00000p  450.0014m 
  176.00000p  450.0106m 
  178.00000p  450.0198m 
  180.00000p  450.0290m 
  182.00000p  450.0381m 
  184.00000p  450.0473m 
  186.00000p  450.0565m 
  188.00000p  450.0656m 
  190.00000p  450.0630m 
  192.00000p  450.0595m 
  194.00000p  450.0561m 
  196.00000p  450.0526m 
  198.00000p  450.0491m 
  200.00000p  450.0457m 
  202.00000p  450.0422m 
  204.00000p  450.0388m 
  206.00000p  450.0353m 
  208.00000p  450.0319m 
  210.00000p  450.0284m 
  212.00000p  450.0250m 
  214.00000p  450.0215m 
  216.00000p  450.0181m 
  218.00000p  450.0146m 
  220.00000p  450.0111m 
  222.00000p  450.0077m 
  224.00000p  450.0042m 
  226.00000p  450.0008m 
  228.00000p  449.9973m 
  230.00000p  449.9939m 
  232.00000p  449.9904m 
  234.00000p  449.9870m 
  236.00000p  449.9835m 
  238.00000p  449.9801m 
  240.00000p  449.9766m 
  242.00000p  449.9731m 
  244.00000p  449.9697m 
  246.00000p  449.9662m 
  248.00000p  449.9628m 
  250.00000p  449.9593m 
  252.00000p  449.9559m 
  254.00000p  449.9524m 
  256.00000p  449.9523m 
  258.00000p  449.9544m 
  260.00000p  449.9565m 
  262.00000p  449.9586m 
  264.00000p  449.9606m 
  266.00000p  449.9627m 
  268.00000p  449.9648m 
  270.00000p  449.9669m 
  272.00000p  449.9689m 
  274.00000p  449.9710m 
  276.00000p  449.9731m 
  278.00000p  449.9752m 
  280.00000p  449.9772m 
  282.00000p  449.9793m 
  284.00000p  449.9814m 
  286.00000p  449.9835m 
  288.00000p  449.9855m 
  290.00000p  449.9876m 
  292.00000p  449.9897m 
  294.00000p  449.9918m 
  296.00000p  449.9938m 
  298.00000p  449.9959m 
  300.00000p  449.9980m 
  302.00000p  450.0001m 
  304.00000p  450.0021m 
  306.00000p  450.0042m 
  308.00000p  450.0063m 
  310.00000p  450.0084m 
  312.00000p  450.0104m 
  314.00000p  450.0125m 
  316.00000p  450.0146m 
  318.00000p  450.0167m 
  320.00000p  450.0187m 
  322.00000p  450.0208m 
  324.00000p  450.0229m 
  326.00000p  450.0249m 
  328.00000p  450.0270m 
  330.00000p  450.0291m 
  332.00000p  450.0312m 
  334.00000p  450.0332m 
  336.00000p  450.0353m 
  338.00000p  450.0374m 
  340.00000p  450.0376m 
  342.00000p  450.0354m 
  344.00000p  450.0332m 
  346.00000p  450.0311m 
  348.00000p  450.0289m 
  350.00000p  450.0267m 
  352.00000p  450.0245m 
  354.00000p  450.0224m 
  356.00000p  450.0202m 
  358.00000p  450.0180m 
  360.00000p  450.0158m 
  362.00000p  450.0137m 
  364.00000p  450.0115m 
  366.00000p  450.0093m 
  368.00000p  450.0071m 
  370.00000p  450.0050m 
  372.00000p  450.0028m 
  374.00000p  450.0006m 
  376.00000p  449.9984m 
  378.00000p  449.9963m 
  380.00000p  449.9941m 
  382.00000p  449.9919m 
  384.00000p  449.9897m 
  386.00000p  449.9876m 
  388.00000p  449.9854m 
  390.00000p  449.9832m 
  392.00000p  449.9810m 
  394.00000p  449.9789m 
  396.00000p  449.9767m 
  398.00000p  449.9745m 
  400.00000p  449.9723m 
  402.00000p  461.3238m 
  404.00000p  473.3968m 
  406.00000p  485.4514m 
  408.00000p  497.5061m 
  410.00000p  509.5434m 
  412.00000p  521.5670m 
  414.00000p  533.5892m 
  416.00000p  545.6046m 
  418.00000p  557.6200m 
  420.00000p  569.6354m 
  422.00000p  581.6499m 
  424.00000p  593.6624m 
  426.00000p  605.6749m 
  428.00000p  617.6873m 
  430.00000p  629.6994m 
  432.00000p  641.7116m 
  434.00000p  653.7236m 
  436.00000p  665.7357m 
  438.00000p  677.7477m 
  440.00000p  689.7598m 
  442.00000p  701.7718m 
  444.00000p  713.7838m 
  446.00000p  725.7959m 
  448.00000p  737.8079m 
  450.00000p  749.8199m 
  452.00000p  761.8319m 
  454.00000p  773.8439m 
  456.00000p  785.8559m 
  458.00000p  797.8679m 
  460.00000p  809.8799m 
  462.00000p  821.8920m 
  464.00000p  833.9040m 
  466.00000p  845.9160m 
  468.00000p  857.9280m 
  470.00000p  869.9400m 
  472.00000p  879.4588m 
  474.00000p  888.7652m 
  476.00000p  898.0715m 
  478.00000p  907.3779m 
  480.00000p  916.6843m 
  482.00000p  925.9906m 
  484.00000p  933.9455m 
  486.00000p  936.2611m 
  488.00000p  938.5768m 
  490.00000p  940.8924m 
  492.00000p  943.2081m 
  494.00000p  945.5237m 
  496.00000p  947.8393m 
  498.00000p  950.1550m 
  500.00000p  952.4706m 
  502.00000p  954.7863m 
  504.00000p  954.4036m 
  506.00000p  953.8508m 
  508.00000p  953.2980m 
  510.00000p  952.7452m 
  512.00000p  952.1924m 
  514.00000p  951.6397m 
  516.00000p  951.0869m 
  518.00000p  950.5341m 
  520.00000p  949.9813m 
  522.00000p  949.4285m 
  524.00000p  948.8757m 
  526.00000p  948.3229m 
  528.00000p  947.8759m 
  530.00000p  948.1563m 
  532.00000p  948.4366m 
  534.00000p  948.7170m 
  536.00000p  948.9973m 
  538.00000p  949.2776m 
  540.00000p  949.5580m 
  542.00000p  949.8383m 
  544.00000p  950.1187m 
  546.00000p  950.3990m 
  548.00000p  950.6794m 
  550.00000p  950.7008m 
  552.00000p  950.6214m 
  554.00000p  950.5420m 
  556.00000p  950.4625m 
  558.00000p  950.3831m 
  560.00000p  950.3037m 
  562.00000p  950.2243m 
  564.00000p  950.1449m 
  566.00000p  950.0654m 
  568.00000p  949.9860m 
  570.00000p  949.9066m 
  572.00000p  949.8272m 
  574.00000p  949.7478m 
  576.00000p  949.6684m 
  578.00000p  949.6573m 
  580.00000p  949.6860m 
  582.00000p  949.7146m 
  584.00000p  949.7433m 
  586.00000p  949.7720m 
  588.00000p  949.8007m 
  590.00000p  949.8294m 
  592.00000p  949.8580m 
  594.00000p  949.8867m 
  596.00000p  949.9154m 
  598.00000p  949.9441m 
  600.00000p  949.9728m 
  602.00000p  950.0014m 
  604.00000p  950.0301m 
  606.00000p  950.0588m 
  608.00000p  950.0875m 
  610.00000p  950.1162m 
  612.00000p  950.1448m 
  614.00000p  950.1735m 
  616.00000p  950.2022m 
  618.00000p  950.2112m 
  620.00000p  950.1977m 
  622.00000p  950.1842m 
  624.00000p  950.1708m 
  626.00000p  950.1573m 
  628.00000p  950.1438m 
  630.00000p  950.1304m 
  632.00000p  950.1169m 
  634.00000p  950.1034m 
  636.00000p  950.0900m 
  638.00000p  950.0765m 
  640.00000p  950.0631m 
  642.00000p  950.0496m 
  644.00000p  950.0361m 
  646.00000p  950.0227m 
  648.00000p  950.0092m 
  650.00000p  949.9957m 
  652.00000p  949.9823m 
  654.00000p  949.9688m 
  656.00000p  949.9554m 
  658.00000p  949.9419m 
  660.00000p  949.9284m 
  662.00000p  949.9150m 
  664.00000p  949.9015m 
  666.00000p  949.8880m 
  668.00000p  949.8746m 
  670.00000p  949.8611m 
  672.00000p  949.8508m 
  674.00000p  949.8568m 
  676.00000p  949.8627m 
  678.00000p  949.8687m 
  680.00000p  949.8746m 
  682.00000p  949.8806m 
  684.00000p  949.8865m 
  686.00000p  949.8925m 
  688.00000p  949.8984m 
  690.00000p  949.9044m 
  692.00000p  949.9103m 
  694.00000p  949.9163m 
  696.00000p  949.9222m 
  698.00000p  949.9282m 
  700.00000p  949.9341m 
  702.00000p  949.9400m 
  704.00000p  949.9460m 
  706.00000p  949.9519m 
  708.00000p  949.9579m 
  710.00000p  949.9638m 
  712.00000p  949.9698m 
  714.00000p  949.9757m 
  716.00000p  949.9817m 
  718.00000p  949.9876m 
  720.00000p  949.9936m 
  722.00000p  949.9995m 
  724.00000p  950.0055m 
  726.00000p  950.0114m 
  728.00000p  950.0174m 
  730.00000p  950.0233m 
  732.00000p  950.0293m 
  734.00000p  950.0352m 
  736.00000p  950.0412m 
  738.00000p  950.0471m 
  740.00000p  950.0530m 
  742.00000p  950.0590m 
  744.00000p  950.0649m 
  746.00000p  950.0709m 
  748.00000p  950.0768m 
  750.00000p  950.0828m 
  752.00000p  950.0887m 
  754.00000p  950.0947m 
  756.00000p  950.1006m 
  758.00000p  950.1066m 
  760.00000p  950.1125m 
  762.00000p  950.1185m 
  764.00000p  950.1136m 
  766.00000p  950.1034m 
  768.00000p  950.0933m 
  770.00000p  950.0831m 
  772.00000p  950.0730m 
  774.00000p  950.0628m 
  776.00000p  950.0527m 
  778.00000p  950.0425m 
  780.00000p  950.0324m 
  782.00000p  950.0222m 
  784.00000p  950.0121m 
  786.00000p  950.0019m 
  788.00000p  949.9918m 
  790.00000p  949.9816m 
  792.00000p  949.9715m 
  794.00000p  949.9613m 
  796.00000p  949.9512m 
  798.00000p  949.9410m 
  800.00000p  949.9309m 
  802.00000p  949.9328m 
  804.00000p  949.9353m 
  806.00000p  949.9378m 
  808.00000p  949.9404m 
  810.00000p  949.9429m 
  812.00000p  949.9454m 
  814.00000p  949.9480m 
  816.00000p  949.9505m 
  818.00000p  949.9530m 
  820.00000p  949.9555m 
  822.00000p  949.9581m 
  824.00000p  949.9606m 
  826.00000p  949.9631m 
  828.00000p  949.9657m 
  830.00000p  949.9682m 
  832.00000p  949.9707m 
  834.00000p  949.9733m 
  836.00000p  949.9758m 
  838.00000p  949.9783m 
  840.00000p  949.9809m 
  842.00000p  949.9834m 
  844.00000p  949.9859m 
  846.00000p  949.9885m 
  848.00000p  949.9910m 
  850.00000p  949.9935m 
  852.00000p  949.9939m 
  854.00000p  949.9941m 
  856.00000p  949.9943m 
  858.00000p  949.9946m 
  860.00000p  949.9948m 
  862.00000p  949.9950m 
  864.00000p  949.9953m 
  866.00000p  949.9955m 
  868.00000p  949.9957m 
  870.00000p  949.9960m 
  872.00000p  949.9962m 
  874.00000p  949.9964m 
  876.00000p  949.9966m 
  878.00000p  949.9969m 
  880.00000p  949.9971m 
  882.00000p  949.9973m 
  884.00000p  949.9976m 
  886.00000p  949.9978m 
  888.00000p  949.9980m 
  890.00000p  949.9983m 
  892.00000p  949.9985m 
  894.00000p  949.9987m 
  896.00000p  949.9990m 
  898.00000p  949.9992m 
  900.00000p  949.9994m 
  902.00000p  949.9996m 
  904.00000p  949.9999m 
  906.00000p  950.0001m 
  908.00000p  950.0003m 
  910.00000p  950.0006m 
  912.00000p  950.0008m 
  914.00000p  950.0010m 
  916.00000p  950.0013m 
  918.00000p  950.0015m 
  920.00000p  950.0017m 
  922.00000p  950.0019m 
  924.00000p  950.0022m 
  926.00000p  950.0024m 
  928.00000p  950.0026m 
  930.00000p  950.0029m 
  932.00000p  950.0031m 
  934.00000p  950.0033m 
  936.00000p  950.0036m 
  938.00000p  950.0038m 
  940.00000p  950.0040m 
  942.00000p  950.0042m 
  944.00000p  950.0045m 
  946.00000p  950.0047m 
  948.00000p  950.0049m 
  950.00000p  950.0052m 
  952.00000p  950.0050m 
  954.00000p  950.0048m 
  956.00000p  950.0046m 
  958.00000p  950.0044m 
  960.00000p  950.0042m 
  962.00000p  950.0041m 
  964.00000p  950.0039m 
  966.00000p  950.0037m 
  968.00000p  950.0035m 
  970.00000p  950.0033m 
  972.00000p  950.0031m 
  974.00000p  950.0029m 
  976.00000p  950.0027m 
  978.00000p  950.0026m 
  980.00000p  950.0024m 
  982.00000p  950.0022m 
  984.00000p  950.0020m 
  986.00000p  950.0018m 
  988.00000p  950.0016m 
  990.00000p  950.0014m 
  992.00000p  950.0012m 
  994.00000p  950.0010m 
  996.00000p  950.0009m 
  998.00000p  950.0007m 
    1.00000n  950.0005m 
    1.00200n  950.0003m 
    1.00400n  950.0001m 
    1.00600n  949.9999m 
    1.00800n  949.9997m 
    1.01000n  949.9995m 
    1.01200n  949.9994m 
    1.01400n  949.9992m 
    1.01600n  949.9990m 
    1.01800n  949.9988m 
    1.02000n  949.9986m 
    1.02200n  949.9984m 
    1.02400n  949.9982m 
    1.02600n  949.9980m 
    1.02800n  949.9978m 
    1.03000n  949.9977m 
    1.03200n  949.9975m 
    1.03400n  949.9973m 
    1.03600n  949.9971m 
    1.03800n  949.9969m 
    1.04000n  949.9967m 
    1.04200n  949.9965m 
    1.04400n  949.9963m 
    1.04600n  949.9961m 
    1.04800n  949.9960m 
    1.05000n  949.9958m 
    1.05200n  949.9959m 
    1.05400n  949.9961m 
    1.05600n  949.9962m 
    1.05800n  949.9964m 
    1.06000n  949.9965m 
    1.06200n  949.9967m 
    1.06400n  949.9968m 
    1.06600n  949.9970m 
    1.06800n  949.9971m 
    1.07000n  949.9973m 
    1.07200n  949.9974m 
    1.07400n  949.9976m 
    1.07600n  949.9978m 
    1.07800n  949.9979m 
    1.08000n  949.9981m 
    1.08200n  949.9982m 
    1.08400n  949.9984m 
    1.08600n  949.9985m 
    1.08800n  949.9987m 
    1.09000n  949.9988m 
    1.09200n  949.9990m 
    1.09400n  949.9991m 
    1.09600n  949.9993m 
    1.09800n  949.9995m 
    1.10000n  949.9996m 
    1.10200n  949.9998m 
    1.10400n  949.9999m 
    1.10600n  950.0001m 
    1.10800n  950.0002m 
    1.11000n  950.0004m 
    1.11200n  950.0005m 
    1.11400n  950.0007m 
    1.11600n  950.0008m 
    1.11800n  950.0010m 
    1.12000n  950.0011m 
    1.12200n  950.0013m 
    1.12400n  950.0015m 
    1.12600n  950.0016m 
    1.12800n  950.0018m 
    1.13000n  950.0019m 
    1.13200n  950.0021m 
    1.13400n  950.0022m 
    1.13600n  950.0024m 
    1.13800n  950.0025m 
    1.14000n  950.0027m 
    1.14200n  950.0028m 
    1.14400n  950.0030m 
    1.14600n  950.0032m 
    1.14800n  950.0033m 
    1.15000n  950.0035m 
    1.15200n  950.0033m 
    1.15400n  950.0032m 
    1.15600n  950.0031m 
    1.15800n  950.0030m 
    1.16000n  950.0028m 
    1.16200n  950.0027m 
    1.16400n  950.0026m 
    1.16600n  950.0025m 
    1.16800n  950.0023m 
    1.17000n  950.0022m 
    1.17200n  950.0021m 
    1.17400n  950.0020m 
    1.17600n  950.0018m 
    1.17800n  950.0017m 
    1.18000n  950.0016m 
    1.18200n  950.0015m 
    1.18400n  950.0013m 
    1.18600n  950.0012m 
    1.18800n  950.0011m 
    1.19000n  950.0010m 
    1.19200n  950.0008m 
    1.19400n  950.0007m 
    1.19600n  950.0006m 
    1.19800n  950.0004m 
    1.20000n  950.0003m 
    1.20200n  950.0002m 
    1.20400n  950.0001m 
    1.20600n  949.9999m 
    1.20800n  949.9998m 
    1.21000n  949.9997m 
    1.21200n  949.9996m 
    1.21400n  949.9994m 
    1.21600n  949.9993m 
    1.21800n  949.9992m 
    1.22000n  949.9991m 
    1.22200n  949.9989m 
    1.22400n  949.9988m 
    1.22600n  949.9987m 
    1.22800n  949.9986m 
    1.23000n  949.9984m 
    1.23200n  949.9983m 
    1.23400n  949.9982m 
    1.23600n  949.9981m 
    1.23800n  949.9979m 
    1.24000n  949.9978m 
    1.24200n  949.9977m 
    1.24400n  949.9975m 
    1.24600n  949.9974m 
    1.24800n  949.9973m 
    1.25000n  949.9972m 
    1.25200n  949.9973m 
    1.25400n  949.9974m 
    1.25600n  949.9975m 
    1.25800n  949.9976m 
    1.26000n  949.9977m 
    1.26200n  949.9978m 
    1.26400n  949.9979m 
    1.26600n  949.9980m 
    1.26800n  949.9981m 
    1.27000n  949.9982m 
    1.27200n  949.9983m 
    1.27400n  949.9984m 
    1.27600n  949.9985m 
    1.27800n  949.9986m 
    1.28000n  949.9987m 
    1.28200n  949.9988m 
    1.28400n  949.9989m 
    1.28600n  949.9990m 
    1.28800n  949.9991m 
    1.29000n  949.9992m 
    1.29200n  949.9993m 
    1.29400n  949.9994m 
    1.29600n  949.9995m 
    1.29800n  949.9996m 
    1.30000n  949.9997m 
    1.30200n  949.9998m 
    1.30400n  949.9999m 
    1.30600n  950.0000m 
    1.30800n  950.0001m 
    1.31000n  950.0003m 
    1.31200n  950.0004m 
    1.31400n  950.0005m 
    1.31600n  950.0006m 
    1.31800n  950.0007m 
    1.32000n  950.0008m 
    1.32200n  950.0009m 
    1.32400n  950.0010m 
    1.32600n  950.0011m 
    1.32800n  950.0012m 
    1.33000n  950.0013m 
    1.33200n  950.0014m 
    1.33400n  950.0015m 
    1.33600n  950.0016m 
    1.33800n  950.0017m 
    1.34000n  950.0018m 
    1.34200n  950.0019m 
    1.34400n  950.0020m 
    1.34600n  950.0021m 
    1.34800n  950.0022m 
    1.35000n  950.0023m 
    1.35200n  950.0022m 
    1.35400n  950.0022m 
    1.35600n  950.0021m 
    1.35800n  950.0020m 
    1.36000n  950.0019m 
    1.36200n  950.0018m 
    1.36400n  950.0017m 
    1.36600n  950.0017m 
    1.36800n  950.0016m 
    1.37000n  950.0015m 
    1.37200n  950.0014m 
    1.37400n  950.0013m 
    1.37600n  950.0012m 
    1.37800n  950.0011m 
    1.38000n  950.0011m 
    1.38200n  950.0010m 
    1.38400n  950.0009m 
    1.38600n  950.0008m 
    1.38800n  950.0007m 
    1.39000n  950.0006m 
    1.39200n  950.0006m 
    1.39400n  950.0005m 
    1.39600n  950.0004m 
    1.39800n  950.0003m 
    1.40000n  950.0002m 
    1.40200n  950.0001m 
    1.40400n  950.0000m 
    1.40600n  950.0000m 
    1.40800n  949.9999m 
    1.41000n  949.9998m 
    1.41200n  949.9997m 
    1.41400n  949.9996m 
    1.41600n  949.9995m 
    1.41800n  949.9995m 
    1.42000n  949.9994m 
    1.42200n  949.9993m 
    1.42400n  949.9992m 
    1.42600n  949.9991m 
    1.42800n  949.9990m 
    1.43000n  949.9989m 
    1.43200n  949.9989m 
    1.43400n  949.9988m 
    1.43600n  949.9987m 
    1.43800n  949.9986m 
    1.44000n  949.9985m 
    1.44200n  949.9984m 
    1.44400n  949.9984m 
    1.44600n  949.9983m 
    1.44800n  949.9982m 
    1.45000n  949.9981m 
    1.45200n  949.9982m 
    1.45400n  949.9982m 
    1.45600n  949.9983m 
    1.45800n  949.9984m 
    1.46000n  949.9984m 
    1.46200n  949.9985m 
    1.46400n  949.9986m 
    1.46600n  949.9986m 
    1.46800n  949.9987m 
    1.47000n  949.9988m 
    1.47200n  949.9989m 
    1.47400n  949.9989m 
    1.47600n  949.9990m 
    1.47800n  949.9991m 
    1.48000n  949.9991m 
    1.48200n  949.9992m 
    1.48400n  949.9993m 
    1.48600n  949.9993m 
    1.48800n  949.9994m 
    1.49000n  949.9995m 
    1.49200n  949.9995m 
    1.49400n  949.9996m 
    1.49600n  949.9997m 
    1.49800n  949.9998m 
    1.50000n  949.9998m 
    1.50200n  949.9999m 
    1.50400n  950.0000m 
    1.50600n  950.0000m 
    1.50800n  950.0001m 
    1.51000n  950.0002m 
    1.51200n  950.0002m 
    1.51400n  950.0003m 
    1.51600n  950.0004m 
    1.51800n  950.0004m 
    1.52000n  950.0005m 
    1.52200n  950.0006m 
    1.52400n  950.0007m 
    1.52600n  950.0007m 
    1.52800n  950.0008m 
    1.53000n  950.0009m 
    1.53200n  950.0009m 
    1.53400n  950.0010m 
    1.53600n  950.0011m 
    1.53800n  950.0011m 
    1.54000n  950.0012m 
    1.54200n  950.0013m 
    1.54400n  950.0013m 
    1.54600n  950.0014m 
    1.54800n  950.0015m 
    1.55000n  950.0016m 
    1.55200n  950.0015m 
    1.55400n  950.0014m 
    1.55600n  950.0014m 
    1.55800n  950.0013m 
    1.56000n  950.0013m 
    1.56200n  950.0012m 
    1.56400n  950.0012m 
    1.56600n  950.0011m 
    1.56800n  950.0010m 
    1.57000n  950.0010m 
    1.57200n  950.0009m 
    1.57400n  950.0009m 
    1.57600n  950.0008m 
    1.57800n  950.0008m 
    1.58000n  950.0007m 
    1.58200n  950.0007m 
    1.58400n  950.0006m 
    1.58600n  950.0005m 
    1.58800n  950.0005m 
    1.59000n  950.0004m 
    1.59200n  950.0004m 
    1.59400n  950.0003m 
    1.59600n  950.0003m 
    1.59800n  950.0002m 
    1.60000n  950.0001m 
    1.60200n  950.0001m 
    1.60400n  950.0000m 
    1.60600n  950.0000m 
    1.60800n  949.9999m 
    1.61000n  949.9999m 
    1.61200n  949.9998m 
    1.61400n  949.9997m 
    1.61600n  949.9997m 
    1.61800n  949.9996m 
    1.62000n  949.9996m 
    1.62200n  949.9995m 
    1.62400n  949.9995m 
    1.62600n  949.9994m 
    1.62800n  949.9994m 
    1.63000n  949.9993m 
    1.63200n  949.9992m 
    1.63400n  949.9992m 
    1.63600n  949.9991m 
    1.63800n  949.9991m 
    1.64000n  949.9990m 
    1.64200n  949.9990m 
    1.64400n  949.9989m 
    1.64600n  949.9988m 
    1.64800n  949.9988m 
    1.65000n  949.9987m 
    1.65200n  949.9988m 
    1.65400n  949.9988m 
    1.65600n  949.9989m 
    1.65800n  949.9989m 
    1.66000n  949.9990m 
    1.66200n  949.9990m 
    1.66400n  949.9990m 
    1.66600n  949.9991m 
    1.66800n  949.9991m 
    1.67000n  949.9992m 
    1.67200n  949.9992m 
    1.67400n  949.9993m 
    1.67600n  949.9993m 
    1.67800n  949.9994m 
    1.68000n  949.9994m 
    1.68200n  949.9995m 
    1.68400n  949.9995m 
    1.68600n  949.9996m 
    1.68800n  949.9996m 
    1.69000n  949.9997m 
    1.69200n  949.9997m 
    1.69400n  949.9997m 
    1.69600n  949.9998m 
    1.69800n  949.9998m 
    1.70000n  949.9999m 
    1.70200n  949.9999m 
    1.70400n  950.0000m 
    1.70600n  950.0000m 
    1.70800n  950.0001m 
    1.71000n  950.0001m 
    1.71200n  950.0002m 
    1.71400n  950.0002m 
    1.71600n  950.0003m 
    1.71800n  950.0003m 
    1.72000n  950.0003m 
    1.72200n  950.0004m 
    1.72400n  950.0004m 
    1.72600n  950.0005m 
    1.72800n  950.0005m 
    1.73000n  950.0006m 
    1.73200n  950.0006m 
    1.73400n  950.0007m 
    1.73600n  950.0007m 
    1.73800n  950.0008m 
    1.74000n  950.0008m 
    1.74200n  950.0009m 
    1.74400n  950.0009m 
    1.74600n  950.0009m 
    1.74800n  950.0010m 
    1.75000n  950.0010m 
    1.75200n  950.0010m 
    1.75400n  950.0010m 
    1.75600n  950.0009m 
    1.75800n  950.0009m 
    1.76000n  950.0009m 
    1.76200n  950.0008m 
    1.76400n  950.0008m 
    1.76600n  950.0007m 
    1.76800n  950.0007m 
    1.77000n  950.0007m 
    1.77200n  950.0006m 
    1.77400n  950.0006m 
    1.77600n  950.0006m 
    1.77800n  950.0005m 
    1.78000n  950.0005m 
    1.78200n  950.0004m 
    1.78400n  950.0004m 
    1.78600n  950.0004m 
    1.78800n  950.0003m 
    1.79000n  950.0003m 
    1.79200n  950.0002m 
    1.79400n  950.0002m 
    1.79600n  950.0002m 
    1.79800n  950.0001m 
    1.80000n  950.0001m 
    1.80200n  950.0001m 
    1.80400n  950.0000m 
    1.80600n  950.0000m 
    1.80800n  949.9999m 
    1.81000n  949.9999m 
    1.81200n  949.9999m 
    1.81400n  949.9998m 
    1.81600n  949.9998m 
    1.81800n  949.9998m 
    1.82000n  949.9997m 
    1.82200n  949.9997m 
    1.82400n  949.9996m 
    1.82600n  949.9996m 
    1.82800n  949.9996m 
    1.83000n  949.9995m 
    1.83200n  949.9995m 
    1.83400n  949.9995m 
    1.83600n  949.9994m 
    1.83800n  949.9994m 
    1.84000n  949.9993m 
    1.84200n  949.9993m 
    1.84400n  949.9993m 
    1.84600n  949.9992m 
    1.84800n  949.9992m 
    1.85000n  949.9992m 
    1.85200n  949.9992m 
    1.85400n  949.9992m 
    1.85600n  949.9992m 
    1.85800n  949.9993m 
    1.86000n  949.9993m 
    1.86200n  949.9993m 
    1.86400n  949.9994m 
    1.86600n  949.9994m 
    1.86800n  949.9994m 
    1.87000n  949.9995m 
    1.87200n  949.9995m 
    1.87400n  949.9995m 
    1.87600n  949.9995m 
    1.87800n  949.9996m 
    1.88000n  949.9996m 
    1.88200n  949.9996m 
    1.88400n  949.9997m 
    1.88600n  949.9997m 
    1.88800n  949.9997m 
    1.89000n  949.9998m 
    1.89200n  949.9998m 
    1.89400n  949.9998m 
    1.89600n  949.9999m 
    1.89800n  949.9999m 
    1.90000n  949.9999m 
    1.90200n  950.0000m 
    1.90400n  950.0000m 
    1.90600n  950.0000m 
    1.90800n  950.0000m 
    1.91000n  950.0001m 
    1.91200n  950.0001m 
    1.91400n  950.0001m 
    1.91600n  950.0002m 
    1.91800n  950.0002m 
    1.92000n  950.0002m 
    1.92200n  950.0003m 
    1.92400n  950.0003m 
    1.92600n  950.0003m 
    1.92800n  950.0004m 
    1.93000n  950.0004m 
    1.93200n  950.0004m 
    1.93400n  950.0004m 
    1.93600n  950.0005m 
    1.93800n  950.0005m 
    1.94000n  950.0005m 
    1.94200n  950.0006m 
    1.94400n  950.0006m 
    1.94600n  950.0006m 
    1.94800n  950.0007m 
    1.95000n  950.0007m 
    1.95200n  950.0007m 
    1.95400n  950.0006m 
    1.95600n  950.0006m 
    1.95800n  950.0005m 
    1.96000n  950.0005m 
    1.96200n  950.0004m 
    1.96400n  950.0004m 
    1.96600n  950.0003m 
    1.96800n  950.0003m 
    1.97000n  950.0002m 
    1.97200n  950.0002m 
    1.97400n  950.0001m 
    1.97600n  950.0001m 
    1.97800n  950.0000m 
    1.98000n  950.0000m 
    1.98200n  950.0000m 
    1.98400n  949.9999m 
    1.98600n  949.9999m 
    1.98800n  949.9998m 
    1.99000n  949.9998m 
    1.99200n  949.9997m 
    1.99400n  949.9997m 
    1.99600n  949.9996m 
    1.99800n  949.9996m 
    2.00000n  949.9995m 
y
x

 time         voltage   
             n1         
             n2         
    0.       -500.0000m 
    2.00000p -477.3145m 
    4.00000p -453.1796m 
    6.00000p -429.0780m 
    8.00000p -404.9763m 
   10.00000p -380.9063m 
   12.00000p -356.8613m 
   14.00000p -332.8186m 
   16.00000p -308.7884m 
   18.00000p -284.7582m 
   20.00000p -260.7280m 
   22.00000p -236.6995m 
   24.00000p -212.6746m 
   26.00000p -188.6497m 
   28.00000p -164.6249m 
   30.00000p -140.6007m 
   32.00000p -116.5764m 
   34.00000p  -92.5523m 
   36.00000p  -68.5282m 
   38.00000p  -44.5041m 
   40.00000p  -20.4800m 
   42.00000p    3.5440m 
   44.00000p   27.5681m 
   46.00000p   51.5921m 
   48.00000p   75.6161m 
   50.00000p   99.6401m 
   52.00000p  123.6642m 
   54.00000p  147.6882m 
   56.00000p  171.7122m 
   58.00000p  195.7362m 
   60.00000p  219.7603m 
   62.00000p  243.7843m 
   64.00000p  267.8083m 
   66.00000p  291.8323m 
   68.00000p  315.8564m 
   70.00000p  339.8804m 
   72.00000p  363.9044m 
   74.00000p  387.9284m 
   76.00000p  411.9525m 
   78.00000p  433.8974m 
   80.00000p  450.0582m 
   82.00000p  466.2190m 
   84.00000p  479.9806m 
   86.00000p  483.7316m 
   88.00000p  487.4825m 
   90.00000p  491.2335m 
   92.00000p  494.9845m 
   94.00000p  498.7354m 
   96.00000p  501.9677m 
   98.00000p  501.8046m 
  100.00000p  501.6415m 
  102.00000p  501.4784m 
  104.00000p  501.3153m 
  106.00000p  501.1522m 
  108.00000p  500.9891m 
  110.00000p  500.8260m 
  112.00000p  500.6629m 
  114.00000p  500.4998m 
  116.00000p  500.3367m 
  118.00000p  500.1737m 
  120.00000p  500.0106m 
  122.00000p  499.8475m 
  124.00000p  499.6844m 
  126.00000p  499.5213m 
  128.00000p  499.3582m 
  130.00000p  499.1951m 
  132.00000p  499.0320m 
  134.00000p  498.8689m 
  136.00000p  498.9664m 
  138.00000p  499.1563m 
  140.00000p  499.3463m 
  142.00000p  499.5362m 
  144.00000p  499.7262m 
  146.00000p  499.9161m 
  148.00000p  500.1061m 
  150.00000p  500.2171m 
  152.00000p  500.1988m 
  154.00000p  500.1804m 
  156.00000p  500.1621m 
  158.00000p  500.1438m 
  160.00000p  500.1254m 
  162.00000p  500.1071m 
  164.00000p  500.0888m 
  166.00000p  500.0704m 
  168.00000p  500.0521m 
  170.00000p  500.0338m 
  172.00000p  500.0154m 
  174.00000p  499.9971m 
  176.00000p  499.9788m 
  178.00000p  499.9604m 
  180.00000p  499.9421m 
  182.00000p  499.9238m 
  184.00000p  499.9054m 
  186.00000p  499.8871m 
  188.00000p  499.8688m 
  190.00000p  499.8741m 
  192.00000p  499.8810m 
  194.00000p  499.8879m 
  196.00000p  499.8948m 
  198.00000p  499.9017m 
  200.00000p  499.9086m 
  202.00000p  499.9155m 
  204.00000p  499.9224m 
  206.00000p  499.9294m 
  208.00000p  499.9363m 
  210.00000p  499.9432m 
  212.00000p  499.9501m 
  214.00000p  499.9570m 
  216.00000p  499.9639m 
  218.00000p  499.9708m 
  220.00000p  499.9777m 
  222.00000p  499.9846m 
  224.00000p  499.9915m 
  226.00000p  499.9984m 
  228.00000p  500.0053m 
  230.00000p  500.0123m 
  232.00000p  500.0192m 
  234.00000p  500.0261m 
  236.00000p  500.0330m 
  238.00000p  500.0399m 
  240.00000p  500.0468m 
  242.00000p  500.0537m 
  244.00000p  500.0606m 
  246.00000p  500.0675m 
  248.00000p  500.0744m 
  250.00000p  500.0813m 
  252.00000p  500.0882m 
  254.00000p  500.0952m 
  256.00000p  500.0953m 
  258.00000p  500.0912m 
  260.00000p  500.0870m 
  262.00000p  500.0829m 
  264.00000p  500.0787m 
  266.00000p  500.0746m 
  268.00000p  500.0704m 
  270.00000p  500.0663m 
  272.00000p  500.0621m 
  274.00000p  500.0580m 
  276.00000p  500.0538m 
  278.00000p  500.0497m 
  280.00000p  500.0455m 
  282.00000p  500.0414m 
  284.00000p  500.0372m 
  286.00000p  500.0331m 
  288.00000p  500.0289m 
  290.00000p  500.0248m 
  292.00000p  500.0206m 
  294.00000p  500.0165m 
  296.00000p  500.0123m 
  298.00000p  500.0082m 
  300.00000p  500.0040m 
  302.00000p  499.9999m 
  304.00000p  499.9957m 
  306.00000p  499.9916m 
  308.00000p  499.9874m 
  310.00000p  499.9833m 
  312.00000p  499.9791m 
  314.00000p  499.9750m 
  316.00000p  499.9708m 
  318.00000p  499.9667m 
  320.00000p  499.9626m 
  322.00000p  499.9584m 
  324.00000p  499.9543m 
  326.00000p  499.9501m 
  328.00000p  499.9460m 
  330.00000p  499.9418m 
  332.00000p  499.9377m 
  334.00000p  499.9335m 
  336.00000p  499.9294m 
  338.00000p  499.9252m 
  340.00000p  499.9248m 
  342.00000p  499.9292m 
  344.00000p  499.9335m 
  346.00000p  499.9379m 
  348.00000p  499.9422m 
  350.00000p  499.9466m 
  352.00000p  499.9509m 
  354.00000p  499.9553m 
  356.00000p  499.9596m 
  358.00000p  499.9640m 
  360.00000p  499.9683m 
  362.00000p  499.9727m 
  364.00000p  499.9770m 
  366.00000p  499.9814m 
  368.00000p  499.9857m 
  370.00000p  499.9901m 
  372.00000p  499.9944m 
  374.00000p  499.9988m 
  376.00000p  500.0031m 
  378.00000p  500.0075m 
  380.00000p  500.0118m 
  382.00000p  500.0162m 
  384.00000p  500.0205m 
  386.00000p  500.0249m 
  388.00000p  500.0292m 
  390.00000p  500.0336m 
  392.00000p  500.0379m 
  394.00000p  500.0423m 
  396.00000p  500.0466m 
  398.00000p  500.0510m 
  400.00000p  500.0553m 
  402.00000p  477.3522m 
  404.00000p  453.2063m 
  406.00000p  429.0969m 
  408.00000p  404.9875m 
  410.00000p  380.9128m 
  412.00000p  356.8657m 
  414.00000p  332.8212m 
  416.00000p  308.7904m 
  418.00000p  284.7596m 
  420.00000p  260.7288m 
  422.00000p  236.6998m 
  424.00000p  212.6748m 
  426.00000p  188.6498m 
  428.00000p  164.6250m 
  430.00000p  140.6007m 
  432.00000p  116.5765m 
  434.00000p   92.5523m 
  436.00000p   68.5282m 
  438.00000p   44.5041m 
  440.00000p   20.4800m 
  442.00000p   -3.5440m 
  444.00000p  -27.5680m 
  446.00000p  -51.5921m 
  448.00000p  -75.6161m 
  450.00000p  -99.6401m 
  452.00000p -123.6642m 
  454.00000p -147.6882m 
  456.00000p -171.7122m 
  458.00000p -195.7362m 
  460.00000p -219.7603m 
  462.00000p -243.7843m 
  464.00000p -267.8083m 
  466.00000p -291.8323m 
  468.00000p -315.8564m 
  470.00000p -339.8804m 
  472.00000p -358.9180m 
  474.00000p -377.5307m 
  476.00000p -396.1435m 
  478.00000p -414.7562m 
  480.00000p -433.3689m 
  482.00000p -451.9817m 
  484.00000p -467.8913m 
  486.00000p -472.5226m 
  488.00000p -477.1538m 
  490.00000p -481.7851m 
  492.00000p -486.4164m 
  494.00000p -491.0476m 
  496.00000p -495.6789m 
  498.00000p -500.3102m 
  500.00000p -504.9414m 
  502.00000p -509.5727m 
  504.00000p -508.8073m 
  506.00000p -507.7017m 
  508.00000p -506.5961m 
  510.00000p -505.4905m 
  512.00000p -504.3849m 
  514.00000p -503.2793m 
  516.00000p -502.1738m 
  518.00000p -501.0682m 
  520.00000p -499.9626m 
  522.00000p -498.8570m 
  524.00000p -497.7514m 
  526.00000p -496.6458m 
  528.00000p -495.7518m 
  530.00000p -496.3125m 
  532.00000p -496.8732m 
  534.00000p -497.4339m 
  536.00000p -497.9946m 
  538.00000p -498.5553m 
  540.00000p -499.1160m 
  542.00000p -499.6766m 
  544.00000p -500.2373m 
  546.00000p -500.7980m 
  548.00000p -501.3587m 
  550.00000p -501.4016m 
  552.00000p -501.2428m 
  554.00000p -501.0839m 
  556.00000p -500.9251m 
  558.00000p -500.7663m 
  560.00000p -500.6074m 
  562.00000p -500.4486m 
  564.00000p -500.2897m 
  566.00000p -500.1309m 
  568.00000p -499.9721m 
  570.00000p -499.8132m 
  572.00000p -499.6544m 
  574.00000p -499.4955m 
  576.00000p -499.3367m 
  578.00000p -499.3145m 
  580.00000p -499.3719m 
  582.00000p -499.4293m 
  584.00000p -499.4866m 
  586.00000p -499.5440m 
  588.00000p -499.6013m 
  590.00000p -499.6587m 
  592.00000p -499.7161m 
  594.00000p -499.7734m 
  596.00000p -499.8308m 
  598.00000p -499.8882m 
  600.00000p -499.9455m 
  602.00000p -500.0029m 
  604.00000p -500.0602m 
  606.00000p -500.1176m 
  608.00000p -500.1750m 
  610.00000p -500.2323m 
  612.00000p -500.2897m 
  614.00000p -500.3470m 
  616.00000p -500.4044m 
  618.00000p -500.4223m 
  620.00000p -500.3954m 
  622.00000p -500.3685m 
  624.00000p -500.3415m 
  626.00000p -500.3146m 
  628.00000p -500.2877m 
  630.00000p -500.2608m 
  632.00000p -500.2338m 
  634.00000p -500.2069m 
  636.00000p -500.1800m 
  638.00000p -500.1530m 
  640.00000p -500.1261m 
  642.00000p -500.0992m 
  644.00000p -500.0723m 
  646.00000p -500.0453m 
  648.00000p -500.0184m 
  650.00000p -499.9915m 
  652.00000p -499.9646m 
  654.00000p -499.9376m 
  656.00000p -499.9107m 
  658.00000p -499.8838m 
  660.00000p -499.8568m 
  662.00000p -499.8299m 
  664.00000p -499.8030m 
  666.00000p -499.7761m 
  668.00000p -499.7491m 
  670.00000p -499.7222m 
  672.00000p -499.7017m 
  674.00000p -499.7136m 
  676.00000p -499.7255m 
  678.00000p -499.7374m 
  680.00000p -499.7493m 
  682.00000p -499.7611m 
  684.00000p -499.7730m 
  686.00000p -499.7849m 
  688.00000p -499.7968m 
  690.00000p -499.8087m 
  692.00000p -499.8206m 
  694.00000p -499.8325m 
  696.00000p -499.8444m 
  698.00000p -499.8563m 
  700.00000p -499.8682m 
  702.00000p -499.8801m 
  704.00000p -499.8920m 
  706.00000p -499.9039m 
  708.00000p -499.9158m 
  710.00000p -499.9277m 
  712.00000p -499.9396m 
  714.00000p -499.9515m 
  716.00000p -499.9634m 
  718.00000p -499.9753m 
  720.00000p -499.9871m 
  722.00000p -499.9990m 
  724.00000p -500.0109m 
  726.00000p -500.0228m 
  728.00000p -500.0347m 
  730.00000p -500.0466m 
  732.00000p -500.0585m 
  734.00000p -500.0704m 
  736.00000p -500.0823m 
  738.00000p -500.0942m 
  740.00000p -500.1061m 
  742.00000p -500.1180m 
  744.00000p -500.1299m 
  746.00000p -500.1418m 
  748.00000p -500.1537m 
  750.00000p -500.1656m 
  752.00000p -500.1775m 
  754.00000p -500.1894m 
  756.00000p -500.2012m 
  758.00000p -500.2131m 
  760.00000p -500.2250m 
  762.00000p -500.2369m 
  764.00000p -500.2271m 
  766.00000p -500.2068m 
  768.00000p -500.1865m 
  770.00000p -500.1662m 
  772.00000p -500.1459m 
  774.00000p -500.1256m 
  776.00000p -500.1053m 
  778.00000p -500.0850m 
  780.00000p -500.0647m 
  782.00000p -500.0444m 
  784.00000p -500.0241m 
  786.00000p -500.0038m 
  788.00000p -499.9835m 
  790.00000p -499.9632m 
  792.00000p -499.9429m 
  794.00000p -499.9226m 
  796.00000p -499.9023m 
  798.00000p -499.8820m 
  800.00000p -499.8617m 
  802.00000p -499.8655m 
  804.00000p -499.8706m 
  806.00000p -499.8756m 
  808.00000p -499.8807m 
  810.00000p -499.8858m 
  812.00000p -499.8908m 
  814.00000p -499.8959m 
  816.00000p -499.9010m 
  818.00000p -499.9060m 
  820.00000p -499.9111m 
  822.00000p -499.9162m 
  824.00000p -499.9212m 
  826.00000p -499.9263m 
  828.00000p -499.9314m 
  830.00000p -499.9364m 
  832.00000p -499.9415m 
  834.00000p -499.9466m 
  836.00000p -499.9516m 
  838.00000p -499.9567m 
  840.00000p -499.9618m 
  842.00000p -499.9668m 
  844.00000p -499.9719m 
  846.00000p -499.9770m 
  848.00000p -499.9820m 
  850.00000p -499.9871m 
  852.00000p -499.9878m 
  854.00000p -499.9882m 
  856.00000p -499.9887m 
  858.00000p -499.9892m 
  860.00000p -499.9896m 
  862.00000p -499.9901m 
  864.00000p -499.9905m 
  866.00000p -499.9910m 
  868.00000p -499.9915m 
  870.00000p -499.9919m 
  872.00000p -499.9924m 
  874.00000p -499.9928m 
  876.00000p -499.9933m 
  878.00000p -499.9938m 
  880.00000p -499.9942m 
  882.00000p -499.9947m 
  884.00000p -499.9951m 
  886.00000p -499.9956m 
  888.00000p -499.9961m 
  890.00000p -499.9965m 
  892.00000p -499.9970m 
  894.00000p -499.9974m 
  896.00000p -499.9979m 
  898.00000p -499.9984m 
  900.00000p -499.9988m 
  902.00000p -499.9993m 
  904.00000p -499.9997m 
  906.00000p -500.0002m 
  908.00000p -500.0007m 
  910.00000p -500.0011m 
  912.00000p -500.0016m 
  914.00000p -500.0020m 
  916.00000p -500.0025m 
  918.00000p -500.0030m 
  920.00000p -500.0034m 
  922.00000p -500.0039m 
  924.00000p -500.0044m 
  926.00000p -500.0048m 
  928.00000p -500.0053m 
  930.00000p -500.0057m 
  932.00000p -500.0062m 
  934.00000p -500.0067m 
  936.00000p -500.0071m 
  938.00000p -500.0076m 
  940.00000p -500.0080m 
  942.00000p -500.0085m 
  944.00000p -500.0090m 
  946.00000p -500.0094m 
  948.00000p -500.0099m 
  950.00000p -500.0103m 
  952.00000p -500.0100m 
  954.00000p -500.0096m 
  956.00000p -500.0092m 
  958.00000p -500.0089m 
  960.00000p -500.0085m 
  962.00000p -500.0081m 
  964.00000p -500.0077m 
  966.00000p -500.0074m 
  968.00000p -500.0070m 
  970.00000p -500.0066m 
  972.00000p -500.0062m 
  974.00000p -500.0059m 
  976.00000p -500.0055m 
  978.00000p -500.0051m 
  980.00000p -500.0047m 
  982.00000p -500.0044m 
  984.00000p -500.0040m 
  986.00000p -500.0036m 
  988.00000p -500.0032m 
  990.00000p -500.0028m 
  992.00000p -500.0025m 
  994.00000p -500.0021m 
  996.00000p -500.0017m 
  998.00000p -500.0013m 
    1.00000n -500.0010m 
    1.00200n -500.0006m 
    1.00400n -500.0002m 
    1.00600n -499.9998m 
    1.00800n -499.9995m 
    1.01000n -499.9991m 
    1.01200n -499.9987m 
    1.01400n -499.9983m 
    1.01600n -499.9979m 
    1.01800n -499.9976m 
    1.02000n -499.9972m 
    1.02200n -499.9968m 
    1.02400n -499.9964m 
    1.02600n -499.9961m 
    1.02800n -499.9957m 
    1.03000n -499.9953m 
    1.03200n -499.9949m 
    1.03400n -499.9946m 
    1.03600n -499.9942m 
    1.03800n -499.9938m 
    1.04000n -499.9934m 
    1.04200n -499.9930m 
    1.04400n -499.9927m 
    1.04600n -499.9923m 
    1.04800n -499.9919m 
    1.05000n -499.9915m 
    1.05200n -499.9918m 
    1.05400n -499.9921m 
    1.05600n -499.9924m 
    1.05800n -499.9927m 
    1.06000n -499.9930m 
    1.06200n -499.9934m 
    1.06400n -499.9937m 
    1.06600n -499.9940m 
    1.06800n -499.9943m 
    1.07000n -499.9946m 
    1.07200n -499.9949m 
    1.07400n -499.9952m 
    1.07600n -499.9955m 
    1.07800n -499.9958m 
    1.08000n -499.9961m 
    1.08200n -499.9964m 
    1.08400n -499.9967m 
    1.08600n -499.9971m 
    1.08800n -499.9974m 
    1.09000n -499.9977m 
    1.09200n -499.9980m 
    1.09400n -499.9983m 
    1.09600n -499.9986m 
    1.09800n -499.9989m 
    1.10000n -499.9992m 
    1.10200n -499.9995m 
    1.10400n -499.9998m 
    1.10600n -500.0001m 
    1.10800n -500.0004m 
    1.11000n -500.0008m 
    1.11200n -500.0011m 
    1.11400n -500.0014m 
    1.11600n -500.0017m 
    1.11800n -500.0020m 
    1.12000n -500.0023m 
    1.12200n -500.0026m 
    1.12400n -500.0029m 
    1.12600n -500.0032m 
    1.12800n -500.0035m 
    1.13000n -500.0038m 
    1.13200n -500.0041m 
    1.13400n -500.0045m 
    1.13600n -500.0048m 
    1.13800n -500.0051m 
    1.14000n -500.0054m 
    1.14200n -500.0057m 
    1.14400n -500.0060m 
    1.14600n -500.0063m 
    1.14800n -500.0066m 
    1.15000n -500.0069m 
    1.15200n -500.0067m 
    1.15400n -500.0064m 
    1.15600n -500.0062m 
    1.15800n -500.0059m 
    1.16000n -500.0057m 
    1.16200n -500.0054m 
    1.16400n -500.0052m 
    1.16600n -500.0049m 
    1.16800n -500.0047m 
    1.17000n -500.0044m 
    1.17200n -500.0042m 
    1.17400n -500.0039m 
    1.17600n -500.0037m 
    1.17800n -500.0034m 
    1.18000n -500.0032m 
    1.18200n -500.0029m 
    1.18400n -500.0027m 
    1.18600n -500.0024m 
    1.18800n -500.0022m 
    1.19000n -500.0019m 
    1.19200n -500.0017m 
    1.19400n -500.0014m 
    1.19600n -500.0011m 
    1.19800n -500.0009m 
    1.20000n -500.0006m 
    1.20200n -500.0004m 
    1.20400n -500.0001m 
    1.20600n -499.9999m 
    1.20800n -499.9996m 
    1.21000n -499.9994m 
    1.21200n -499.9991m 
    1.21400n -499.9989m 
    1.21600n -499.9986m 
    1.21800n -499.9984m 
    1.22000n -499.9981m 
    1.22200n -499.9979m 
    1.22400n -499.9976m 
    1.22600n -499.9974m 
    1.22800n -499.9971m 
    1.23000n -499.9969m 
    1.23200n -499.9966m 
    1.23400n -499.9964m 
    1.23600n -499.9961m 
    1.23800n -499.9959m 
    1.24000n -499.9956m 
    1.24200n -499.9953m 
    1.24400n -499.9951m 
    1.24600n -499.9948m 
    1.24800n -499.9946m 
    1.25000n -499.9943m 
    1.25200n -499.9945m 
    1.25400n -499.9947m 
    1.25600n -499.9949m 
    1.25800n -499.9951m 
    1.26000n -499.9953m 
    1.26200n -499.9956m 
    1.26400n -499.9958m 
    1.26600n -499.9960m 
    1.26800n -499.9962m 
    1.27000n -499.9964m 
    1.27200n -499.9966m 
    1.27400n -499.9968m 
    1.27600n -499.9970m 
    1.27800n -499.9972m 
    1.28000n -499.9974m 
    1.28200n -499.9976m 
    1.28400n -499.9978m 
    1.28600n -499.9980m 
    1.28800n -499.9982m 
    1.29000n -499.9984m 
    1.29200n -499.9986m 
    1.29400n -499.9989m 
    1.29600n -499.9991m 
    1.29800n -499.9993m 
    1.30000n -499.9995m 
    1.30200n -499.9997m 
    1.30400n -499.9999m 
    1.30600n -500.0001m 
    1.30800n -500.0003m 
    1.31000n -500.0005m 
    1.31200n -500.0007m 
    1.31400n -500.0009m 
    1.31600n -500.0011m 
    1.31800n -500.0013m 
    1.32000n -500.0015m 
    1.32200n -500.0017m 
    1.32400n -500.0020m 
    1.32600n -500.0022m 
    1.32800n -500.0024m 
    1.33000n -500.0026m 
    1.33200n -500.0028m 
    1.33400n -500.0030m 
    1.33600n -500.0032m 
    1.33800n -500.0034m 
    1.34000n -500.0036m 
    1.34200n -500.0038m 
    1.34400n -500.0040m 
    1.34600n -500.0042m 
    1.34800n -500.0044m 
    1.35000n -500.0046m 
    1.35200n -500.0045m 
    1.35400n -500.0043m 
    1.35600n -500.0041m 
    1.35800n -500.0040m 
    1.36000n -500.0038m 
    1.36200n -500.0036m 
    1.36400n -500.0035m 
    1.36600n -500.0033m 
    1.36800n -500.0031m 
    1.37000n -500.0030m 
    1.37200n -500.0028m 
    1.37400n -500.0026m 
    1.37600n -500.0025m 
    1.37800n -500.0023m 
    1.38000n -500.0021m 
    1.38200n -500.0020m 
    1.38400n -500.0018m 
    1.38600n -500.0016m 
    1.38800n -500.0014m 
    1.39000n -500.0013m 
    1.39200n -500.0011m 
    1.39400n -500.0009m 
    1.39600n -500.0008m 
    1.39800n -500.0006m 
    1.40000n -500.0004m 
    1.40200n -500.0003m 
    1.40400n -500.0001m 
    1.40600n -499.9999m 
    1.40800n -499.9998m 
    1.41000n -499.9996m 
    1.41200n -499.9994m 
    1.41400n -499.9992m 
    1.41600n -499.9991m 
    1.41800n -499.9989m 
    1.42000n -499.9987m 
    1.42200n -499.9986m 
    1.42400n -499.9984m 
    1.42600n -499.9982m 
    1.42800n -499.9981m 
    1.43000n -499.9979m 
    1.43200n -499.9977m 
    1.43400n -499.9976m 
    1.43600n -499.9974m 
    1.43800n -499.9972m 
    1.44000n -499.9971m 
    1.44200n -499.9969m 
    1.44400n -499.9967m 
    1.44600n -499.9965m 
    1.44800n -499.9964m 
    1.45000n -499.9962m 
    1.45200n -499.9963m 
    1.45400n -499.9965m 
    1.45600n -499.9966m 
    1.45800n -499.9967m 
    1.46000n -499.9969m 
    1.46200n -499.9970m 
    1.46400n -499.9972m 
    1.46600n -499.9973m 
    1.46800n -499.9974m 
    1.47000n -499.9976m 
    1.47200n -499.9977m 
    1.47400n -499.9979m 
    1.47600n -499.9980m 
    1.47800n -499.9981m 
    1.48000n -499.9983m 
    1.48200n -499.9984m 
    1.48400n -499.9985m 
    1.48600n -499.9987m 
    1.48800n -499.9988m 
    1.49000n -499.9990m 
    1.49200n -499.9991m 
    1.49400n -499.9992m 
    1.49600n -499.9994m 
    1.49800n -499.9995m 
    1.50000n -499.9996m 
    1.50200n -499.9998m 
    1.50400n -499.9999m 
    1.50600n -500.0001m 
    1.50800n -500.0002m 
    1.51000n -500.0003m 
    1.51200n -500.0005m 
    1.51400n -500.0006m 
    1.51600n -500.0008m 
    1.51800n -500.0009m 
    1.52000n -500.0010m 
    1.52200n -500.0012m 
    1.52400n -500.0013m 
    1.52600n -500.0014m 
    1.52800n -500.0016m 
    1.53000n -500.0017m 
    1.53200n -500.0019m 
    1.53400n -500.0020m 
    1.53600n -500.0021m 
    1.53800n -500.0023m 
    1.54000n -500.0024m 
    1.54200n -500.0025m 
    1.54400n -500.0027m 
    1.54600n -500.0028m 
    1.54800n -500.0030m 
    1.55000n -500.0031m 
    1.55200n -500.0030m 
    1.55400n -500.0029m 
    1.55600n -500.0028m 
    1.55800n -500.0027m 
    1.56000n -500.0025m 
    1.56200n -500.0024m 
    1.56400n -500.0023m 
    1.56600n -500.0022m 
    1.56800n -500.0021m 
    1.57000n -500.0020m 
    1.57200n -500.0019m 
    1.57400n -500.0018m 
    1.57600n -500.0016m 
    1.57800n -500.0015m 
    1.58000n -500.0014m 
    1.58200n -500.0013m 
    1.58400n -500.0012m 
    1.58600n -500.0011m 
    1.58800n -500.0010m 
    1.59000n -500.0009m 
    1.59200n -500.0007m 
    1.59400n -500.0006m 
    1.59600n -500.0005m 
    1.59800n -500.0004m 
    1.60000n -500.0003m 
    1.60200n -500.0002m 
    1.60400n -500.0001m 
    1.60600n -499.9999m 
    1.60800n -499.9998m 
    1.61000n -499.9997m 
    1.61200n -499.9996m 
    1.61400n -499.9995m 
    1.61600n -499.9994m 
    1.61800n -499.9993m 
    1.62000n -499.9992m 
    1.62200n -499.9990m 
    1.62400n -499.9989m 
    1.62600n -499.9988m 
    1.62800n -499.9987m 
    1.63000n -499.9986m 
    1.63200n -499.9985m 
    1.63400n -499.9984m 
    1.63600n -499.9983m 
    1.63800n -499.9981m 
    1.64000n -499.9980m 
    1.64200n -499.9979m 
    1.64400n -499.9978m 
    1.64600n -499.9977m 
    1.64800n -499.9976m 
    1.65000n -499.9975m 
    1.65200n -499.9975m 
    1.65400n -499.9976m 
    1.65600n -499.9977m 
    1.65800n -499.9978m 
    1.66000n -499.9979m 
    1.66200n -499.9980m 
    1.66400n -499.9981m 
    1.66600n -499.9982m 
    1.66800n -499.9983m 
    1.67000n -499.9984m 
    1.67200n -499.9985m 
    1.67400n -499.9986m 
    1.67600n -499.9987m 
    1.67800n -499.9987m 
    1.68000n -499.9988m 
    1.68200n -499.9989m 
    1.68400n -499.9990m 
    1.68600n -499.9991m 
    1.68800n -499.9992m 
    1.69000n -499.9993m 
    1.69200n -499.9994m 
    1.69400n -499.9995m 
    1.69600n -499.9996m 
    1.69800n -499.9997m 
    1.70000n -499.9998m 
    1.70200n -499.9999m 
    1.70400n -499.9999m 
    1.70600n -500.0000m 
    1.70800n -500.0001m 
    1.71000n -500.0002m 
    1.71200n -500.0003m 
    1.71400n -500.0004m 
    1.71600n -500.0005m 
    1.71800n -500.0006m 
    1.72000n -500.0007m 
    1.72200n -500.0008m 
    1.72400n -500.0009m 
    1.72600n -500.0010m 
    1.72800n -500.0011m 
    1.73000n -500.0012m 
    1.73200n -500.0012m 
    1.73400n -500.0013m 
    1.73600n -500.0014m 
    1.73800n -500.0015m 
    1.74000n -500.0016m 
    1.74200n -500.0017m 
    1.74400n -500.0018m 
    1.74600n -500.0019m 
    1.74800n -500.0020m 
    1.75000n -500.0021m 
    1.75200n -500.0020m 
    1.75400n -500.0019m 
    1.75600n -500.0019m 
    1.75800n -500.0018m 
    1.76000n -500.0017m 
    1.76200n -500.0016m 
    1.76400n -500.0016m 
    1.76600n -500.0015m 
    1.76800n -500.0014m 
    1.77000n -500.0013m 
    1.77200n -500.0013m 
    1.77400n -500.0012m 
    1.77600n -500.0011m 
    1.77800n -500.0010m 
    1.78000n -500.0009m 
    1.78200n -500.0009m 
    1.78400n -500.0008m 
    1.78600n -500.0007m 
    1.78800n -500.0006m 
    1.79000n -500.0006m 
    1.79200n -500.0005m 
    1.79400n -500.0004m 
    1.79600n -500.0003m 
    1.79800n -500.0003m 
    1.80000n -500.0002m 
    1.80200n -500.0001m 
    1.80400n -500.0000m 
    1.80600n -500.0000m 
    1.80800n -499.9999m 
    1.81000n -499.9998m 
    1.81200n -499.9997m 
    1.81400n -499.9997m 
    1.81600n -499.9996m 
    1.81800n -499.9995m 
    1.82000n -499.9994m 
    1.82200n -499.9994m 
    1.82400n -499.9993m 
    1.82600n -499.9992m 
    1.82800n -499.9991m 
    1.83000n -499.9991m 
    1.83200n -499.9990m 
    1.83400n -499.9989m 
    1.83600n -499.9988m 
    1.83800n -499.9988m 
    1.84000n -499.9987m 
    1.84200n -499.9986m 
    1.84400n -499.9985m 
    1.84600n -499.9985m 
    1.84800n -499.9984m 
    1.85000n -499.9983m 
    1.85200n -499.9984m 
    1.85400n -499.9984m 
    1.85600n -499.9985m 
    1.85800n -499.9985m 
    1.86000n -499.9986m 
    1.86200n -499.9987m 
    1.86400n -499.9987m 
    1.86600n -499.9988m 
    1.86800n -499.9989m 
    1.87000n -499.9989m 
    1.87200n -499.9990m 
    1.87400n -499.9990m 
    1.87600n -499.9991m 
    1.87800n -499.9992m 
    1.88000n -499.9992m 
    1.88200n -499.9993m 
    1.88400n -499.9993m 
    1.88600n -499.9994m 
    1.88800n -499.9995m 
    1.89000n -499.9995m 
    1.89200n -499.9996m 
    1.89400n -499.9997m 
    1.89600n -499.9997m 
    1.89800n -499.9998m 
    1.90000n -499.9998m 
    1.90200n -499.9999m 
    1.90400n -500.0000m 
    1.90600n -500.0000m 
    1.90800n -500.0001m 
    1.91000n -500.0002m 
    1.91200n -500.0002m 
    1.91400n -500.0003m 
    1.91600n -500.0003m 
    1.91800n -500.0004m 
    1.92000n -500.0005m 
    1.92200n -500.0005m 
    1.92400n -500.0006m 
    1.92600n -500.0006m 
    1.92800n -500.0007m 
    1.93000n -500.0008m 
    1.93200n -500.0008m 
    1.93400n -500.0009m 
    1.93600n -500.0010m 
    1.93800n -500.0010m 
    1.94000n -500.0011m 
    1.94200n -500.0011m 
    1.94400n -500.0012m 
    1.94600n -500.0013m 
    1.94800n -500.0013m 
    1.95000n -500.0014m 
    1.95200n -500.0013m 
    1.95400n -500.0012m 
    1.95600n -500.0011m 
    1.95800n -500.0010m 
    1.96000n -500.0009m 
    1.96200n -500.0008m 
    1.96400n -500.0007m 
    1.96600n -500.0007m 
    1.96800n -500.0006m 
    1.97000n -500.0005m 
    1.97200n -500.0004m 
    1.97400n -500.0003m 
    1.97600n -500.0002m 
    1.97800n -500.0001m 
    1.98000n -500.0000m 
    1.98200n -499.9999m 
    1.98400n -499.9998m 
    1.98600n -499.9997m 
    1.98800n -499.9996m 
    1.99000n -499.9995m 
    1.99200n -499.9994m 
    1.99400n -499.9994m 
    1.99600n -499.9993m 
    1.99800n -499.9992m 
    2.00000n -499.9991m 
y

          ***** job concluded
 ******  
 * net list generated by topology workbench.

 ****** job statistics summary tnom=  25.000 temp=  25.000 ******

  ******  PrimeSim HSPICE Threads Information  ******

  Command Line Threads Count :     1
  Available CPU Count        :    12
  Actual Threads Count       :     1


  ******  Circuit Statistics  ******
  # nodes       =      10 # elements   =      11
  # resistors   =       3 # capacitors =       0 # inductors   =       0
  # mutual_inds =       0 # vccs       =       0 # vcvs        =       0
  # cccs        =       0 # ccvs       =       0 # volt_srcs   =       6
  # curr_srcs   =       0 # diodes     =       0 # bjts        =       0
  # jfets       =       0 # mosfets    =       0 # U elements  =       0
  # T elements  =       0 # W elements =       0 # B elements  =       2
  # S elements  =       0 # P elements =       0 # va device   =       0
  # vector_srcs =       0 # N elements =       0


  ******  Runtime Statistics (seconds)  ******

  analysis           time    # points   tot. iter  conv.iter
  op point           0.00           1           5
  transient          0.00        1001         164          82 rev=         3
  readin             0.02
  errchk             0.01
  setup              0.00
  output             0.00


           peak memory used         72.00 megabytes
           total cpu time            0.04 seconds
           total elapsed time        0.16 seconds
           job started at     13:46:05 06/18/2026
           job ended   at     13:46:05 06/18/2026
           job total runtime         0.16 seconds


  lic: Release hspice token(s) 
 lic: total license checkout elapse time:        0.10(s)
