 ****** PrimeSim HSPICE -- T-2022.06 win64 (May 20 2022 7637141) ******
  Copyright (c) 1986 - 2026 by Synopsys, Inc. All Rights Reserved.
  This software and the associated documentation are proprietary
  to Synopsys, Inc. This software may only be used in accordance
  with the terms and conditions of a written license agreement with
  Synopsys, Inc. All other use, reproduction, or distribution of
  this software is strictly prohibited.
  Input File: inv_chain_spice_subckt.sp                                         
  Command line options: C:\synopsys\Hspice_T-2022.06\WIN64\hspice.com -i inv_chain_spice_subckt.sp -o inv_chain_spice_subckt
  Start time: Thu Jun  4 01:17:24 2026
  lic:  
  lic: FLEXlm: SDK_12.10 
  lic: USER:   sh3qm                HOSTNAME: rd78ece-emclab 
  lic: HOSTID: 00ff89f5aa52         PID:      18040 
  lic: Using FLEXlm license file: 
  lic: 1704@synopsys.lic.mst.edu 
  lic: Checkout 1 hspice 
  lic: License/Maintenance for hspice will expire on 26-may-2027/2026.03 
  lic: 1(in_use)/50(total) FLOATING license(s) on SERVER 1704@synopsys.lic.mst.e
 du 
  lic:   
  **warning** (inv_chain_spice_subckt.sp:2) runlvl smaller than 5, reset to 5 when accurate turned on

 **warning**  runlvl smaller than 5, reset to 5 when accurate turned on
1****** PrimeSim HSPICE -- T-2022.06 win64 (May 20 2022 7637141) ******
 ******  
 * generated hspice transistor/subcircuit rsf bench for inv_chain

 ****** circuit name directory
 circuit number to circuit name directory
   number circuitname                     definition         multiplier
        0 main circuit
        1 xref.                           invchain_ref       1.00 
  **info** (inv_chain_spice_subckt.sp:5) DC voltage reset to initial transient source value in source 0:vin. new dc=0.0000D+00
 ***************************************************************************
 ***        model parameters  model name:   0:pch_tn.16        model type:pmos   ***
 ***************************************************************************

   *** general parameters ***
    deriv=   0.           

   ***  level 49  model parameters  ***

       hspver=    2006.03               level=         49         
      version=       3.24            paramchk=          1         
       apwarn=          1                lite=          0         
       vgslim=          0             binUnit=          1         
       capMod=          2               xpart=          1         
       mobMod=          1              nqsMod=          0         
       stiMod=          0                 elm=          5         
     sfvtflag=          0                 tox=    3.7e-09 meter   
           xj=    1.9e-07 meter       binflag=          1         
         lmin=    1.6e-07 meter          lmax=1.84111e-07 meter   
         wmin=   4.92e-07 meter          wmax=  4.992e-06 meter   
         lref=          0 meter          wref=          0 meter   
         lint=      3e-08 meter          wint= 5.0079e-10 meter   
        lmult=          1               wmult=          1         
           ll=          0                 lln=          1         
           lw=          0                 lwn=          1         
          lwl=          0                  wl=          0         
          wln=          1                  ww=          0         
          wwn=          1                 wwl=          0         
          dwg=          0 m/V             dwb=          0 m/V^1/2 
           xl=      2e-08                  xw=      3e-08         
           a0=     2.8933                 ags=    0.86502 V^-1    
           b0=          0 meter            b1=          0 meter   
         keta=   -0.04735 V^-1           voff=  -0.059403 V       
        ngate=          0 cm^-3           vbx=          0 V       
          vbm=         -3 V                xt=   1.55e-07 meter   
         vth0=   -0.66634 V               nch= 4.5117e+17 cm^-3   
         nsub=      6e+16 cm^-3           nlx=          0 meter   
       gamma1=          0 V^-1/2       gamma2=          0 V^-1/2  
           k1=     0.2932 V^1/2            k2=    0.18532         
           k3=          0                 k3b=          0 V^-1    
           w0=          0 meter          dvt0=          0         
         dvt1=          0                dvt2=          0 V^-1    
        dvt0w=          0 meter^-1      dvt1w=          0 meter^-1
        dvt2w=          0 V^-1           dsub=          0         
         eta0=  -0.023556                etab= -0.0011153 V^-1    
           u0=     54.485 cm^2/V/sec         ua=-6.2558e-10 m/V     
           ub= 1.4772e-18 (m/V)^2          uc=  1.628e-11 V^-1    
         vsat=      94760 m/sec            a1=          0 v^-1    
           a2=        0.7               delta=       0.01 V       
         rdsw=     768.97 ohm-um         prwg=          0 V^-1    
         prwb=          0 V^-1/2           wr=          1         
         pclm=     1.3476             pdiblc1=          0         
      pdiblc2=   0.012271             pdiblcb=          0 V^-1    
       pscbe1=  4.407e+08 V/m          pscbe2=      5e-07 V/m     
        drout=          0                pvag=          0         
      nfactor=     2.2801                cdsc=          0 f/m^2   
        cdscb=          0 f/V/m^2       cdscd=          0 f/V/m^2 
          cit= -0.0030275 f/m^2        alpha0=    2.1e-09 m/V     
        beta0=       13.2 V               dlc=    5.5e-08 meter   
          dwc=     -4e-08 meter           clc=      1e-07 meter   
          cle=        0.6                cgso= 2.9739e-10 f/m     
         cgdo= 2.9739e-10 f/m            cgbo=      1e-11 f/m     
         cgsl=          0 f/m            cgdl=          0 f/m     
       ckappa=        0.6                  cf=          0 f/m     
         acde=          1 m/V            moin=         15 V^1/2   
         toxm=    3.7e-09 m            dtoxcv=          0 m       
          vfb (not used)                alpha1=          0 1/V     
         ijth=        0.1 A              noff=          1         
       voffcv=          0                 tcj=          0 1/K     
        tcjsw=          0 1/K          tcjswg=          0 1/K     
          tpb=          0 V/K           tpbsw=          0 V/K     
       tpbswg=          0 V/K             llc=          0         
          lwc=          0                lwlc=          0         
          wlc=          0                 wwc=          0         
         wwlc=          0                tnom=     298.15 K       
          kt1=   -0.16967 V              kt1l=          0         
          kt2=  -0.053397                 ute=    -1.1629         
          ua1=          0 m/V             ub1=          0 (m/V)^2 
          uc1=-7.3634e-10 m/V^2            at=     183580 m/s     
          prt=          0         
          using Berkeley noise model       noiMod=          2         
         noia=  7.943e+19                noib=  2.692e+06         
         noic=  4.467e-12                  em=    1.1e+07         
           ef=       1.15                  af=          1         
           kf=          0              gdsnoi=-1.23457e-29         
          using Berkeley diodes          using ACM 
          acm=        12                 hdif=  1.65e-07 meter    
         ldif=     9e-08 meter             js=1.2134e-07 amp/m^2  
          jsw=4.9305e-14 amp/m            xti=         3          
           nj=    1.0096                   cj= 0.0010787 f/m^2    
           mj=   0.41039                   pb=   0.82903 V        
         cjsw=1.8905e-10 f/m             mjsw=   0.10983          
          php (not used)                  pbsw=       0.5 V        
       cjgate (not used)                 cjswg=   5.7e-10 f/m      
        mjswg=    0.2594                pbswg=    0.6152 V        
          la0=   -0.18083                lags=    0.27188         
        lketa=  0.0071683               lvoff= -0.0069483         
        lvth0=    0.02665                 lk1=   0.036825         
          lk2=  -0.032505               leta0=  0.0043175         
        letab=-0.00033231                 lu0=    0.41211         
          lua=-2.9746e-11                 lub= 1.6371e-20         
          luc=-1.6201e-12               lvsat=-1.4389e-09         
       ldelta= 4.4395e-17               lpclm=  -0.047566         
     lpdiblc2=-0.00030594             lpscbe1=  5.178e+07         
     lnfactor=   -0.14109                lcit= 0.00051188         
         lkt1=  -0.016082                lkt2= 0.00046399         
         lute=   0.047187                luc1= 9.1551e-11         
          lat=     -16685                 wa0=    -1.5908         
         wags=    0.33095               wketa= -0.0005245         
        wvoff=   0.064458               wvth0=  -0.019156         
          wk1=    0.40792                 wk2=   -0.14731         
        weta0= -0.0087958               wetab=  0.0031514         
          wu0=      5.755                 wua= 3.9455e-10         
          wub=-5.8932e-19                 wuc=-8.5993e-11         
        wvsat=-7.5492e-09               wpclm=    0.26243         
     wpdiblc2= -0.0059809             wpscbe1= 1.8041e+09         
     wnfactor=    -1.0503                wcit=-0.00021743         
         wkt1=   -0.21172                wkt2=  -0.062241         
         wute=    0.27284                wuc1= 4.9569e-10         
          wat=      35947                 pa0=    0.22859         
         pags=  -0.020275               pketa=-0.00031296         
        pvoff= -0.0095655               pvth0=  0.0049387         
          pk1=  -0.056925                 pk2=   0.019968         
        peta0=  0.0011905               petab= -0.0003925         
          pu0=   -0.93316                 pua=-4.5072e-11         
          pub= 5.2506e-20                 puc= 7.9727e-12         
        pvsat= 1.0068e-09               ppclm=  -0.029684         
     ppdiblc2= 0.00075485             ppscbe1=-2.5998e+08         
     pnfactor=    0.18575                pcit=-5.2039e-05         
         pkt1=   0.029112                pkt2=  0.0086714         
         pute=  -0.029476                puc1=-6.3113e-11         
          pat=    -5177.9         
 ***************************************************************************
 ***        model parameters  model name:   0:nch_tn.17        model type:nmos   ***
 ***************************************************************************

   *** general parameters ***
    deriv=   0.           

   ***  level 49  model parameters  ***

       hspver=    2006.03               level=         49         
      version=       3.24            paramchk=          1         
       apwarn=          1                lite=          0         
       vgslim=          0             binUnit=          1         
       capMod=          2               xpart=          1         
       mobMod=          1              nqsMod=          0         
       stiMod=          0                 elm=          5         
     sfvtflag=          0                 tox=    3.6e-09 meter   
           xj=    1.7e-07 meter       binflag=          1         
         lmin=  1.793e-07 meter          lmax=  2.493e-07 meter   
         wmin=  5.016e-07 meter          wmax= 1.0016e-06 meter   
         lref=          0 meter          wref=          0 meter   
         lint=    1.5e-08 meter          wint= 1.9993e-08 meter   
        lmult=          1               wmult=          1         
           ll=          0                 lln=          1         
           lw=          0                 lwn=          1         
          lwl=          0                  wl=          0         
          wln=          1                  ww=          0         
          wwn=          1                 wwl=          0         
          dwg=          0 m/V             dwb=          0 m/V^1/2 
           xl=      2e-08                  xw=      3e-08         
           a0=     5.9778                 ags=-2.3983e-07 V^-1    
           b0=          0 meter            b1=          0 meter   
         keta=    0.31453 V^-1           voff=  -0.042566 V       
        ngate=          0 cm^-3           vbx=          0 V       
          vbm=         -3 V                xt=   1.55e-07 meter   
         vth0=     0.5555 V               nch= 6.0081e+17 cm^-3   
         nsub=      6e+16 cm^-3           nlx=          0 meter   
       gamma1=          0 V^-1/2       gamma2=          0 V^-1/2  
           k1=   0.047919 V^1/2            k2=    0.13883         
           k3=          0                 k3b=          0 V^-1    
           w0=          0 meter          dvt0=          0         
         dvt1=          0                dvt2=          0 V^-1    
        dvt0w=          0 meter^-1      dvt1w=          0 meter^-1
        dvt2w=          0 V^-1           dsub=          0         
         eta0=  -0.034515                etab=-0.00064578 V^-1    
           u0=     226.37 cm^2/V/sec         ua=-1.9442e-10 m/V     
           ub= 1.0545e-18 (m/V)^2          uc= 1.1282e-10 V^-1    
         vsat=     427710 m/sec            a1=          0 v^-1    
           a2=        0.7               delta=       0.01 V       
         rdsw=     165.47 ohm-um         prwg=          0 V^-1    
         prwb=          0 V^-1/2           wr=          1         
         pclm=     1.3735             pdiblc1=          0         
      pdiblc2=  0.0099762             pdiblcb=          0 V^-1    
       pscbe1= 5.7666e+07 V/m          pscbe2=      1e-06 V/m     
        drout=          0                pvag=          0         
      nfactor=   -0.90319                cdsc=          0 f/m^2   
        cdscb=          0 f/V/m^2       cdscd=          0 f/V/m^2 
          cit=  0.0032564 f/m^2        alpha0=    1.5e-07 m/V     
        beta0=       13.2 V               dlc=    5.5e-08 meter   
          dwc=     -4e-08 meter           clc=      1e-07 meter   
          cle=        0.6                cgso= 3.1326e-10 f/m     
         cgdo= 3.1326e-10 f/m            cgbo=      1e-11 f/m     
         cgsl=          0 f/m            cgdl=          0 f/m     
       ckappa=        0.6                  cf=          0 f/m     
         acde=          1 m/V            moin=         15 V^1/2   
         toxm=    3.6e-09 m            dtoxcv=          0 m       
          vfb (not used)                alpha1=          0 1/V     
         ijth=        0.1 A              noff=          1         
       voffcv=          0                 tcj=          0 1/K     
        tcjsw=          0 1/K          tcjswg=          0 1/K     
          tpb=          0 V/K           tpbsw=          0 V/K     
       tpbswg=          0 V/K             llc=          0         
          lwc=          0                lwlc=          0         
          wlc=          0                 wwc=          0         
         wwlc=          0                tnom=     298.15 K       
          kt1=   -0.37692 V              kt1l=          0         
          kt2=   -0.17883                 ute=    -1.0396         
          ua1=          0 m/V             ub1=          0 (m/V)^2 
          uc1= 3.8868e-10 m/V^2            at=     369000 m/s     
          prt=          0         
          using Berkeley noise model       noiMod=          2         
         noia=   6.31e+20                noib=     125900         
         noic=  1.096e-13                  em=   2.03e+07         
           ef=       0.94                  af=          1         
           kf=          0              gdsnoi=-1.23457e-29         
          using Berkeley diodes          using ACM 
          acm=        12                 hdif=  1.65e-07 meter    
         ldif=     9e-08 meter             js=1.8892e-07 amp/m^2  
          jsw=1.1542e-13 amp/m            xti=         3          
           nj=    1.0268                   cj=0.00090455 f/m^2    
           mj=   0.35628                   pb=   0.71329 V        
         cjsw=1.7094e-10 f/m             mjsw=  0.050615          
          php (not used)                  pbsw=       0.5 V        
       cjgate (not used)                 cjswg=     5e-10 f/m      
        mjswg=    0.1868                pbswg=    0.5458 V        
          la0=   -0.66069                lags= 5.7391e-08         
        lketa=  -0.048836               lvoff=  -0.018752         
        lvth0=  0.0069432                 lk1=    0.10905         
          lk2=  -0.048055               leta0=  0.0086123         
        letab=-0.00073717                 lu0=     8.2388         
          lua=-1.2788e-10                 lub= 1.2902e-20         
          luc=-1.5209e-11               lvsat=     -51525         
        lpclm=  -0.050133            lpdiblc2= 5.6906e-06         
      lpscbe1= 4.5962e+07            lnfactor=    0.23661         
         lcit=-0.00034053                lkt1=   0.018947         
         lkt2=   0.022798                lute=  -0.079833         
         luc1=-5.1648e-11                 lat=     -54653         
          wa0=    -2.3804                wags=  1.179e-07         
        wketa=   -0.15102               wvoff=  -0.043769         
        wvth0=  0.0011541                 wk1=    0.21827         
          wk2=  -0.063401               weta0=   0.010278         
        wetab= 0.00093325                 wu0=     13.771         
          wua=-1.1384e-11                 wub=  -3.42e-19         
          wuc= -4.643e-11               wvsat=    -149600         
        wpclm=    0.43685            wpdiblc2= 2.3581e-05         
      wpscbe1= 3.8831e+07            wnfactor=     1.7546         
         wcit= -0.0042074                wkt1=   0.045894         
         wkt2=   0.062557                wute=  -0.041871         
         wuc1=-2.1031e-10                 wat=    -139500         
          pa0=    0.31465                pags=-2.8214e-08         
        pketa=   0.029636               pvoff=   0.010101         
        pvth0=-0.00011286                 pk1=  -0.029625         
          pk2=  0.0056993               peta0= -0.0025249         
        petab=  -0.000158                 pu0=    -4.1983         
          pua= 1.5066e-11                 pub= 4.3506e-20         
          puc= 8.7916e-12               pvsat=      26070         
        ppclm=  -0.061281            ppdiblc2=-5.6428e-06         
      ppscbe1=-1.2979e+07            pnfactor=   -0.22148         
         pcit= 0.00057115                pkt1= -0.0088593         
         pkt2=  -0.012392                pute=   0.025675         
         puc1=  3.603e-11                 pat=      24885         
 

  
      
 **info** set option symb=1 internally to help for convergence.
 *****************************************************************
 ******  option summary
 ******
 runlvl  = 5         bypass  = 2.0000    
  Opening plot unit= 79
 file=inv_chain_spice_subckt.pa0

 **info** dc convergence successful at Newton-Raphson method 
 ******  
 * generated hspice transistor/subcircuit rsf bench for inv_chain

 ****** operating point information tnom=  25.000 temp=  27.000 ******
 ****** operating point status is voltage   simulation time is     0.     
    node    =voltage      node    =voltage      node    =voltage

 +0:in_dig  =   0.      0:in_src  =   0.      0:ntst_ref=  13.0808n
 +0:pad_ref =  13.0808n 0:vdd_ref =   1.8000  0:vdd_ref_=   1.8000 
 +1:vout1   =   1.8000  1:vout2   =  14.4791n 1:vout3   =   1.8000 
 +1:vout4   =  14.4791n 1:vout5   =   1.8000  1:vout6   =  14.4791n
 +1:vout7   =   1.8000 


          ***** job concluded
 ******  
 * generated hspice transistor/subcircuit rsf bench for inv_chain

 ****** job statistics summary tnom=  25.000 temp=  27.000 ******

  ******  PrimeSim HSPICE Threads Information  ******

  Command Line Threads Count :     1
  Available CPU Count        :    12
  Actual Threads Count       :     1


  ******  Circuit Statistics  ******
  # nodes       =      46 # elements   =      23
  # resistors   =       3 # capacitors =       1 # inductors   =       0
  # mutual_inds =       0 # vccs       =       0 # vcvs        =       0
  # cccs        =       0 # ccvs       =       0 # volt_srcs   =       2
  # curr_srcs   =       0 # diodes     =       0 # bjts        =       0
  # jfets       =       0 # mosfets    =      16 # U elements  =       0
  # T elements  =       1 # W elements =       0 # B elements  =       0
  # S elements  =       0 # P elements =       0 # va device   =       0
  # vector_srcs =       0 # N elements =       0


  ******  Runtime Statistics (seconds)  ******

  analysis           time    # points   tot. iter  conv.iter
  op point           0.00           1           4
  transient          0.02         701        1035         457 rev=        30
  readin             0.19
  errchk             0.01
  setup              0.00
  output             0.00


           peak memory used         75.84 megabytes
           total cpu time            0.23 seconds
           total elapsed time        0.35 seconds
           job started at     01:17:24 06/04/2026
           job ended   at     01:17:24 06/04/2026
           job total runtime         0.35 seconds


  lic: Release hspice token(s) 
 lic: total license checkout elapse time:        0.11(s)
