 ****** PrimeSim HSPICE -- T-2022.06 win64 (May 20 2022 7637141) ******
  Copyright (c) 1986 - 2026 by Synopsys, Inc. All Rights Reserved.
  This software and the associated documentation are proprietary
  to Synopsys, Inc. This software may only be used in accordance
  with the terms and conditions of a written license agreement with
  Synopsys, Inc. All other use, reproduction, or distribution of
  this software is strictly prohibited.
  Input File: inv_chain_native_ibis.sp                                          
  Command line options: C:\synopsys\Hspice_T-2022.06\WIN64\hspice.com -i inv_chain_native_ibis.sp -o inv_chain_native_ibis
  Start time: Thu Jun  4 01:17:21 2026
  lic:  
  lic: FLEXlm: SDK_12.10 
  lic: USER:   sh3qm                HOSTNAME: rd78ece-emclab 
  lic: HOSTID: 00ff89f5aa52         PID:      6252 
  lic: Using FLEXlm license file: 
  lic: 1704@synopsys.lic.mst.edu 
  lic: Checkout 1 hspice 
  lic: License/Maintenance for hspice will expire on 26-may-2027/2026.03 
  lic: 1(in_use)/50(total) FLOATING license(s) on SERVER 1704@synopsys.lic.mst.e
 du 
  lic:   
  **warning** (inv_chain_native_ibis.sp:2) runlvl smaller than 5, reset to 5 when accurate turned on

 **warning**  runlvl smaller than 5, reset to 5 when accurate turned on
  **info** (inv_chain_native_ibis.sp:5) DC voltage reset to initial transient source value in source 0:vin. new dc=0.0000D+00
  **warning** (inv_chain_native_ibis.sp:7) Time points are not identical for composite current and VT waveform, where File = t2b_0615_v5.ibs, Model = driver2
  
  **warning** (inv_chain_native_ibis.sp:7) Current is not zero at voltage = Vcc for ISSO PU, where File = t2b_0615_v5.ibs, Model = driver2
  
  **warning** (inv_chain_native_ibis.sp:7) Current is not zero at voltage = Vcc for ISSO PD, where File = t2b_0615_v5.ibs, Model = driver2
  
  
      
 *****************************************************************
 ******  option summary
 ******
 runlvl  = 5         bypass  = 2.0000    
 **info** dc convergence successful at Newton-Raphson method 
1****** PrimeSim HSPICE -- T-2022.06 win64 (May 20 2022 7637141) ******
 ******  
 * generated hspice native ibis rsf bench for inv_chain

 ****** operating point information tnom=  25.000 temp=  27.000 ******
 ****** operating point status is voltage   simulation time is     0.     
    node    =voltage      node    =voltage      node    =voltage

 +0:gc_ref  =   0.      0:in_dig  =   0.      0:ntst_ibi=  40.3547u
 +0:pad_ibis=  40.3547u 0:pc_ref  =   1.8000  0:pd_ref  =   0.     
 +0:pu_ref  =   1.8000 


          ***** job concluded
 ******  
 * generated hspice native ibis rsf bench for inv_chain

 ****** job statistics summary tnom=  25.000 temp=  27.000 ******

  ******  PrimeSim HSPICE Threads Information  ******

  Command Line Threads Count :     1
  Available CPU Count        :    12
  Actual Threads Count       :     1


  ******  Circuit Statistics  ******
  # nodes       =       8 # elements   =       8
  # resistors   =       1 # capacitors =       0 # inductors   =       0
  # mutual_inds =       0 # vccs       =       0 # vcvs        =       0
  # cccs        =       0 # ccvs       =       0 # volt_srcs   =       5
  # curr_srcs   =       0 # diodes     =       0 # bjts        =       0
  # jfets       =       0 # mosfets    =       0 # U elements  =       0
  # T elements  =       1 # W elements =       0 # B elements  =       1
  # S elements  =       0 # P elements =       0 # va device   =       0
  # vector_srcs =       0 # N elements =       0


  ******  Runtime Statistics (seconds)  ******

  analysis           time    # points   tot. iter  conv.iter
  op point           0.00           1           3
  transient          0.01         651         661         323 rev=        13
  readin             0.05
  errchk             0.01
  setup              0.00
  output             0.00


           peak memory used         72.63 megabytes
           total cpu time            0.07 seconds
           total elapsed time        0.18 seconds
           job started at     01:17:21 06/04/2026
           job ended   at     01:17:22 06/04/2026
           job total runtime         0.18 seconds


  lic: Release hspice token(s) 
 lic: total license checkout elapse time:        0.09(s)
