 ****** PrimeSim HSPICE -- T-2022.06 win64 (May 20 2022 7637141) ******
  Copyright (c) 1986 - 2026 by Synopsys, Inc. All Rights Reserved.
  This software and the associated documentation are proprietary
  to Synopsys, Inc. This software may only be used in accordance
  with the terms and conditions of a written license agreement with
  Synopsys, Inc. All other use, reproduction, or distribution of
  this software is strictly prohibited.
  Input File: load_50r_0pf_hspice_native_ibis.sp                                
  Command line options: C:\synopsys\Hspice_T-2022.06\WIN64\hspice.com -i load_50r_0pf_hspice_native_ibis.sp -o load_50r_0pf_hspice_native_ibis
  Start time: Fri Jun 19 01:32:15 2026
  lic:  
  lic: FLEXlm: SDK_12.10 
  lic: USER:   sh3qm                HOSTNAME: rd78ece-emclab 
  lic: HOSTID: 00ff89f5aa52         PID:      10868 
  lic: Using FLEXlm license file: 
  lic: 1704@synopsys.lic.mst.edu 
  lic: Checkout 1 hspice 
  lic: License/Maintenance for hspice will expire on 26-may-2027/2026.03 
  lic: 1(in_use)/50(total) FLOATING license(s) on SERVER 1704@synopsys.lic.mst.e
 du 
  lic:   
  **warning** (load_50r_0pf_hspice_native_ibis.sp:5) runlvl smaller than 5, reset to 5 when accurate turned on

 **warning**  runlvl smaller than 5, reset to 5 when accurate turned on
  **info** (load_50r_0pf_hspice_native_ibis.sp:9) DC voltage reset to initial transient source value in source 0:vin. new dc=0.0000D+00
  
      
 *****************************************************************
 ******  option summary
 ******
 runlvl  = 5         bypass  = 2.0000    

 **info** rebuilding matrix with pivot option

 **info** dc convergence successful at Newton-Raphson method 
1****** PrimeSim HSPICE -- T-2022.06 win64 (May 20 2022 7637141) ******
 ******  
 io_buf hspice native ibis ku/kd extraction load_50r_0pf

 ****** operating point information tnom=  25.000 temp=  27.000 ******
 ****** operating point status is voltage   simulation time is   0.000e+00
    node    =voltage      node    =voltage      node    =voltage

 +0:dig_q   = 5.000e-01 0:en_sig  = 3.300e+00 0:gc_ref  = 0.000e+00
 +0:in_dig  = 0.000e+00 0:kd      = 1.000e+00 0:ku      = 0.000e+00
 +0:pad_ibis= 1.371e-09 0:pc_ref  = 3.300e+00 0:pd_ref  = 0.000e+00
 +0:pu_ref  = 3.300e+00


          ***** job concluded
 ******  
 io_buf hspice native ibis ku/kd extraction load_50r_0pf

 ****** job statistics summary tnom=  25.000 temp=  27.000 ******

  ******  PrimeSim HSPICE Threads Information  ******

  Command Line Threads Count :     1
  Available CPU Count        :    12
  Actual Threads Count       :     1


  ******  Circuit Statistics  ******
  # nodes       =      14 # elements   =       9
  # resistors   =       2 # capacitors =       0 # inductors   =       0
  # mutual_inds =       0 # vccs       =       0 # vcvs        =       0
  # cccs        =       0 # ccvs       =       0 # volt_srcs   =       6
  # curr_srcs   =       0 # diodes     =       0 # bjts        =       0
  # jfets       =       0 # mosfets    =       0 # U elements  =       0
  # T elements  =       0 # W elements =       0 # B elements  =       1
  # S elements  =       0 # P elements =       0 # va device   =       0
  # vector_srcs =       0 # N elements =       0


  ******  Runtime Statistics (seconds)  ******

  analysis           time    # points   tot. iter  conv.iter
  op point           0.01           1           5
  transient          0.01       25001         877         438 rev=        32
  readin             0.11
  errchk             0.01
  setup              0.00
  output             0.00


           peak memory used         73.81 megabytes
           total cpu time            0.14 seconds
           total elapsed time        0.26 seconds
           job started at     01:32:15 06/19/2026
           job ended   at     01:32:15 06/19/2026
           job total runtime         0.26 seconds


  lic: Release hspice token(s) 
 lic: total license checkout elapse time:        0.10(s)
