 ****** PrimeSim HSPICE -- T-2022.06 win64 (May 20 2022 7637141) ******
  Copyright (c) 1986 - 2026 by Synopsys, Inc. All Rights Reserved.
  This software and the associated documentation are proprietary
  to Synopsys, Inc. This software may only be used in accordance
  with the terms and conditions of a written license agreement with
  Synopsys, Inc. All other use, reproduction, or distribution of
  this software is strictly prohibited.
  Input File: audit_amp1p5_edge50_r50_hspice.sp                                 
  Command line options: C:\synopsys\Hspice_T-2022.06\WIN64\hspice.com -i audit_amp1p5_edge50_r50_hspice.sp -o audit_amp1p5_edge50_r50_hspice
  Start time: Thu Jun 18 12:52:58 2026
  lic:  
  lic: FLEXlm: SDK_12.10 
  lic: USER:   sh3qm                HOSTNAME: rd78ece-emclab 
  lic: HOSTID: 00ff89f5aa52         PID:      19940 
  lic: Using FLEXlm license file: 
  lic: 1704@synopsys.lic.mst.edu 
  lic: Checkout 1 hspice 
  lic: License/Maintenance for hspice will expire on 26-may-2027/2026.03 
  lic: 1(in_use)/50(total) FLOATING license(s) on SERVER 1704@synopsys.lic.mst.e
 du 
  lic:   
  **warning** (audit_amp1p5_edge50_r50_hspice.sp:2) runlvl smaller than 5, reset to 5 when accurate turned on

 **warning**  runlvl smaller than 5, reset to 5 when accurate turned on
  **info** (audit_amp1p5_edge50_r50_hspice.sp:4) DC voltage reset to initial transient source value in source 0:vin. new dc=0.0000D+00
 

Touchstone File [input_channel.s2p] 2 port s-params: 91 pts 1e+09Hz - 1e+10Hz
   No noise parameter read. 

  **warning**  S model [ch_model] (potential) passivity violation detected... 
  Eigenvalue check tolerance: 0.01
 Column sum check tolerance: 1
 (E: Eigenvalue check violation, C: Column sum check (potential) violation)
 at 1e+09 ( C) , 1.1e+09 ( C) , 1.2e+09 ( C) , 1.3e+09 ( C) 
 , 1.4e+09 ( C) , 1.5e+09 ( C) , 1.6e+09 ( C) , 1.7e+09 ( C) 
 , 1.8e+09 ( C) , 1.9e+09 ( C) , 2e+09 ( C) , 2.1e+09 ( C) 
 , 2.2e+09 ( C) , 2.3e+09 ( C) , 2.4e+09 ( C) , 2.5e+09 ( C) 
 , 2.6e+09 ( C) , 2.7e+09 ( C) , 2.8e+09 ( C) , 2.9e+09 ( C) 
 , 3e+09 ( C) , 3.1e+09 ( C) , 3.2e+09 ( C) , 3.3e+09 ( C) 
 , 3.4e+09 ( C) , 3.5e+09 ( C) , 3.6e+09 ( C) , 3.7e+09 ( C) 
 , 3.8e+09 ( C) , 3.9e+09 ( C) , 4e+09 ( C) , 4.1e+09 ( C) 
 , 4.2e+09 ( C) , 4.3e+09 ( C) , 4.4e+09 ( C) , 4.5e+09 ( C) 
 , 4.6e+09 ( C) , 4.7e+09 ( C) , 4.8e+09 ( C) , 4.9e+09 ( C) 
 , 5e+09 ( C) , 5.1e+09 ( C) , 5.2e+09 ( C) , 5.3e+09 ( C) 
 , 5.4e+09 ( C) , 5.5e+09 ( C) , 5.6e+09 ( C) , 5.7e+09 ( C) 
 , 5.8e+09 ( C) , 5.9e+09 ( C) , 6e+09 ( C) , 6.1e+09 ( C) 
 , 6.2e+09 ( C) , 6.3e+09 ( C) , 6.4e+09 ( C) , 6.5e+09 ( C) 
 , 6.6e+09 ( C) , 6.7e+09 ( C) , 6.8e+09 ( C) , 6.9e+09 ( C) 
 , 7e+09 ( C) , 7.1e+09 ( C) , 7.2e+09 ( C) , 7.3e+09 ( C) 
 , 7.4e+09 ( C) , 7.5e+09 ( C) , 7.6e+09 ( C) , 7.7e+09 ( C) 
 , 7.8e+09 ( C) , 7.9e+09 ( C) , 8e+09 ( C) , 8.1e+09 ( C) 
 , 8.2e+09 ( C) , 8.3e+09 ( C) , 8.4e+09 ( C) , 8.5e+09 ( C) 
 , 8.6e+09 ( C) , 8.7e+09 ( C) , 8.8e+09 ( C) , 8.9e+09 ( C) 
 , 9e+09 ( C) , 9.1e+09 ( C) , 9.2e+09 ( C) , 9.3e+09 ( C) 
 , 9.4e+09 ( C) , 9.5e+09 ( C) , 9.6e+09 ( C) , 9.7e+09 ( C) 
 , 9.8e+09 ( C) , 9.9e+09 ( C) , 1e+10 ( C)  Hz.
  total number of eigenvalue check violation: 0
  total number of column sum check (potential) violation: 91
 HYBRID interpolation data preparation: S[1][1]
 HYBRID interpolation data preparation: S[1][2]
 HYBRID interpolation data preparation: S[2][1]
 HYBRID interpolation data preparation: S[2][2]
 s-model [ch_model] s-parameter S-par state space stamping
 

Touchstone File [input_channel.s2p] 2 port s-params: 91 pts 1e+09Hz - 1e+10Hz
   No noise parameter read. 

  **warning**  S model [ch_model] (potential) passivity violation detected... 
  Eigenvalue check tolerance: 0.01
 Column sum check tolerance: 1
 (E: Eigenvalue check violation, C: Column sum check (potential) violation)
 at 1e+09 ( C) , 1.1e+09 ( C) , 1.2e+09 ( C) , 1.3e+09 ( C) 
 , 1.4e+09 ( C) , 1.5e+09 ( C) , 1.6e+09 ( C) , 1.7e+09 ( C) 
 , 1.8e+09 ( C) , 1.9e+09 ( C) , 2e+09 ( C) , 2.1e+09 ( C) 
 , 2.2e+09 ( C) , 2.3e+09 ( C) , 2.4e+09 ( C) , 2.5e+09 ( C) 
 , 2.6e+09 ( C) , 2.7e+09 ( C) , 2.8e+09 ( C) , 2.9e+09 ( C) 
 , 3e+09 ( C) , 3.1e+09 ( C) , 3.2e+09 ( C) , 3.3e+09 ( C) 
 , 3.4e+09 ( C) , 3.5e+09 ( C) , 3.6e+09 ( C) , 3.7e+09 ( C) 
 , 3.8e+09 ( C) , 3.9e+09 ( C) , 4e+09 ( C) , 4.1e+09 ( C) 
 , 4.2e+09 ( C) , 4.3e+09 ( C) , 4.4e+09 ( C) , 4.5e+09 ( C) 
 , 4.6e+09 ( C) , 4.7e+09 ( C) , 4.8e+09 ( C) , 4.9e+09 ( C) 
 , 5e+09 ( C) , 5.1e+09 ( C) , 5.2e+09 ( C) , 5.3e+09 ( C) 
 , 5.4e+09 ( C) , 5.5e+09 ( C) , 5.6e+09 ( C) , 5.7e+09 ( C) 
 , 5.8e+09 ( C) , 5.9e+09 ( C) , 6e+09 ( C) , 6.1e+09 ( C) 
 , 6.2e+09 ( C) , 6.3e+09 ( C) , 6.4e+09 ( C) , 6.5e+09 ( C) 
 , 6.6e+09 ( C) , 6.7e+09 ( C) , 6.8e+09 ( C) , 6.9e+09 ( C) 
 , 7e+09 ( C) , 7.1e+09 ( C) , 7.2e+09 ( C) , 7.3e+09 ( C) 
 , 7.4e+09 ( C) , 7.5e+09 ( C) , 7.6e+09 ( C) , 7.7e+09 ( C) 
 , 7.8e+09 ( C) , 7.9e+09 ( C) , 8e+09 ( C) , 8.1e+09 ( C) 
 , 8.2e+09 ( C) , 8.3e+09 ( C) , 8.4e+09 ( C) , 8.5e+09 ( C) 
 , 8.6e+09 ( C) , 8.7e+09 ( C) , 8.8e+09 ( C) , 8.9e+09 ( C) 
 , 9e+09 ( C) , 9.1e+09 ( C) , 9.2e+09 ( C) , 9.3e+09 ( C) 
 , 9.4e+09 ( C) , 9.5e+09 ( C) , 9.6e+09 ( C) , 9.7e+09 ( C) 
 , 9.8e+09 ( C) , 9.9e+09 ( C) , 1e+10 ( C)  Hz.
  total number of eigenvalue check violation: 0
  total number of column sum check (potential) violation: 91
 HYBRID interpolation data preparation: S[1][1]
 HYBRID interpolation data preparation: S[1][2]
 HYBRID interpolation data preparation: S[2][1]
 HYBRID interpolation data preparation: S[2][2]
  
      
 reading rational function data from [.\ch_model.srf]
  
 rational function data read from [.\ch_model.srf]  
  
 *****************************************************************
 ******  option summary
 ******
 runlvl  = 5         bypass  = 2.0000    
 

Touchstone File [input_channel.s2p] 2 port s-params: 91 pts 1e+09Hz - 1e+10Hz
   No noise parameter read. 

  **warning**  S model [ch_model] (potential) passivity violation detected... 
  Eigenvalue check tolerance: 0.01
 Column sum check tolerance: 1
 (E: Eigenvalue check violation, C: Column sum check (potential) violation)
 at 1e+09 ( C) , 1.1e+09 ( C) , 1.2e+09 ( C) , 1.3e+09 ( C) 
 , 1.4e+09 ( C) , 1.5e+09 ( C) , 1.6e+09 ( C) , 1.7e+09 ( C) 
 , 1.8e+09 ( C) , 1.9e+09 ( C) , 2e+09 ( C) , 2.1e+09 ( C) 
 , 2.2e+09 ( C) , 2.3e+09 ( C) , 2.4e+09 ( C) , 2.5e+09 ( C) 
 , 2.6e+09 ( C) , 2.7e+09 ( C) , 2.8e+09 ( C) , 2.9e+09 ( C) 
 , 3e+09 ( C) , 3.1e+09 ( C) , 3.2e+09 ( C) , 3.3e+09 ( C) 
 , 3.4e+09 ( C) , 3.5e+09 ( C) , 3.6e+09 ( C) , 3.7e+09 ( C) 
 , 3.8e+09 ( C) , 3.9e+09 ( C) , 4e+09 ( C) , 4.1e+09 ( C) 
 , 4.2e+09 ( C) , 4.3e+09 ( C) , 4.4e+09 ( C) , 4.5e+09 ( C) 
 , 4.6e+09 ( C) , 4.7e+09 ( C) , 4.8e+09 ( C) , 4.9e+09 ( C) 
 , 5e+09 ( C) , 5.1e+09 ( C) , 5.2e+09 ( C) , 5.3e+09 ( C) 
 , 5.4e+09 ( C) , 5.5e+09 ( C) , 5.6e+09 ( C) , 5.7e+09 ( C) 
 , 5.8e+09 ( C) , 5.9e+09 ( C) , 6e+09 ( C) , 6.1e+09 ( C) 
 , 6.2e+09 ( C) , 6.3e+09 ( C) , 6.4e+09 ( C) , 6.5e+09 ( C) 
 , 6.6e+09 ( C) , 6.7e+09 ( C) , 6.8e+09 ( C) , 6.9e+09 ( C) 
 , 7e+09 ( C) , 7.1e+09 ( C) , 7.2e+09 ( C) , 7.3e+09 ( C) 
 , 7.4e+09 ( C) , 7.5e+09 ( C) , 7.6e+09 ( C) , 7.7e+09 ( C) 
 , 7.8e+09 ( C) , 7.9e+09 ( C) , 8e+09 ( C) , 8.1e+09 ( C) 
 , 8.2e+09 ( C) , 8.3e+09 ( C) , 8.4e+09 ( C) , 8.5e+09 ( C) 
 , 8.6e+09 ( C) , 8.7e+09 ( C) , 8.8e+09 ( C) , 8.9e+09 ( C) 
 , 9e+09 ( C) , 9.1e+09 ( C) , 9.2e+09 ( C) , 9.3e+09 ( C) 
 , 9.4e+09 ( C) , 9.5e+09 ( C) , 9.6e+09 ( C) , 9.7e+09 ( C) 
 , 9.8e+09 ( C) , 9.9e+09 ( C) , 1e+10 ( C)  Hz.
  total number of eigenvalue check violation: 0
  total number of column sum check (potential) violation: 91
 HYBRID interpolation data preparation: S[1][1]
 HYBRID interpolation data preparation: S[1][2]
 HYBRID interpolation data preparation: S[2][1]
 HYBRID interpolation data preparation: S[2][2]
 s-model [ch_model] s-parameter S-par state space stamping
 

Touchstone File [input_channel.s2p] 2 port s-params: 91 pts 1e+09Hz - 1e+10Hz
   No noise parameter read. 

  **warning**  S model [ch_model] (potential) passivity violation detected... 
  Eigenvalue check tolerance: 0.01
 Column sum check tolerance: 1
 (E: Eigenvalue check violation, C: Column sum check (potential) violation)
 at 1e+09 ( C) , 1.1e+09 ( C) , 1.2e+09 ( C) , 1.3e+09 ( C) 
 , 1.4e+09 ( C) , 1.5e+09 ( C) , 1.6e+09 ( C) , 1.7e+09 ( C) 
 , 1.8e+09 ( C) , 1.9e+09 ( C) , 2e+09 ( C) , 2.1e+09 ( C) 
 , 2.2e+09 ( C) , 2.3e+09 ( C) , 2.4e+09 ( C) , 2.5e+09 ( C) 
 , 2.6e+09 ( C) , 2.7e+09 ( C) , 2.8e+09 ( C) , 2.9e+09 ( C) 
 , 3e+09 ( C) , 3.1e+09 ( C) , 3.2e+09 ( C) , 3.3e+09 ( C) 
 , 3.4e+09 ( C) , 3.5e+09 ( C) , 3.6e+09 ( C) , 3.7e+09 ( C) 
 , 3.8e+09 ( C) , 3.9e+09 ( C) , 4e+09 ( C) , 4.1e+09 ( C) 
 , 4.2e+09 ( C) , 4.3e+09 ( C) , 4.4e+09 ( C) , 4.5e+09 ( C) 
 , 4.6e+09 ( C) , 4.7e+09 ( C) , 4.8e+09 ( C) , 4.9e+09 ( C) 
 , 5e+09 ( C) , 5.1e+09 ( C) , 5.2e+09 ( C) , 5.3e+09 ( C) 
 , 5.4e+09 ( C) , 5.5e+09 ( C) , 5.6e+09 ( C) , 5.7e+09 ( C) 
 , 5.8e+09 ( C) , 5.9e+09 ( C) , 6e+09 ( C) , 6.1e+09 ( C) 
 , 6.2e+09 ( C) , 6.3e+09 ( C) , 6.4e+09 ( C) , 6.5e+09 ( C) 
 , 6.6e+09 ( C) , 6.7e+09 ( C) , 6.8e+09 ( C) , 6.9e+09 ( C) 
 , 7e+09 ( C) , 7.1e+09 ( C) , 7.2e+09 ( C) , 7.3e+09 ( C) 
 , 7.4e+09 ( C) , 7.5e+09 ( C) , 7.6e+09 ( C) , 7.7e+09 ( C) 
 , 7.8e+09 ( C) , 7.9e+09 ( C) , 8e+09 ( C) , 8.1e+09 ( C) 
 , 8.2e+09 ( C) , 8.3e+09 ( C) , 8.4e+09 ( C) , 8.5e+09 ( C) 
 , 8.6e+09 ( C) , 8.7e+09 ( C) , 8.8e+09 ( C) , 8.9e+09 ( C) 
 , 9e+09 ( C) , 9.1e+09 ( C) , 9.2e+09 ( C) , 9.3e+09 ( C) 
 , 9.4e+09 ( C) , 9.5e+09 ( C) , 9.6e+09 ( C) , 9.7e+09 ( C) 
 , 9.8e+09 ( C) , 9.9e+09 ( C) , 1e+10 ( C)  Hz.
  total number of eigenvalue check violation: 0
  total number of column sum check (potential) violation: 91
 HYBRID interpolation data preparation: S[1][1]
 HYBRID interpolation data preparation: S[1][2]
 HYBRID interpolation data preparation: S[2][1]
 HYBRID interpolation data preparation: S[2][2]
 reading rational function data from [.\ch_model.srf]
  
 rational function data read from [.\ch_model.srf]  
  **warning** Fitted S-parameter file is unchanged because of re-using SRF file. Remove SRF file and rerun to obtain new fitted s-parameters output.
  
 **info** dc convergence successful at Newton-Raphson method 
1****** PrimeSim HSPICE -- T-2022.06 win64 (May 20 2022 7637141) ******
 ******  
 * hspice native s-parameter audit: audit_amp1p5_edge50_r50

 ****** operating point information tnom=  25.000 temp=  27.000 ******
 ****** operating point status is voltage   simulation time is     0.     
    node    =voltage      node    =voltage      node    =voltage

 +0:p1      =   0.      0:p2      =   0.      0:src     =   0.     


          ***** job concluded
 ******  
 * hspice native s-parameter audit: audit_amp1p5_edge50_r50

 ****** job statistics summary tnom=  25.000 temp=  27.000 ******

  ******  PrimeSim HSPICE Threads Information  ******

  Command Line Threads Count :     1
  Available CPU Count        :    12
  Actual Threads Count       :     1


  ******  Circuit Statistics  ******
  # nodes       =     138 # elements   =       4
  # resistors   =       2 # capacitors =       0 # inductors   =       0
  # mutual_inds =       0 # vccs       =       0 # vcvs        =       0
  # cccs        =       0 # ccvs       =       0 # volt_srcs   =       1
  # curr_srcs   =       0 # diodes     =       0 # bjts        =       0
  # jfets       =       0 # mosfets    =       0 # U elements  =       0
  # T elements  =       0 # W elements =       0 # B elements  =       0
  # S elements  =       1 # P elements =       0 # va device   =       0
  # vector_srcs =       0 # N elements =       0


  ******  Runtime Statistics (seconds)  ******

  analysis           time    # points   tot. iter  conv.iter
  op point           0.00           1           3
  transient          0.30        3501       19672        9836 rev=         9
  readin             0.01
  errchk             0.02
  setup              0.00
  output             0.00


           peak memory used         71.84 megabytes
           total cpu time            0.35 seconds
           total elapsed time        0.45 seconds
           job started at     12:52:58 06/18/2026
           job ended   at     12:52:58 06/18/2026
           job total runtime         0.45 seconds


  lic: Release hspice token(s) 
 lic: total license checkout elapse time:        0.09(s)
