 ****** PrimeSim HSPICE -- T-2022.06 win64 (May 20 2022 7637141) ******
  Copyright (c) 1986 - 2026 by Synopsys, Inc. All Rights Reserved.
  This software and the associated documentation are proprietary
  to Synopsys, Inc. This software may only be used in accordance
  with the terms and conditions of a written license agreement with
  Synopsys, Inc. All other use, reproduction, or distribution of
  this software is strictly prohibited.
  Input File: tb_ibis_sparam.sp                                                 
  Command line options: C:\synopsys\Hspice_T-2022.06\WIN64\hspice.com -i tb_ibis_sparam.sp -o tb_ibis_sparam
  Start time: Sun Jun  7 14:17:02 2026
  lic:  
  lic: FLEXlm: SDK_12.10 
  lic: USER:   sh3qm                HOSTNAME: rd78ece-emclab 
  lic: HOSTID: 00ff89f5aa52         PID:      8096 
  lic: Using FLEXlm license file: 
  lic: 1704@synopsys.lic.mst.edu 
  lic: Checkout 1 hspice 
  lic: License/Maintenance for hspice will expire on 26-may-2027/2026.03 
  lic: 1(in_use)/50(total) FLOATING license(s) on SERVER 1704@synopsys.lic.mst.e
 du 
  lic:   
  **warning** (tb_ibis_sparam.sp:4) runlvl smaller than 5, reset to 5 when accurate turned on

 **warning**  runlvl smaller than 5, reset to 5 when accurate turned on
  **info** (tb_ibis_sparam.sp:14) DC voltage reset to initial transient source value in source 0:vin. new dc=0.0000D+00
 

Touchstone File [Clarity_example.S2P] 2 port s-params: 40 pts 5e+07Hz - 2e+09Hz
   No noise parameter read. 

 S-Parameters file is passive.
 HYBRID interpolation data preparation: S[1][1]
 HYBRID interpolation data preparation: S[1][2]
 HYBRID interpolation data preparation: S[2][1]
 HYBRID interpolation data preparation: S[2][2]
 s-model [ch_model] delay estimation at S[2][1]: 2.80762e-10 sec
 s-model [ch_model] s-parameter S-par state space stamping
 

Touchstone File [Clarity_example.S2P] 2 port s-params: 40 pts 5e+07Hz - 2e+09Hz
   No noise parameter read. 

 S-Parameters file is passive.
 HYBRID interpolation data preparation: S[1][1]
 HYBRID interpolation data preparation: S[1][2]
 HYBRID interpolation data preparation: S[2][1]
 HYBRID interpolation data preparation: S[2][2]
  
      
 Sampling parameter from: Clarity_example.S2P
 generating rational functions for [ch_model] (solver: 2) ... 
 [ch_model] S-parameter RATIONAL_FUNC fitting begins
 s-model [ch_model] delay estimation at S[2][1]: 2.80762e-10 sec
 S parameters are passive
 -----------
 Fitting iteration
 Rational fitting RMS error = 0.00234023
 Rational fitting pole count = 14
 Rational fitting port count = 2
 S model [ch_model]: Rational model is passive
 No DC frequency point in the original data
 [ch_model] Fitted touchstone file saved to ".\ch_model_fit.s2p"
 Time for rational function generation: 0.069 wall sec w/ 
 Rational function data have been written into [.\ch_model.srf]  
  
 *****************************************************************
 ******  option summary
 ******
 runlvl  = 5         bypass  = 2.0000    
 

Touchstone File [Clarity_example.S2P] 2 port s-params: 40 pts 5e+07Hz - 2e+09Hz
   No noise parameter read. 

 S-Parameters file is passive.
 HYBRID interpolation data preparation: S[1][1]
 HYBRID interpolation data preparation: S[1][2]
 HYBRID interpolation data preparation: S[2][1]
 HYBRID interpolation data preparation: S[2][2]
 s-model [ch_model] delay estimation at S[2][1]: 2.80762e-10 sec
 s-model [ch_model] s-parameter S-par state space stamping
 

Touchstone File [Clarity_example.S2P] 2 port s-params: 40 pts 5e+07Hz - 2e+09Hz
   No noise parameter read. 

 S-Parameters file is passive.
 HYBRID interpolation data preparation: S[1][1]
 HYBRID interpolation data preparation: S[1][2]
 HYBRID interpolation data preparation: S[2][1]
 HYBRID interpolation data preparation: S[2][2]
 reading rational function data from [.\ch_model.srf]
  
 rational function data read from [.\ch_model.srf]  
  **warning** Fitted S-parameter file is unchanged because of re-using SRF file. Remove SRF file and rerun to obtain new fitted s-parameters output.
  
 **info** dc convergence successful at Newton-Raphson method 
1****** PrimeSim HSPICE -- T-2022.06 win64 (May 20 2022 7637141) ******
 ******  
 * hspice testbench: ibis tx + s-parameter channel (clarity_example.s2p)

 ****** operating point information tnom=  25.000 temp=  27.000 ******
 ****** operating point status is voltage   simulation time is     0.     
    node    =voltage      node    =voltage      node    =voltage

 +0:dig_q   = 500.0000m 0:en_sig  =   3.3000  0:gc_ref  =   0.     
 +0:in_dig  =   0.      0:pad_ibis=   1.3702n 0:pc_ref  =   3.3000 
 +0:pd_ref  =   0.      0:pu_ref  =   3.3000  0:rx_node =   1.3680n


          ***** job concluded
 ******  
 * hspice testbench: ibis tx + s-parameter channel (clarity_example.s2p)

 ****** job statistics summary tnom=  25.000 temp=  27.000 ******

  ******  PrimeSim HSPICE Threads Information  ******

  Command Line Threads Count :     1
  Available CPU Count        :    12
  Actual Threads Count       :     1


  ******  Circuit Statistics  ******
  # nodes       =      41 # elements   =      10
  # resistors   =       2 # capacitors =       0 # inductors   =       0
  # mutual_inds =       0 # vccs       =       0 # vcvs        =       0
  # cccs        =       0 # ccvs       =       0 # volt_srcs   =       6
  # curr_srcs   =       0 # diodes     =       0 # bjts        =       0
  # jfets       =       0 # mosfets    =       0 # U elements  =       0
  # T elements  =       0 # W elements =       0 # B elements  =       1
  # S elements  =       1 # P elements =       0 # va device   =       0
  # vector_srcs =       0 # N elements =       0


  ******  Runtime Statistics (seconds)  ******

  analysis           time    # points   tot. iter  conv.iter
  op point           0.01           1           4
  transient          0.01        1201         546         272 rev=         8
  readin             0.12
  errchk             0.11
  setup              0.00
  output             0.00


           peak memory used         78.37 megabytes
           total cpu time            0.27 seconds
           total elapsed time        0.39 seconds
           job started at     14:17:02 06/07/2026
           job ended   at     14:17:02 06/07/2026
           job total runtime         0.39 seconds


  lic: Release hspice token(s) 
 lic: total license checkout elapse time:        0.10(s)
