 ****** PrimeSim HSPICE -- T-2022.06 win64 (May 20 2022 7637141) ******
  Copyright (c) 1986 - 2026 by Synopsys, Inc. All Rights Reserved.
  This software and the associated documentation are proprietary
  to Synopsys, Inc. This software may only be used in accordance
  with the terms and conditions of a written license agreement with
  Synopsys, Inc. All other use, reproduction, or distribution of
  this software is strictly prohibited.
  Input File: audit_amp1p5_edge5_r50_hspice.sp                                  
  Command line options: C:\synopsys\Hspice_T-2022.06\WIN64\hspice.com -i audit_amp1p5_edge5_r50_hspice.sp -o audit_amp1p5_edge5_r50_hspice
  Start time: Mon Jun  8 09:29:36 2026
  lic:  
  lic: FLEXlm: SDK_12.10 
  lic: USER:   sh3qm                HOSTNAME: rd78ece-emclab 
  lic: HOSTID: 00ff89f5aa52         PID:      13872 
  lic: Using FLEXlm license file: 
  lic: 1704@synopsys.lic.mst.edu 
  lic: Checkout 1 hspice 
  lic: License/Maintenance for hspice will expire on 26-may-2027/2026.03 
  lic: 1(in_use)/50(total) FLOATING license(s) on SERVER 1704@synopsys.lic.mst.e
 du 
  lic:   
  **warning** (audit_amp1p5_edge5_r50_hspice.sp:2) runlvl smaller than 5, reset to 5 when accurate turned on

 **warning**  runlvl smaller than 5, reset to 5 when accurate turned on
  **info** (audit_amp1p5_edge5_r50_hspice.sp:4) DC voltage reset to initial transient source value in source 0:vin. new dc=0.0000D+00
 

Touchstone File [channel.s2p] 2 port s-params: 4 pts 1e+09Hz - 1e+11Hz
    noise params: 4 pts 7e+10Hz - 8.5e+10Hz
 S-Parameters file is passive.
 HYBRID interpolation data preparation: S[1][1]
 HYBRID interpolation data preparation: S[1][2]
 HYBRID interpolation data preparation: S[2][1]
 HYBRID interpolation data preparation: S[2][2]
 

Touchstone File [channel.s2p] 2 port s-params: 4 pts 1e+09Hz - 1e+11Hz
    noise params: 4 pts 7e+10Hz - 8.5e+10Hz
 S-Parameters file is passive.
 HYBRID interpolation data preparation: S[1][1]
 HYBRID interpolation data preparation: S[1][2]
 HYBRID interpolation data preparation: S[2][1]
 HYBRID interpolation data preparation: S[2][2]
  
      
 s-model [ch_model] automatic decoupling capacitor detection activated 
 Sampling parameter from: channel.s2p
  **error** [ch_model]  too few frequency point sampled

          ***** job aborted
1****** PrimeSim HSPICE -- T-2022.06 win64 (May 20 2022 7637141) ******
 ******  
 * hspice native s-parameter audit: audit_amp1p5_edge5_r50

 ****** job statistics summary tnom=  25.000 temp=  25.000 ******

  ******  PrimeSim HSPICE Threads Information  ******

  Command Line Threads Count :     1
  Available CPU Count        :    12
  Actual Threads Count       :     1


  ******  Circuit Statistics  ******
  # nodes       =       6 # elements   =       4
  # resistors   =       2 # capacitors =       0 # inductors   =       0
  # mutual_inds =       0 # vccs       =       0 # vcvs        =       0
  # cccs        =       0 # ccvs       =       0 # volt_srcs   =       1
  # curr_srcs   =       0 # diodes     =       0 # bjts        =       0
  # jfets       =       0 # mosfets    =       0 # U elements  =       0
  # T elements  =       0 # W elements =       0 # B elements  =       0
  # S elements  =       1 # P elements =       0 # va device   =       0
  # vector_srcs =       0 # N elements =       0


  ******  Runtime Statistics (seconds)  ******

  analysis           time    # points   tot. iter  conv.iter
  op point           0.00           1           0
  transient          0.00        1201           0           0 rev=         0
  readin             0.01
  errchk             0.00
  setup              0.00
  output             0.00


           peak memory used         71.86 megabytes
           total cpu time            0.03 seconds
           total elapsed time        0.17 seconds
           job started at     09:29:36 06/08/2026
           job ended   at     09:29:36 06/08/2026
           job total runtime         0.17 seconds


  lic: Release hspice token(s) 
 lic: total license checkout elapse time:        0.11(s)
