 ****** PrimeSim HSPICE -- T-2022.06 win64 (May 20 2022 7637141) ******
  Copyright (c) 1986 - 2026 by Synopsys, Inc. All Rights Reserved.
  This software and the associated documentation are proprietary
  to Synopsys, Inc. This software may only be used in accordance
  with the terms and conditions of a written license agreement with
  Synopsys, Inc. All other use, reproduction, or distribution of
  this software is strictly prohibited.
  Input File: audit_amp1p5_edge5_r50_hspice.sp                                  
  Command line options: C:\synopsys\Hspice_T-2022.06\WIN64\hspice.com -i audit_amp1p5_edge5_r50_hspice.sp -o audit_amp1p5_edge5_r50_hspice
  Start time: Thu Jun 11 16:21:06 2026
  lic:  
  lic: FLEXlm: SDK_12.10 
  lic: USER:   sh3qm                HOSTNAME: rd78ece-emclab 
  lic: HOSTID: 00ff89f5aa52         PID:      10884 
  lic: Using FLEXlm license file: 
  lic: 1704@synopsys.lic.mst.edu 
  lic: Checkout 1 hspice 
  lic: License/Maintenance for hspice will expire on 26-may-2027/2026.03 
  lic: 1(in_use)/50(total) FLOATING license(s) on SERVER 1704@synopsys.lic.mst.e
 du 
  lic:   
  **warning** (audit_amp1p5_edge5_r50_hspice.sp:2) runlvl smaller than 5, reset to 5 when accurate turned on

 **warning**  runlvl smaller than 5, reset to 5 when accurate turned on
  **info** (audit_amp1p5_edge5_r50_hspice.sp:4) DC voltage reset to initial transient source value in source 0:vin. new dc=0.0000D+00
 

Touchstone File [channel.s4p] 4 port s-params: 1001 pts 4e+07Hz - 6e+07Hz
   No noise parameter read. 

  **warning**  S model [ch_model] (potential) passivity violation detected... 
  Eigenvalue check tolerance: 0.01
 Column sum check tolerance: 1
 (E: Eigenvalue check violation, C: Column sum check (potential) violation)
 at 5.326e+07 ( C) , 5.328e+07 ( C) , 5.33e+07 ( C) , 5.332e+07 ( C) 
 , 5.334e+07 ( C) , 5.336e+07 ( C) , 5.338e+07 ( C) , 5.34e+07 ( C) 
 , 5.342e+07 ( C) , 5.344e+07 ( C) , 5.346e+07 ( C) , 5.348e+07 ( C) 
 , 5.35e+07 ( C) , 5.352e+07 ( C) , 5.354e+07 ( C) , 5.356e+07 ( C) 
 , 5.358e+07 ( C) , 5.36e+07 ( C) , 5.362e+07 ( C) , 5.364e+07 ( C) 
 , 5.366e+07 ( C) , 5.368e+07 ( C) , 5.37e+07 ( C) , 5.372e+07 ( C) 
 , 5.374e+07 ( C) , 5.376e+07 ( C) , 5.378e+07 ( C) , 5.38e+07 ( C) 
 , 5.382e+07 ( C) , 5.384e+07 ( C) , 5.386e+07 ( C) , 5.388e+07 ( C) 
 , 5.39e+07 ( C) , 5.392e+07 ( C) , 5.394e+07 ( C) , 5.396e+07 ( C) 
 , 5.398e+07 ( C) , 5.4e+07 ( C) , 5.402e+07 ( C) , 5.404e+07 ( C) 
 , 5.406e+07 ( C) , 5.408e+07 ( C) , 5.41e+07 ( C) , 5.412e+07 ( C) 
 , 5.414e+07 ( C) , 5.416e+07 ( C) , 5.418e+07 ( C) , 5.42e+07 ( C) 
 , 5.422e+07 ( C) , 5.424e+07 ( C) , 5.426e+07 ( C) , 5.428e+07 ( C) 
 , 5.43e+07 ( C) , 5.432e+07 ( C) , 5.434e+07 ( C) , 5.436e+07 ( C) 
 , 5.438e+07 ( C) , 5.44e+07 ( C) , 5.442e+07 ( C) , 5.444e+07 ( C) 
 , 5.446e+07 ( C) , 5.448e+07 ( C) , 5.45e+07 ( C) , 5.452e+07 ( C) 
 , 5.454e+07 ( C) , 5.456e+07 ( C) , 5.458e+07 ( C) , 5.46e+07 ( C) 
 , 5.462e+07 ( C) , 5.464e+07 ( C) , 5.466e+07 ( C) , 5.468e+07 ( C) 
 , 5.47e+07 ( C) , 5.472e+07 ( C) , 5.474e+07 ( C) , 5.476e+07 ( C) 
 , 5.478e+07 ( C) , 5.48e+07 ( C) , 5.482e+07 ( C) , 5.484e+07 ( C) 
 , 5.486e+07 ( C) , 5.488e+07 ( C) , 5.49e+07 ( C) , 5.57e+07 ( C) 
 , 5.572e+07 ( C) , 5.574e+07 ( C) , 5.576e+07 ( C) , 5.578e+07 ( C) 
 , 5.58e+07 ( C) , 5.582e+07 ( C) , 5.584e+07 ( C) , 5.586e+07 ( C) 
 , 5.588e+07 ( C) , 5.59e+07 ( C) , 5.592e+07 ( C) , 5.594e+07 ( C) 
 , 5.596e+07 ( C) , 5.598e+07 ( C) , 5.6e+07 ( C) , 5.602e+07 ( C) 
 , 5.604e+07 ( C) , 5.606e+07 ( C) , 5.608e+07 ( C) , 5.61e+07 ( C) 
 , 5.612e+07 ( C) , 5.614e+07 ( C) , 5.616e+07 ( C) , 5.618e+07 ( C) 
 , 5.62e+07 ( C) , 5.622e+07 ( C) , 5.624e+07 ( C) , 5.626e+07 ( C) 
 , 5.628e+07 ( C) , 5.63e+07 ( C) , 5.632e+07 ( C) , 5.634e+07 ( C) 
 , 5.636e+07 ( C) , 5.638e+07 ( C) , 5.64e+07 ( C) , 5.642e+07 ( C) 
 , 5.644e+07 ( C) , 5.646e+07 ( C) , 5.648e+07 ( C) , 5.65e+07 ( C) 
 , 5.652e+07 ( C) , 5.654e+07 ( C) , 5.656e+07 ( C) , 5.658e+07 ( C) 
 , 5.66e+07 ( C) , 5.662e+07 ( C) , 5.664e+07 ( C) , 5.666e+07 ( C) 
 , 5.668e+07 ( C) , 5.67e+07 ( C) , 5.672e+07 ( C) , 5.674e+07 ( C) 
 , 5.676e+07 ( C) , 5.678e+07 ( C) , 5.68e+07 ( C) , 5.682e+07 ( C) 
 , 5.684e+07 ( C) , 5.686e+07 ( C) , 5.688e+07 ( C) , 5.69e+07 ( C) 
 , 5.692e+07 ( C) , 5.694e+07 ( C) , 5.696e+07 ( C) , 5.698e+07 ( C) 
 , 5.7e+07 ( C) , 5.702e+07 ( C) , 5.704e+07 ( C) , 5.706e+07 ( C) 
 , 5.708e+07 ( C) , 5.71e+07 ( C) , 5.712e+07 ( C) , 5.714e+07 ( C) 
 , 5.716e+07 ( C) , 5.718e+07 ( C) , 5.72e+07 ( C) , 5.722e+07 ( C) 
 , 5.724e+07 ( C) , 5.726e+07 ( C) , 5.728e+07 ( C) , 5.73e+07 ( C) 
 , 5.732e+07 ( C) , 5.734e+07 ( C)  Hz.
  total number of eigenvalue check violation: 0
  total number of column sum check (potential) violation: 166
 HYBRID interpolation data preparation: S[1][1]
 HYBRID interpolation data preparation: S[1][2]
 HYBRID interpolation data preparation: S[1][3]
 HYBRID interpolation data preparation: S[1][4]
 HYBRID interpolation data preparation: S[2][1]
 HYBRID interpolation data preparation: S[2][2]
 HYBRID interpolation data preparation: S[2][3]
 HYBRID interpolation data preparation: S[2][4]
 HYBRID interpolation data preparation: S[3][1]
 HYBRID interpolation data preparation: S[3][2]
 HYBRID interpolation data preparation: S[3][3]
 HYBRID interpolation data preparation: S[3][4]
 HYBRID interpolation data preparation: S[4][1]
 HYBRID interpolation data preparation: S[4][2]
 HYBRID interpolation data preparation: S[4][3]
 HYBRID interpolation data preparation: S[4][4]
 s-model [ch_model] s-parameter S-par state space stamping
 

Touchstone File [channel.s4p] 4 port s-params: 1001 pts 4e+07Hz - 6e+07Hz
   No noise parameter read. 

  **warning**  S model [ch_model] (potential) passivity violation detected... 
  Eigenvalue check tolerance: 0.01
 Column sum check tolerance: 1
 (E: Eigenvalue check violation, C: Column sum check (potential) violation)
 at 5.326e+07 ( C) , 5.328e+07 ( C) , 5.33e+07 ( C) , 5.332e+07 ( C) 
 , 5.334e+07 ( C) , 5.336e+07 ( C) , 5.338e+07 ( C) , 5.34e+07 ( C) 
 , 5.342e+07 ( C) , 5.344e+07 ( C) , 5.346e+07 ( C) , 5.348e+07 ( C) 
 , 5.35e+07 ( C) , 5.352e+07 ( C) , 5.354e+07 ( C) , 5.356e+07 ( C) 
 , 5.358e+07 ( C) , 5.36e+07 ( C) , 5.362e+07 ( C) , 5.364e+07 ( C) 
 , 5.366e+07 ( C) , 5.368e+07 ( C) , 5.37e+07 ( C) , 5.372e+07 ( C) 
 , 5.374e+07 ( C) , 5.376e+07 ( C) , 5.378e+07 ( C) , 5.38e+07 ( C) 
 , 5.382e+07 ( C) , 5.384e+07 ( C) , 5.386e+07 ( C) , 5.388e+07 ( C) 
 , 5.39e+07 ( C) , 5.392e+07 ( C) , 5.394e+07 ( C) , 5.396e+07 ( C) 
 , 5.398e+07 ( C) , 5.4e+07 ( C) , 5.402e+07 ( C) , 5.404e+07 ( C) 
 , 5.406e+07 ( C) , 5.408e+07 ( C) , 5.41e+07 ( C) , 5.412e+07 ( C) 
 , 5.414e+07 ( C) , 5.416e+07 ( C) , 5.418e+07 ( C) , 5.42e+07 ( C) 
 , 5.422e+07 ( C) , 5.424e+07 ( C) , 5.426e+07 ( C) , 5.428e+07 ( C) 
 , 5.43e+07 ( C) , 5.432e+07 ( C) , 5.434e+07 ( C) , 5.436e+07 ( C) 
 , 5.438e+07 ( C) , 5.44e+07 ( C) , 5.442e+07 ( C) , 5.444e+07 ( C) 
 , 5.446e+07 ( C) , 5.448e+07 ( C) , 5.45e+07 ( C) , 5.452e+07 ( C) 
 , 5.454e+07 ( C) , 5.456e+07 ( C) , 5.458e+07 ( C) , 5.46e+07 ( C) 
 , 5.462e+07 ( C) , 5.464e+07 ( C) , 5.466e+07 ( C) , 5.468e+07 ( C) 
 , 5.47e+07 ( C) , 5.472e+07 ( C) , 5.474e+07 ( C) , 5.476e+07 ( C) 
 , 5.478e+07 ( C) , 5.48e+07 ( C) , 5.482e+07 ( C) , 5.484e+07 ( C) 
 , 5.486e+07 ( C) , 5.488e+07 ( C) , 5.49e+07 ( C) , 5.57e+07 ( C) 
 , 5.572e+07 ( C) , 5.574e+07 ( C) , 5.576e+07 ( C) , 5.578e+07 ( C) 
 , 5.58e+07 ( C) , 5.582e+07 ( C) , 5.584e+07 ( C) , 5.586e+07 ( C) 
 , 5.588e+07 ( C) , 5.59e+07 ( C) , 5.592e+07 ( C) , 5.594e+07 ( C) 
 , 5.596e+07 ( C) , 5.598e+07 ( C) , 5.6e+07 ( C) , 5.602e+07 ( C) 
 , 5.604e+07 ( C) , 5.606e+07 ( C) , 5.608e+07 ( C) , 5.61e+07 ( C) 
 , 5.612e+07 ( C) , 5.614e+07 ( C) , 5.616e+07 ( C) , 5.618e+07 ( C) 
 , 5.62e+07 ( C) , 5.622e+07 ( C) , 5.624e+07 ( C) , 5.626e+07 ( C) 
 , 5.628e+07 ( C) , 5.63e+07 ( C) , 5.632e+07 ( C) , 5.634e+07 ( C) 
 , 5.636e+07 ( C) , 5.638e+07 ( C) , 5.64e+07 ( C) , 5.642e+07 ( C) 
 , 5.644e+07 ( C) , 5.646e+07 ( C) , 5.648e+07 ( C) , 5.65e+07 ( C) 
 , 5.652e+07 ( C) , 5.654e+07 ( C) , 5.656e+07 ( C) , 5.658e+07 ( C) 
 , 5.66e+07 ( C) , 5.662e+07 ( C) , 5.664e+07 ( C) , 5.666e+07 ( C) 
 , 5.668e+07 ( C) , 5.67e+07 ( C) , 5.672e+07 ( C) , 5.674e+07 ( C) 
 , 5.676e+07 ( C) , 5.678e+07 ( C) , 5.68e+07 ( C) , 5.682e+07 ( C) 
 , 5.684e+07 ( C) , 5.686e+07 ( C) , 5.688e+07 ( C) , 5.69e+07 ( C) 
 , 5.692e+07 ( C) , 5.694e+07 ( C) , 5.696e+07 ( C) , 5.698e+07 ( C) 
 , 5.7e+07 ( C) , 5.702e+07 ( C) , 5.704e+07 ( C) , 5.706e+07 ( C) 
 , 5.708e+07 ( C) , 5.71e+07 ( C) , 5.712e+07 ( C) , 5.714e+07 ( C) 
 , 5.716e+07 ( C) , 5.718e+07 ( C) , 5.72e+07 ( C) , 5.722e+07 ( C) 
 , 5.724e+07 ( C) , 5.726e+07 ( C) , 5.728e+07 ( C) , 5.73e+07 ( C) 
 , 5.732e+07 ( C) , 5.734e+07 ( C)  Hz.
  total number of eigenvalue check violation: 0
  total number of column sum check (potential) violation: 166
 HYBRID interpolation data preparation: S[1][1]
 HYBRID interpolation data preparation: S[1][2]
 HYBRID interpolation data preparation: S[1][3]
 HYBRID interpolation data preparation: S[1][4]
 HYBRID interpolation data preparation: S[2][1]
 HYBRID interpolation data preparation: S[2][2]
 HYBRID interpolation data preparation: S[2][3]
 HYBRID interpolation data preparation: S[2][4]
 HYBRID interpolation data preparation: S[3][1]
 HYBRID interpolation data preparation: S[3][2]
 HYBRID interpolation data preparation: S[3][3]
 HYBRID interpolation data preparation: S[3][4]
 HYBRID interpolation data preparation: S[4][1]
 HYBRID interpolation data preparation: S[4][2]
 HYBRID interpolation data preparation: S[4][3]
 HYBRID interpolation data preparation: S[4][4]
  
      
 Sampling parameter from: channel.s4p
 generating rational functions for [ch_model] (solver: 2) ... 
 [ch_model] S-parameter RATIONAL_FUNC fitting begins
 S parameters are passive
 -----------
 Fitting iteration
 Rational fitting RMS error = 0.00444661
 Rational fitting pole count = 16
 Rational fitting port count = 4
 S model [ch_model]: Rational model is Non-passive. Max violation = 3.18142. ( passive when < 1)
    In case of convergence difficulty, try to add enforce_passive=1 or set rational_func=0 to the S-model.
 No DC frequency point in the original data
 [ch_model] Fitted touchstone file saved to ".\ch_model_fit.s4p"
 Time for rational function generation: 0.762 wall sec w/ 
 Rational function data have been written into [.\ch_model.srf]  
  
 *****************************************************************
 ******  option summary
 ******
 runlvl  = 5         bypass  = 2.0000    
 

Touchstone File [channel.s4p] 4 port s-params: 1001 pts 4e+07Hz - 6e+07Hz
   No noise parameter read. 

  **warning**  S model [ch_model] (potential) passivity violation detected... 
  Eigenvalue check tolerance: 0.01
 Column sum check tolerance: 1
 (E: Eigenvalue check violation, C: Column sum check (potential) violation)
 at 5.326e+07 ( C) , 5.328e+07 ( C) , 5.33e+07 ( C) , 5.332e+07 ( C) 
 , 5.334e+07 ( C) , 5.336e+07 ( C) , 5.338e+07 ( C) , 5.34e+07 ( C) 
 , 5.342e+07 ( C) , 5.344e+07 ( C) , 5.346e+07 ( C) , 5.348e+07 ( C) 
 , 5.35e+07 ( C) , 5.352e+07 ( C) , 5.354e+07 ( C) , 5.356e+07 ( C) 
 , 5.358e+07 ( C) , 5.36e+07 ( C) , 5.362e+07 ( C) , 5.364e+07 ( C) 
 , 5.366e+07 ( C) , 5.368e+07 ( C) , 5.37e+07 ( C) , 5.372e+07 ( C) 
 , 5.374e+07 ( C) , 5.376e+07 ( C) , 5.378e+07 ( C) , 5.38e+07 ( C) 
 , 5.382e+07 ( C) , 5.384e+07 ( C) , 5.386e+07 ( C) , 5.388e+07 ( C) 
 , 5.39e+07 ( C) , 5.392e+07 ( C) , 5.394e+07 ( C) , 5.396e+07 ( C) 
 , 5.398e+07 ( C) , 5.4e+07 ( C) , 5.402e+07 ( C) , 5.404e+07 ( C) 
 , 5.406e+07 ( C) , 5.408e+07 ( C) , 5.41e+07 ( C) , 5.412e+07 ( C) 
 , 5.414e+07 ( C) , 5.416e+07 ( C) , 5.418e+07 ( C) , 5.42e+07 ( C) 
 , 5.422e+07 ( C) , 5.424e+07 ( C) , 5.426e+07 ( C) , 5.428e+07 ( C) 
 , 5.43e+07 ( C) , 5.432e+07 ( C) , 5.434e+07 ( C) , 5.436e+07 ( C) 
 , 5.438e+07 ( C) , 5.44e+07 ( C) , 5.442e+07 ( C) , 5.444e+07 ( C) 
 , 5.446e+07 ( C) , 5.448e+07 ( C) , 5.45e+07 ( C) , 5.452e+07 ( C) 
 , 5.454e+07 ( C) , 5.456e+07 ( C) , 5.458e+07 ( C) , 5.46e+07 ( C) 
 , 5.462e+07 ( C) , 5.464e+07 ( C) , 5.466e+07 ( C) , 5.468e+07 ( C) 
 , 5.47e+07 ( C) , 5.472e+07 ( C) , 5.474e+07 ( C) , 5.476e+07 ( C) 
 , 5.478e+07 ( C) , 5.48e+07 ( C) , 5.482e+07 ( C) , 5.484e+07 ( C) 
 , 5.486e+07 ( C) , 5.488e+07 ( C) , 5.49e+07 ( C) , 5.57e+07 ( C) 
 , 5.572e+07 ( C) , 5.574e+07 ( C) , 5.576e+07 ( C) , 5.578e+07 ( C) 
 , 5.58e+07 ( C) , 5.582e+07 ( C) , 5.584e+07 ( C) , 5.586e+07 ( C) 
 , 5.588e+07 ( C) , 5.59e+07 ( C) , 5.592e+07 ( C) , 5.594e+07 ( C) 
 , 5.596e+07 ( C) , 5.598e+07 ( C) , 5.6e+07 ( C) , 5.602e+07 ( C) 
 , 5.604e+07 ( C) , 5.606e+07 ( C) , 5.608e+07 ( C) , 5.61e+07 ( C) 
 , 5.612e+07 ( C) , 5.614e+07 ( C) , 5.616e+07 ( C) , 5.618e+07 ( C) 
 , 5.62e+07 ( C) , 5.622e+07 ( C) , 5.624e+07 ( C) , 5.626e+07 ( C) 
 , 5.628e+07 ( C) , 5.63e+07 ( C) , 5.632e+07 ( C) , 5.634e+07 ( C) 
 , 5.636e+07 ( C) , 5.638e+07 ( C) , 5.64e+07 ( C) , 5.642e+07 ( C) 
 , 5.644e+07 ( C) , 5.646e+07 ( C) , 5.648e+07 ( C) , 5.65e+07 ( C) 
 , 5.652e+07 ( C) , 5.654e+07 ( C) , 5.656e+07 ( C) , 5.658e+07 ( C) 
 , 5.66e+07 ( C) , 5.662e+07 ( C) , 5.664e+07 ( C) , 5.666e+07 ( C) 
 , 5.668e+07 ( C) , 5.67e+07 ( C) , 5.672e+07 ( C) , 5.674e+07 ( C) 
 , 5.676e+07 ( C) , 5.678e+07 ( C) , 5.68e+07 ( C) , 5.682e+07 ( C) 
 , 5.684e+07 ( C) , 5.686e+07 ( C) , 5.688e+07 ( C) , 5.69e+07 ( C) 
 , 5.692e+07 ( C) , 5.694e+07 ( C) , 5.696e+07 ( C) , 5.698e+07 ( C) 
 , 5.7e+07 ( C) , 5.702e+07 ( C) , 5.704e+07 ( C) , 5.706e+07 ( C) 
 , 5.708e+07 ( C) , 5.71e+07 ( C) , 5.712e+07 ( C) , 5.714e+07 ( C) 
 , 5.716e+07 ( C) , 5.718e+07 ( C) , 5.72e+07 ( C) , 5.722e+07 ( C) 
 , 5.724e+07 ( C) , 5.726e+07 ( C) , 5.728e+07 ( C) , 5.73e+07 ( C) 
 , 5.732e+07 ( C) , 5.734e+07 ( C)  Hz.
  total number of eigenvalue check violation: 0
  total number of column sum check (potential) violation: 166
 HYBRID interpolation data preparation: S[1][1]
 HYBRID interpolation data preparation: S[1][2]
 HYBRID interpolation data preparation: S[1][3]
 HYBRID interpolation data preparation: S[1][4]
 HYBRID interpolation data preparation: S[2][1]
 HYBRID interpolation data preparation: S[2][2]
 HYBRID interpolation data preparation: S[2][3]
 HYBRID interpolation data preparation: S[2][4]
 HYBRID interpolation data preparation: S[3][1]
 HYBRID interpolation data preparation: S[3][2]
 HYBRID interpolation data preparation: S[3][3]
 HYBRID interpolation data preparation: S[3][4]
 HYBRID interpolation data preparation: S[4][1]
 HYBRID interpolation data preparation: S[4][2]
 HYBRID interpolation data preparation: S[4][3]
 HYBRID interpolation data preparation: S[4][4]
 s-model [ch_model] s-parameter S-par state space stamping
 

Touchstone File [channel.s4p] 4 port s-params: 1001 pts 4e+07Hz - 6e+07Hz
   No noise parameter read. 

  **warning**  S model [ch_model] (potential) passivity violation detected... 
  Eigenvalue check tolerance: 0.01
 Column sum check tolerance: 1
 (E: Eigenvalue check violation, C: Column sum check (potential) violation)
 at 5.326e+07 ( C) , 5.328e+07 ( C) , 5.33e+07 ( C) , 5.332e+07 ( C) 
 , 5.334e+07 ( C) , 5.336e+07 ( C) , 5.338e+07 ( C) , 5.34e+07 ( C) 
 , 5.342e+07 ( C) , 5.344e+07 ( C) , 5.346e+07 ( C) , 5.348e+07 ( C) 
 , 5.35e+07 ( C) , 5.352e+07 ( C) , 5.354e+07 ( C) , 5.356e+07 ( C) 
 , 5.358e+07 ( C) , 5.36e+07 ( C) , 5.362e+07 ( C) , 5.364e+07 ( C) 
 , 5.366e+07 ( C) , 5.368e+07 ( C) , 5.37e+07 ( C) , 5.372e+07 ( C) 
 , 5.374e+07 ( C) , 5.376e+07 ( C) , 5.378e+07 ( C) , 5.38e+07 ( C) 
 , 5.382e+07 ( C) , 5.384e+07 ( C) , 5.386e+07 ( C) , 5.388e+07 ( C) 
 , 5.39e+07 ( C) , 5.392e+07 ( C) , 5.394e+07 ( C) , 5.396e+07 ( C) 
 , 5.398e+07 ( C) , 5.4e+07 ( C) , 5.402e+07 ( C) , 5.404e+07 ( C) 
 , 5.406e+07 ( C) , 5.408e+07 ( C) , 5.41e+07 ( C) , 5.412e+07 ( C) 
 , 5.414e+07 ( C) , 5.416e+07 ( C) , 5.418e+07 ( C) , 5.42e+07 ( C) 
 , 5.422e+07 ( C) , 5.424e+07 ( C) , 5.426e+07 ( C) , 5.428e+07 ( C) 
 , 5.43e+07 ( C) , 5.432e+07 ( C) , 5.434e+07 ( C) , 5.436e+07 ( C) 
 , 5.438e+07 ( C) , 5.44e+07 ( C) , 5.442e+07 ( C) , 5.444e+07 ( C) 
 , 5.446e+07 ( C) , 5.448e+07 ( C) , 5.45e+07 ( C) , 5.452e+07 ( C) 
 , 5.454e+07 ( C) , 5.456e+07 ( C) , 5.458e+07 ( C) , 5.46e+07 ( C) 
 , 5.462e+07 ( C) , 5.464e+07 ( C) , 5.466e+07 ( C) , 5.468e+07 ( C) 
 , 5.47e+07 ( C) , 5.472e+07 ( C) , 5.474e+07 ( C) , 5.476e+07 ( C) 
 , 5.478e+07 ( C) , 5.48e+07 ( C) , 5.482e+07 ( C) , 5.484e+07 ( C) 
 , 5.486e+07 ( C) , 5.488e+07 ( C) , 5.49e+07 ( C) , 5.57e+07 ( C) 
 , 5.572e+07 ( C) , 5.574e+07 ( C) , 5.576e+07 ( C) , 5.578e+07 ( C) 
 , 5.58e+07 ( C) , 5.582e+07 ( C) , 5.584e+07 ( C) , 5.586e+07 ( C) 
 , 5.588e+07 ( C) , 5.59e+07 ( C) , 5.592e+07 ( C) , 5.594e+07 ( C) 
 , 5.596e+07 ( C) , 5.598e+07 ( C) , 5.6e+07 ( C) , 5.602e+07 ( C) 
 , 5.604e+07 ( C) , 5.606e+07 ( C) , 5.608e+07 ( C) , 5.61e+07 ( C) 
 , 5.612e+07 ( C) , 5.614e+07 ( C) , 5.616e+07 ( C) , 5.618e+07 ( C) 
 , 5.62e+07 ( C) , 5.622e+07 ( C) , 5.624e+07 ( C) , 5.626e+07 ( C) 
 , 5.628e+07 ( C) , 5.63e+07 ( C) , 5.632e+07 ( C) , 5.634e+07 ( C) 
 , 5.636e+07 ( C) , 5.638e+07 ( C) , 5.64e+07 ( C) , 5.642e+07 ( C) 
 , 5.644e+07 ( C) , 5.646e+07 ( C) , 5.648e+07 ( C) , 5.65e+07 ( C) 
 , 5.652e+07 ( C) , 5.654e+07 ( C) , 5.656e+07 ( C) , 5.658e+07 ( C) 
 , 5.66e+07 ( C) , 5.662e+07 ( C) , 5.664e+07 ( C) , 5.666e+07 ( C) 
 , 5.668e+07 ( C) , 5.67e+07 ( C) , 5.672e+07 ( C) , 5.674e+07 ( C) 
 , 5.676e+07 ( C) , 5.678e+07 ( C) , 5.68e+07 ( C) , 5.682e+07 ( C) 
 , 5.684e+07 ( C) , 5.686e+07 ( C) , 5.688e+07 ( C) , 5.69e+07 ( C) 
 , 5.692e+07 ( C) , 5.694e+07 ( C) , 5.696e+07 ( C) , 5.698e+07 ( C) 
 , 5.7e+07 ( C) , 5.702e+07 ( C) , 5.704e+07 ( C) , 5.706e+07 ( C) 
 , 5.708e+07 ( C) , 5.71e+07 ( C) , 5.712e+07 ( C) , 5.714e+07 ( C) 
 , 5.716e+07 ( C) , 5.718e+07 ( C) , 5.72e+07 ( C) , 5.722e+07 ( C) 
 , 5.724e+07 ( C) , 5.726e+07 ( C) , 5.728e+07 ( C) , 5.73e+07 ( C) 
 , 5.732e+07 ( C) , 5.734e+07 ( C)  Hz.
  total number of eigenvalue check violation: 0
  total number of column sum check (potential) violation: 166
 HYBRID interpolation data preparation: S[1][1]
 HYBRID interpolation data preparation: S[1][2]
 HYBRID interpolation data preparation: S[1][3]
 HYBRID interpolation data preparation: S[1][4]
 HYBRID interpolation data preparation: S[2][1]
 HYBRID interpolation data preparation: S[2][2]
 HYBRID interpolation data preparation: S[2][3]
 HYBRID interpolation data preparation: S[2][4]
 HYBRID interpolation data preparation: S[3][1]
 HYBRID interpolation data preparation: S[3][2]
 HYBRID interpolation data preparation: S[3][3]
 HYBRID interpolation data preparation: S[3][4]
 HYBRID interpolation data preparation: S[4][1]
 HYBRID interpolation data preparation: S[4][2]
 HYBRID interpolation data preparation: S[4][3]
 HYBRID interpolation data preparation: S[4][4]
 reading rational function data from [.\ch_model.srf]
  
 rational function data read from [.\ch_model.srf]  
  **warning** Fitted S-parameter file is unchanged because of re-using SRF file. Remove SRF file and rerun to obtain new fitted s-parameters output.
  
 **info** dc convergence successful at Newton-Raphson method 
1****** PrimeSim HSPICE -- T-2022.06 win64 (May 20 2022 7637141) ******
 ******  
 * hspice native s-parameter audit: audit_amp1p5_edge5_r50

 ****** operating point information tnom=  25.000 temp=  27.000 ******
 ****** operating point status is voltage   simulation time is     0.     
    node    =voltage      node    =voltage      node    =voltage

 +0:p1      =   0.      0:p2      =   0.      0:p3      =   0.     
 +0:p4      =   0.      0:src     =   0.     


          ***** job concluded
 ******  
 * hspice native s-parameter audit: audit_amp1p5_edge5_r50

 ****** job statistics summary tnom=  25.000 temp=  27.000 ******

  ******  PrimeSim HSPICE Threads Information  ******

  Command Line Threads Count :     1
  Available CPU Count        :    12
  Actual Threads Count       :     1


  ******  Circuit Statistics  ******
  # nodes       =      74 # elements   =       6
  # resistors   =       4 # capacitors =       0 # inductors   =       0
  # mutual_inds =       0 # vccs       =       0 # vcvs        =       0
  # cccs        =       0 # ccvs       =       0 # volt_srcs   =       1
  # curr_srcs   =       0 # diodes     =       0 # bjts        =       0
  # jfets       =       0 # mosfets    =       0 # U elements  =       0
  # T elements  =       0 # W elements =       0 # B elements  =       0
  # S elements  =       1 # P elements =       0 # va device   =       0
  # vector_srcs =       0 # N elements =       0


  ******  Runtime Statistics (seconds)  ******

  analysis           time    # points   tot. iter  conv.iter
  op point           0.00           1           3
  transient          0.01        3501         286         143 rev=         8
  readin             0.98
  errchk             2.46
  setup              0.00
  output             0.00


           peak memory used         82.41 megabytes
           total cpu time            4.94 seconds
           total elapsed time        5.48 seconds
           job started at     16:21:06 06/11/2026
           job ended   at     16:21:12 06/11/2026
           job total runtime         5.48 seconds


  lic: Release hspice token(s) 
 lic: total license checkout elapse time:        0.32(s)
