 ****** PrimeSim HSPICE -- T-2022.06 win64 (May 20 2022 7637141) ******
  Copyright (c) 1986 - 2026 by Synopsys, Inc. All Rights Reserved.
  This software and the associated documentation are proprietary
  to Synopsys, Inc. This software may only be used in accordance
  with the terms and conditions of a written license agreement with
  Synopsys, Inc. All other use, reproduction, or distribution of
  this software is strictly prohibited.
  Input File: agilent_io_buf_hspice_pulsetrain.sp                               
  Command line options: C:\synopsys\Hspice_T-2022.06\WIN64\hspice.com -i agilent_io_buf_hspice_pulsetrain.sp -o agilent_io_buf_hspice_pulsetrain
  Start time: Fri Jun 19 16:22:01 2026
  lic:  
  lic: FLEXlm: SDK_12.10 
  lic: USER:   sh3qm                HOSTNAME: rd78ece-emclab 
  lic: HOSTID: 00ff89f5aa52         PID:      22648 
  lic: Using FLEXlm license file: 
  lic: 1704@synopsys.lic.mst.edu 
  lic: Checkout 1 hspice 
  lic: License/Maintenance for hspice will expire on 26-may-2027/2026.03 
  lic: 1(in_use)/50(total) FLOATING license(s) on SERVER 1704@synopsys.lic.mst.e
 du 
  lic:   
  **warning** (agilent_io_buf_hspice_pulsetrain.sp:4) runlvl smaller than 5, reset to 5 when accurate turned on

 **warning**  runlvl smaller than 5, reset to 5 when accurate turned on
  **info** (agilent_io_buf_hspice_pulsetrain.sp:13) DC voltage reset to initial transient source value in source 0:vin. new dc=0.0000D+00
 

Touchstone File [Agilent_E5071B.s4p] 4 port s-params: 205 pts 5e+08Hz - 4.5e+09Hz
   No noise parameter read. 

  **warning**  S model [agilent_ch] (potential) passivity violation detected... 
  Eigenvalue check tolerance: 0.01
 Column sum check tolerance: 1
 (E: Eigenvalue check violation, C: Column sum check (potential) violation)
 at 9.9e+08 ( C) , 1.01e+09 ( C) , 1.03e+09 ( C) , 1.15e+09 ( C) 
 , 1.17e+09 ( C) , 1.19e+09 ( C) , 1.21e+09 ( C) , 1.23e+09 ( C) 
 , 1.25e+09 ( C) , 1.27e+09 ( C) , 1.29e+09 ( C) , 1.31e+09 ( C) 
 , 1.49e+09 ( C) , 1.55e+09 ( C) , 1.57e+09 ( C)  Hz.
  total number of eigenvalue check violation: 0
  total number of column sum check (potential) violation: 15
 HYBRID interpolation data preparation: S[1][1]
 HYBRID interpolation data preparation: S[1][2]
 HYBRID interpolation data preparation: S[1][3]
 HYBRID interpolation data preparation: S[1][4]
 HYBRID interpolation data preparation: S[2][1]
 HYBRID interpolation data preparation: S[2][2]
 HYBRID interpolation data preparation: S[2][3]
 HYBRID interpolation data preparation: S[2][4]
 HYBRID interpolation data preparation: S[3][1]
 HYBRID interpolation data preparation: S[3][2]
 HYBRID interpolation data preparation: S[3][3]
 HYBRID interpolation data preparation: S[3][4]
 HYBRID interpolation data preparation: S[4][1]
 HYBRID interpolation data preparation: S[4][2]
 HYBRID interpolation data preparation: S[4][3]
 HYBRID interpolation data preparation: S[4][4]
 s-model [agilent_ch] s-parameter S-par state space stamping
 

Touchstone File [Agilent_E5071B.s4p] 4 port s-params: 205 pts 5e+08Hz - 4.5e+09Hz
   No noise parameter read. 

  **warning**  S model [agilent_ch] (potential) passivity violation detected... 
  Eigenvalue check tolerance: 0.01
 Column sum check tolerance: 1
 (E: Eigenvalue check violation, C: Column sum check (potential) violation)
 at 9.9e+08 ( C) , 1.01e+09 ( C) , 1.03e+09 ( C) , 1.15e+09 ( C) 
 , 1.17e+09 ( C) , 1.19e+09 ( C) , 1.21e+09 ( C) , 1.23e+09 ( C) 
 , 1.25e+09 ( C) , 1.27e+09 ( C) , 1.29e+09 ( C) , 1.31e+09 ( C) 
 , 1.49e+09 ( C) , 1.55e+09 ( C) , 1.57e+09 ( C)  Hz.
  total number of eigenvalue check violation: 0
  total number of column sum check (potential) violation: 15
 HYBRID interpolation data preparation: S[1][1]
 HYBRID interpolation data preparation: S[1][2]
 HYBRID interpolation data preparation: S[1][3]
 HYBRID interpolation data preparation: S[1][4]
 HYBRID interpolation data preparation: S[2][1]
 HYBRID interpolation data preparation: S[2][2]
 HYBRID interpolation data preparation: S[2][3]
 HYBRID interpolation data preparation: S[2][4]
 HYBRID interpolation data preparation: S[3][1]
 HYBRID interpolation data preparation: S[3][2]
 HYBRID interpolation data preparation: S[3][3]
 HYBRID interpolation data preparation: S[3][4]
 HYBRID interpolation data preparation: S[4][1]
 HYBRID interpolation data preparation: S[4][2]
 HYBRID interpolation data preparation: S[4][3]
 HYBRID interpolation data preparation: S[4][4]
  
      
 Sampling parameter from: Agilent_E5071B.s4p
 generating rational functions for [agilent_ch] (solver: 2) ... 
 [agilent_ch] S-parameter RATIONAL_FUNC fitting begins
 S parameters are passive
 -----------
 Fitting iteration
 Rational fitting RMS error = 0.00496885
 Rational fitting pole count = 58
 Rational fitting port count = 4
 S model [agilent_ch]: Rational model is Non-passive. Max violation = 1.06958. ( passive when < 1)
    In case of convergence difficulty, try to add enforce_passive=1 or set rational_func=0 to the S-model.
 No DC frequency point in the original data
 [agilent_ch] Fitted touchstone file saved to ".\agilent_ch_fit.s4p"
 Time for rational function generation: 0.848 wall sec w/ 
 Rational function data have been written into [.\agilent_ch.srf]  
  
 *****************************************************************
 ******  option summary
 ******
 runlvl  = 5         bypass  = 2.0000    
 

Touchstone File [Agilent_E5071B.s4p] 4 port s-params: 205 pts 5e+08Hz - 4.5e+09Hz
   No noise parameter read. 

  **warning**  S model [agilent_ch] (potential) passivity violation detected... 
  Eigenvalue check tolerance: 0.01
 Column sum check tolerance: 1
 (E: Eigenvalue check violation, C: Column sum check (potential) violation)
 at 9.9e+08 ( C) , 1.01e+09 ( C) , 1.03e+09 ( C) , 1.15e+09 ( C) 
 , 1.17e+09 ( C) , 1.19e+09 ( C) , 1.21e+09 ( C) , 1.23e+09 ( C) 
 , 1.25e+09 ( C) , 1.27e+09 ( C) , 1.29e+09 ( C) , 1.31e+09 ( C) 
 , 1.49e+09 ( C) , 1.55e+09 ( C) , 1.57e+09 ( C)  Hz.
  total number of eigenvalue check violation: 0
  total number of column sum check (potential) violation: 15
 HYBRID interpolation data preparation: S[1][1]
 HYBRID interpolation data preparation: S[1][2]
 HYBRID interpolation data preparation: S[1][3]
 HYBRID interpolation data preparation: S[1][4]
 HYBRID interpolation data preparation: S[2][1]
 HYBRID interpolation data preparation: S[2][2]
 HYBRID interpolation data preparation: S[2][3]
 HYBRID interpolation data preparation: S[2][4]
 HYBRID interpolation data preparation: S[3][1]
 HYBRID interpolation data preparation: S[3][2]
 HYBRID interpolation data preparation: S[3][3]
 HYBRID interpolation data preparation: S[3][4]
 HYBRID interpolation data preparation: S[4][1]
 HYBRID interpolation data preparation: S[4][2]
 HYBRID interpolation data preparation: S[4][3]
 HYBRID interpolation data preparation: S[4][4]
 s-model [agilent_ch] s-parameter S-par state space stamping
 

Touchstone File [Agilent_E5071B.s4p] 4 port s-params: 205 pts 5e+08Hz - 4.5e+09Hz
   No noise parameter read. 

  **warning**  S model [agilent_ch] (potential) passivity violation detected... 
  Eigenvalue check tolerance: 0.01
 Column sum check tolerance: 1
 (E: Eigenvalue check violation, C: Column sum check (potential) violation)
 at 9.9e+08 ( C) , 1.01e+09 ( C) , 1.03e+09 ( C) , 1.15e+09 ( C) 
 , 1.17e+09 ( C) , 1.19e+09 ( C) , 1.21e+09 ( C) , 1.23e+09 ( C) 
 , 1.25e+09 ( C) , 1.27e+09 ( C) , 1.29e+09 ( C) , 1.31e+09 ( C) 
 , 1.49e+09 ( C) , 1.55e+09 ( C) , 1.57e+09 ( C)  Hz.
  total number of eigenvalue check violation: 0
  total number of column sum check (potential) violation: 15
 HYBRID interpolation data preparation: S[1][1]
 HYBRID interpolation data preparation: S[1][2]
 HYBRID interpolation data preparation: S[1][3]
 HYBRID interpolation data preparation: S[1][4]
 HYBRID interpolation data preparation: S[2][1]
 HYBRID interpolation data preparation: S[2][2]
 HYBRID interpolation data preparation: S[2][3]
 HYBRID interpolation data preparation: S[2][4]
 HYBRID interpolation data preparation: S[3][1]
 HYBRID interpolation data preparation: S[3][2]
 HYBRID interpolation data preparation: S[3][3]
 HYBRID interpolation data preparation: S[3][4]
 HYBRID interpolation data preparation: S[4][1]
 HYBRID interpolation data preparation: S[4][2]
 HYBRID interpolation data preparation: S[4][3]
 HYBRID interpolation data preparation: S[4][4]
 reading rational function data from [.\agilent_ch.srf]
  
 rational function data read from [.\agilent_ch.srf]  
  **warning** Fitted S-parameter file is unchanged because of re-using SRF file. Remove SRF file and rerun to obtain new fitted s-parameters output.
  
 **info** dc convergence successful at Newton-Raphson method 
1****** PrimeSim HSPICE -- T-2022.06 win64 (May 20 2022 7637141) ******
 ******  
 * hspice: io_buf native ibis driving agilent_e5071b.s4p, repeated pulses

 ****** operating point information tnom=  25.000 temp=  27.000 ******
 ****** operating point status is voltage   simulation time is   0.000e+00
    node    =voltage      node    =voltage      node    =voltage

 +0:dig_q   = 5.000e-01 0:en_sig  = 3.300e+00 0:gc_ref  = 0.000e+00
 +0:in_dig  = 0.000e+00 0:p1      = 2.017e-09 0:p2      = 2.182e-11
 +0:p3      =-1.046e-25 0:p4      =-6.329e-13 0:pc_ref  = 3.300e+00
 +0:pd_ref  = 0.000e+00 0:pu_ref  = 3.300e+00


          ***** job concluded
 ******  
 * hspice: io_buf native ibis driving agilent_e5071b.s4p, repeated pulses

 ****** job statistics summary tnom=  25.000 temp=  27.000 ******

  ******  PrimeSim HSPICE Threads Information  ******

  Command Line Threads Count :     1
  Available CPU Count        :    12
  Actual Threads Count       :     1


  ******  Circuit Statistics  ******
  # nodes       =     249 # elements   =      12
  # resistors   =       4 # capacitors =       0 # inductors   =       0
  # mutual_inds =       0 # vccs       =       0 # vcvs        =       0
  # cccs        =       0 # ccvs       =       0 # volt_srcs   =       6
  # curr_srcs   =       0 # diodes     =       0 # bjts        =       0
  # jfets       =       0 # mosfets    =       0 # U elements  =       0
  # T elements  =       0 # W elements =       0 # B elements  =       1
  # S elements  =       1 # P elements =       0 # va device   =       0
  # vector_srcs =       0 # N elements =       0


  ******  Runtime Statistics (seconds)  ******

  analysis           time    # points   tot. iter  conv.iter
  op point           0.01           1           4
  transient          0.16       22001        4823        2404 rev=        26
  readin             0.12
  errchk             1.57
  setup              0.00
  output             0.00


           peak memory used         84.54 megabytes
           total cpu time            2.52 seconds
           total elapsed time        2.64 seconds
           job started at     16:22:01 06/19/2026
           job ended   at     16:22:04 06/19/2026
           job total runtime         2.64 seconds


  lic: Release hspice token(s) 
 lic: total license checkout elapse time:        0.10(s)
