 ****** PrimeSim HSPICE -- T-2022.06 win64 (May 20 2022 7637141) ******
  Copyright (c) 1986 - 2026 by Synopsys, Inc. All Rights Reserved.
  This software and the associated documentation are proprietary
  to Synopsys, Inc. This software may only be used in accordance
  with the terms and conditions of a written license agreement with
  Synopsys, Inc. All other use, reproduction, or distribution of
  this software is strictly prohibited.
  Input File: audit_amp1p5_edge5_r50_hspice.sp                                  
  Command line options: C:\synopsys\Hspice_T-2022.06\WIN64\hspice.com -i audit_amp1p5_edge5_r50_hspice.sp -o audit_amp1p5_edge5_r50_hspice
  Start time: Tue Jun 16 20:44:23 2026
  lic:  
  lic: FLEXlm: SDK_12.10 
  lic: USER:   sh3qm                HOSTNAME: rd78ece-emclab 
  lic: HOSTID: 00ff89f5aa52         PID:      16760 
  lic: Using FLEXlm license file: 
  lic: 1704@synopsys.lic.mst.edu 
  lic: Checkout 1 hspice 
  lic: License/Maintenance for hspice will expire on 26-may-2027/2026.03 
  lic: 1(in_use)/50(total) FLOATING license(s) on SERVER 1704@synopsys.lic.mst.e
 du 
  lic:   
  **warning** (audit_amp1p5_edge5_r50_hspice.sp:2) runlvl smaller than 5, reset to 5 when accurate turned on

 **warning**  runlvl smaller than 5, reset to 5 when accurate turned on
  **info** (audit_amp1p5_edge5_r50_hspice.sp:4) DC voltage reset to initial transient source value in source 0:vin. new dc=0.0000D+00
 

Touchstone File [channel.s4p] 4 port s-params: 205 pts 5e+08Hz - 4.5e+09Hz
   No noise parameter read. 

  **warning** (ch_model:0) Zo value in channel.s4p overrides Zo value in model/instance line.
  **warning**  S model [ch_model] (potential) passivity violation detected... 
  Eigenvalue check tolerance: 0.01
 Column sum check tolerance: 1
 (E: Eigenvalue check violation, C: Column sum check (potential) violation)
 at 9.9e+08 ( C) , 1.01e+09 ( C) , 1.03e+09 ( C) , 1.15e+09 ( C) 
 , 1.17e+09 ( C) , 1.19e+09 ( C) , 1.21e+09 ( C) , 1.23e+09 ( C) 
 , 1.25e+09 ( C) , 1.27e+09 ( C) , 1.29e+09 ( C) , 1.31e+09 ( C) 
 , 1.49e+09 ( C) , 1.55e+09 ( C) , 1.57e+09 ( C)  Hz.
  total number of eigenvalue check violation: 0
  total number of column sum check (potential) violation: 15
 HYBRID interpolation data preparation: S[1][1]
 HYBRID interpolation data preparation: S[1][2]
 HYBRID interpolation data preparation: S[1][3]
 HYBRID interpolation data preparation: S[1][4]
 HYBRID interpolation data preparation: S[2][1]
 HYBRID interpolation data preparation: S[2][2]
 HYBRID interpolation data preparation: S[2][3]
 HYBRID interpolation data preparation: S[2][4]
 HYBRID interpolation data preparation: S[3][1]
 HYBRID interpolation data preparation: S[3][2]
 HYBRID interpolation data preparation: S[3][3]
 HYBRID interpolation data preparation: S[3][4]
 HYBRID interpolation data preparation: S[4][1]
 HYBRID interpolation data preparation: S[4][2]
 HYBRID interpolation data preparation: S[4][3]
 HYBRID interpolation data preparation: S[4][4]
 s-model [ch_model] s-parameter S-par state space stamping
 

Touchstone File [channel.s4p] 4 port s-params: 205 pts 5e+08Hz - 4.5e+09Hz
   No noise parameter read. 

  **warning** (ch_model:0) Zo value in channel.s4p overrides Zo value in model/instance line.
  **warning**  S model [ch_model] (potential) passivity violation detected... 
  Eigenvalue check tolerance: 0.01
 Column sum check tolerance: 1
 (E: Eigenvalue check violation, C: Column sum check (potential) violation)
 at 9.9e+08 ( C) , 1.01e+09 ( C) , 1.03e+09 ( C) , 1.15e+09 ( C) 
 , 1.17e+09 ( C) , 1.19e+09 ( C) , 1.21e+09 ( C) , 1.23e+09 ( C) 
 , 1.25e+09 ( C) , 1.27e+09 ( C) , 1.29e+09 ( C) , 1.31e+09 ( C) 
 , 1.49e+09 ( C) , 1.55e+09 ( C) , 1.57e+09 ( C)  Hz.
  total number of eigenvalue check violation: 0
  total number of column sum check (potential) violation: 15
 HYBRID interpolation data preparation: S[1][1]
 HYBRID interpolation data preparation: S[1][2]
 HYBRID interpolation data preparation: S[1][3]
 HYBRID interpolation data preparation: S[1][4]
 HYBRID interpolation data preparation: S[2][1]
 HYBRID interpolation data preparation: S[2][2]
 HYBRID interpolation data preparation: S[2][3]
 HYBRID interpolation data preparation: S[2][4]
 HYBRID interpolation data preparation: S[3][1]
 HYBRID interpolation data preparation: S[3][2]
 HYBRID interpolation data preparation: S[3][3]
 HYBRID interpolation data preparation: S[3][4]
 HYBRID interpolation data preparation: S[4][1]
 HYBRID interpolation data preparation: S[4][2]
 HYBRID interpolation data preparation: S[4][3]
 HYBRID interpolation data preparation: S[4][4]
  
      
 Sampling parameter from: channel.s4p
 generating rational functions for [ch_model] (solver: 2) ... 
 [ch_model] S-parameter RATIONAL_FUNC fitting begins
 S parameters are passive
 -----------
 Fitting iteration
 Rational fitting RMS error = 0.00496885
 Rational fitting pole count = 58
 Rational fitting port count = 4
 S model [ch_model]: Rational model is Non-passive. Max violation = 1.06958. ( passive when < 1)
    In case of convergence difficulty, try to add enforce_passive=1 or set rational_func=0 to the S-model.
 No DC frequency point in the original data
 [ch_model] Fitted touchstone file saved to ".\ch_model_fit.s4p"
 Time for rational function generation: 0.942 wall sec w/ 
 Rational function data have been written into [.\ch_model.srf]  
  
 *****************************************************************
 ******  option summary
 ******
 runlvl  = 5         bypass  = 2.0000    
 

Touchstone File [channel.s4p] 4 port s-params: 205 pts 5e+08Hz - 4.5e+09Hz
   No noise parameter read. 

  **warning** (ch_model:0) Zo value in channel.s4p overrides Zo value in model/instance line.
  **warning**  S model [ch_model] (potential) passivity violation detected... 
  Eigenvalue check tolerance: 0.01
 Column sum check tolerance: 1
 (E: Eigenvalue check violation, C: Column sum check (potential) violation)
 at 9.9e+08 ( C) , 1.01e+09 ( C) , 1.03e+09 ( C) , 1.15e+09 ( C) 
 , 1.17e+09 ( C) , 1.19e+09 ( C) , 1.21e+09 ( C) , 1.23e+09 ( C) 
 , 1.25e+09 ( C) , 1.27e+09 ( C) , 1.29e+09 ( C) , 1.31e+09 ( C) 
 , 1.49e+09 ( C) , 1.55e+09 ( C) , 1.57e+09 ( C)  Hz.
  total number of eigenvalue check violation: 0
  total number of column sum check (potential) violation: 15
 HYBRID interpolation data preparation: S[1][1]
 HYBRID interpolation data preparation: S[1][2]
 HYBRID interpolation data preparation: S[1][3]
 HYBRID interpolation data preparation: S[1][4]
 HYBRID interpolation data preparation: S[2][1]
 HYBRID interpolation data preparation: S[2][2]
 HYBRID interpolation data preparation: S[2][3]
 HYBRID interpolation data preparation: S[2][4]
 HYBRID interpolation data preparation: S[3][1]
 HYBRID interpolation data preparation: S[3][2]
 HYBRID interpolation data preparation: S[3][3]
 HYBRID interpolation data preparation: S[3][4]
 HYBRID interpolation data preparation: S[4][1]
 HYBRID interpolation data preparation: S[4][2]
 HYBRID interpolation data preparation: S[4][3]
 HYBRID interpolation data preparation: S[4][4]
 s-model [ch_model] s-parameter S-par state space stamping
 

Touchstone File [channel.s4p] 4 port s-params: 205 pts 5e+08Hz - 4.5e+09Hz
   No noise parameter read. 

  **warning** (ch_model:0) Zo value in channel.s4p overrides Zo value in model/instance line.
  **warning**  S model [ch_model] (potential) passivity violation detected... 
  Eigenvalue check tolerance: 0.01
 Column sum check tolerance: 1
 (E: Eigenvalue check violation, C: Column sum check (potential) violation)
 at 9.9e+08 ( C) , 1.01e+09 ( C) , 1.03e+09 ( C) , 1.15e+09 ( C) 
 , 1.17e+09 ( C) , 1.19e+09 ( C) , 1.21e+09 ( C) , 1.23e+09 ( C) 
 , 1.25e+09 ( C) , 1.27e+09 ( C) , 1.29e+09 ( C) , 1.31e+09 ( C) 
 , 1.49e+09 ( C) , 1.55e+09 ( C) , 1.57e+09 ( C)  Hz.
  total number of eigenvalue check violation: 0
  total number of column sum check (potential) violation: 15
 HYBRID interpolation data preparation: S[1][1]
 HYBRID interpolation data preparation: S[1][2]
 HYBRID interpolation data preparation: S[1][3]
 HYBRID interpolation data preparation: S[1][4]
 HYBRID interpolation data preparation: S[2][1]
 HYBRID interpolation data preparation: S[2][2]
 HYBRID interpolation data preparation: S[2][3]
 HYBRID interpolation data preparation: S[2][4]
 HYBRID interpolation data preparation: S[3][1]
 HYBRID interpolation data preparation: S[3][2]
 HYBRID interpolation data preparation: S[3][3]
 HYBRID interpolation data preparation: S[3][4]
 HYBRID interpolation data preparation: S[4][1]
 HYBRID interpolation data preparation: S[4][2]
 HYBRID interpolation data preparation: S[4][3]
 HYBRID interpolation data preparation: S[4][4]
 reading rational function data from [.\ch_model.srf]
  
 rational function data read from [.\ch_model.srf]  
  **warning** Fitted S-parameter file is unchanged because of re-using SRF file. Remove SRF file and rerun to obtain new fitted s-parameters output.
  
 **info** dc convergence successful at Newton-Raphson method 
1****** PrimeSim HSPICE -- T-2022.06 win64 (May 20 2022 7637141) ******
 ******  
 * hspice native s-parameter audit: audit_amp1p5_edge5_r50

 ****** operating point information tnom=  25.000 temp=  27.000 ******
 ****** operating point status is voltage   simulation time is     0.     
    node    =voltage      node    =voltage      node    =voltage

 +0:p1      =   0.      0:p2      =   0.      0:p3      =   0.     
 +0:p4      =   0.      0:src     =   0.     


          ***** job concluded
 ******  
 * hspice native s-parameter audit: audit_amp1p5_edge5_r50

 ****** job statistics summary tnom=  25.000 temp=  27.000 ******

  ******  PrimeSim HSPICE Threads Information  ******

  Command Line Threads Count :     1
  Available CPU Count        :    12
  Actual Threads Count       :     1


  ******  Circuit Statistics  ******
  # nodes       =     242 # elements   =       6
  # resistors   =       4 # capacitors =       0 # inductors   =       0
  # mutual_inds =       0 # vccs       =       0 # vcvs        =       0
  # cccs        =       0 # ccvs       =       0 # volt_srcs   =       1
  # curr_srcs   =       0 # diodes     =       0 # bjts        =       0
  # jfets       =       0 # mosfets    =       0 # U elements  =       0
  # T elements  =       0 # W elements =       0 # B elements  =       0
  # S elements  =       1 # P elements =       0 # va device   =       0
  # vector_srcs =       0 # N elements =       0


  ******  Runtime Statistics (seconds)  ******

  analysis           time    # points   tot. iter  conv.iter
  op point           0.01           1           3
  transient          0.08        1201        2516        1258 rev=        10
  readin             0.01
  errchk             1.66
  setup              0.00
  output             0.00


           peak memory used         82.30 megabytes
           total cpu time            2.42 seconds
           total elapsed time        2.54 seconds
           job started at     20:44:23 06/16/2026
           job ended   at     20:44:25 06/16/2026
           job total runtime         2.54 seconds


  lic: Release hspice token(s) 
 lic: total license checkout elapse time:        0.10(s)
