 ****** PrimeSim HSPICE -- T-2022.06 win64 (May 20 2022 7637141) ******
  Copyright (c) 1986 - 2026 by Synopsys, Inc. All Rights Reserved.
  This software and the associated documentation are proprietary
  to Synopsys, Inc. This software may only be used in accordance
  with the terms and conditions of a written license agreement with
  Synopsys, Inc. All other use, reproduction, or distribution of
  this software is strictly prohibited.
  Input File: audit_amp1p5_edge5_r50_hspice.sp                                  
  Command line options: C:\synopsys\Hspice_T-2022.06\WIN64\hspice.com -i audit_amp1p5_edge5_r50_hspice.sp -o audit_amp1p5_edge5_r50_hspice
  Start time: Thu Jun 11 17:30:19 2026
  lic:  
  lic: FLEXlm: SDK_12.10 
  lic: USER:   sh3qm                HOSTNAME: rd78ece-emclab 
  lic: HOSTID: 00ff89f5aa52         PID:      17512 
  lic: Using FLEXlm license file: 
  lic: 1704@synopsys.lic.mst.edu 
  lic: Checkout 1 hspice 
  lic: License/Maintenance for hspice will expire on 26-may-2027/2026.03 
  lic: 1(in_use)/50(total) FLOATING license(s) on SERVER 1704@synopsys.lic.mst.e
 du 
  lic:   
  **warning** (audit_amp1p5_edge5_r50_hspice.sp:2) runlvl smaller than 5, reset to 5 when accurate turned on

 **warning**  runlvl smaller than 5, reset to 5 when accurate turned on
  **info** (audit_amp1p5_edge5_r50_hspice.sp:4) DC voltage reset to initial transient source value in source 0:vin. new dc=0.0000D+00
 

Touchstone File [channel.s4p] 4 port s-params: 3201 pts 1e+07Hz - 5e+10Hz
   No noise parameter read. 

 S-Parameters file is passive.
 HYBRID interpolation data preparation: S[1][1]
 HYBRID interpolation data preparation: S[1][2]
 HYBRID interpolation data preparation: S[1][3]
 HYBRID interpolation data preparation: S[1][4]
 HYBRID interpolation data preparation: S[2][1]
 HYBRID interpolation data preparation: S[2][2]
 HYBRID interpolation data preparation: S[2][3]
 HYBRID interpolation data preparation: S[2][4]
 HYBRID interpolation data preparation: S[3][1]
 HYBRID interpolation data preparation: S[3][2]
 HYBRID interpolation data preparation: S[3][3]
 HYBRID interpolation data preparation: S[3][4]
 HYBRID interpolation data preparation: S[4][1]
 HYBRID interpolation data preparation: S[4][2]
 HYBRID interpolation data preparation: S[4][3]
 HYBRID interpolation data preparation: S[4][4]
 s-model [ch_model] delay estimation at S[2][1]: 2.31934e-09 sec
 

Touchstone File [channel.s4p] 4 port s-params: 3201 pts 1e+07Hz - 5e+10Hz
   No noise parameter read. 

 S-Parameters file is passive.
 HYBRID interpolation data preparation: S[1][1]
 HYBRID interpolation data preparation: S[1][2]
 HYBRID interpolation data preparation: S[1][3]
 HYBRID interpolation data preparation: S[1][4]
 HYBRID interpolation data preparation: S[2][1]
 HYBRID interpolation data preparation: S[2][2]
 HYBRID interpolation data preparation: S[2][3]
 HYBRID interpolation data preparation: S[2][4]
 HYBRID interpolation data preparation: S[3][1]
 HYBRID interpolation data preparation: S[3][2]
 HYBRID interpolation data preparation: S[3][3]
 HYBRID interpolation data preparation: S[3][4]
 HYBRID interpolation data preparation: S[4][1]
 HYBRID interpolation data preparation: S[4][2]
 HYBRID interpolation data preparation: S[4][3]
 HYBRID interpolation data preparation: S[4][4]
  
      
 s-model [ch_model] delay estimation at S[2][1]: 9.21631e-10 sec
 s-model [ch_model] DELAYHANDLE activated 
 s-model [ch_model] automatic decoupling capacitor detection activated 
 Sampling parameter from: channel.s4p
 Time for parameter sampling for rational function generation: 0.027 wall sec w/ 1 threads
 s-model [ch_model] extracting prop. delay in s-parameters
 ...delay extraction done
 generating rational functions for [ch_model] (solver: 2) ... 
 generating rational functions for [ch_model] ... 7(thread:1) % done
 generating rational functions for [ch_model] ... 15(thread:1) % done
 generating rational functions for [ch_model] ... 23(thread:1) % done
 generating rational functions for [ch_model] ... 30(thread:1) % done
 generating rational functions for [ch_model] ... 38(thread:1) % done
 generating rational functions for [ch_model] ... 46(thread:1) % done
 generating rational functions for [ch_model] ... 53(thread:1) % done
 generating rational functions for [ch_model] ... 61(thread:1) % done
 generating rational functions for [ch_model] ... 69(thread:1) % done
 generating rational functions for [ch_model] ... 76(thread:1) % done
 generating rational functions for [ch_model] ... 84(thread:1) % done
 generating rational functions for [ch_model] ... 92(thread:1) % done
 generating rational functions for [ch_model] ... 100(thread:1) % done
 Time for rational function generation: 54.642 wall sec w/ 1 othreads
 Rational function data have been written into [.\ch_model.yrf]  
  
 *****************************************************************
 ******  option summary
 ******
 runlvl  = 5         bypass  = 2.0000    
 

Touchstone File [channel.s4p] 4 port s-params: 3201 pts 1e+07Hz - 5e+10Hz
   No noise parameter read. 

 S-Parameters file is passive.
 HYBRID interpolation data preparation: S[1][1]
 HYBRID interpolation data preparation: S[1][2]
 HYBRID interpolation data preparation: S[1][3]
 HYBRID interpolation data preparation: S[1][4]
 HYBRID interpolation data preparation: S[2][1]
 HYBRID interpolation data preparation: S[2][2]
 HYBRID interpolation data preparation: S[2][3]
 HYBRID interpolation data preparation: S[2][4]
 HYBRID interpolation data preparation: S[3][1]
 HYBRID interpolation data preparation: S[3][2]
 HYBRID interpolation data preparation: S[3][3]
 HYBRID interpolation data preparation: S[3][4]
 HYBRID interpolation data preparation: S[4][1]
 HYBRID interpolation data preparation: S[4][2]
 HYBRID interpolation data preparation: S[4][3]
 HYBRID interpolation data preparation: S[4][4]
 s-model [ch_model] delay estimation at S[2][1]: 2.31934e-09 sec
 

Touchstone File [channel.s4p] 4 port s-params: 3201 pts 1e+07Hz - 5e+10Hz
   No noise parameter read. 

 S-Parameters file is passive.
 HYBRID interpolation data preparation: S[1][1]
 HYBRID interpolation data preparation: S[1][2]
 HYBRID interpolation data preparation: S[1][3]
 HYBRID interpolation data preparation: S[1][4]
 HYBRID interpolation data preparation: S[2][1]
 HYBRID interpolation data preparation: S[2][2]
 HYBRID interpolation data preparation: S[2][3]
 HYBRID interpolation data preparation: S[2][4]
 HYBRID interpolation data preparation: S[3][1]
 HYBRID interpolation data preparation: S[3][2]
 HYBRID interpolation data preparation: S[3][3]
 HYBRID interpolation data preparation: S[3][4]
 HYBRID interpolation data preparation: S[4][1]
 HYBRID interpolation data preparation: S[4][2]
 HYBRID interpolation data preparation: S[4][3]
 HYBRID interpolation data preparation: S[4][4]
 reading rational function data from [.\ch_model.yrf]
  
 rational function data read from [.\ch_model.yrf]  
  **warning** Fitted S-parameter file is unchanged because of re-using SRF file. Remove SRF file and rerun to obtain new fitted s-parameters output.
  
 **info** dc convergence successful at Newton-Raphson method 
1****** PrimeSim HSPICE -- T-2022.06 win64 (May 20 2022 7637141) ******
 ******  
 * hspice native s-parameter audit: audit_amp1p5_edge5_r50

 ****** operating point information tnom=  25.000 temp=  27.000 ******
 ****** operating point status is voltage   simulation time is     0.     
    node    =voltage      node    =voltage      node    =voltage

 +0:p1      =   0.      0:p2      =   0.      0:p3      =   0.     
 +0:p4      =   0.      0:src     =   0.     


          ***** job concluded
 ******  
 * hspice native s-parameter audit: audit_amp1p5_edge5_r50

 ****** job statistics summary tnom=  25.000 temp=  27.000 ******

  ******  PrimeSim HSPICE Threads Information  ******

  Command Line Threads Count :     1
  Available CPU Count        :    12
  Actual Threads Count       :     1


  ******  Circuit Statistics  ******
  # nodes       =      10 # elements   =       6
  # resistors   =       4 # capacitors =       0 # inductors   =       0
  # mutual_inds =       0 # vccs       =       0 # vcvs        =       0
  # cccs        =       0 # ccvs       =       0 # volt_srcs   =       1
  # curr_srcs   =       0 # diodes     =       0 # bjts        =       0
  # jfets       =       0 # mosfets    =       0 # U elements  =       0
  # T elements  =       0 # W elements =       0 # B elements  =       0
  # S elements  =       1 # P elements =       0 # va device   =       0
  # vector_srcs =       0 # N elements =       0


  ******  Runtime Statistics (seconds)  ******

  analysis           time    # points   tot. iter  conv.iter
  op point           0.05           1           3
  transient          0.20        3501        1152         576 rev=        75
  readin             0.01
  errchk            63.82
  setup              0.11
  output             0.01


           peak memory used         99.96 megabytes
           total cpu time           72.66 seconds
           total elapsed time       72.77 seconds
           job started at     17:30:19 06/11/2026
           job ended   at     17:31:32 06/11/2026
           job total runtime        72.77 seconds


  lic: Release hspice token(s) 
 lic: total license checkout elapse time:        0.10(s)
